ARM Linker, 5.03 [Build 24] [MDK-ARM Professional]

==============================================================================

Section Cross References

    startup_aducm360.o(RESET) refers to startup_aducm360.o(STACK) for __initial_sp
    startup_aducm360.o(RESET) refers to startup_aducm360.o(.text) for Reset_Handler
    startup_aducm360.o(RESET) refers to cpu_interrupt.o(.text) for PendSV_Handler
    startup_aducm360.o(RESET) refers to cpu_tick.o(.text) for SysTick_Handler
    startup_aducm360.o(RESET) refers to drv_ad.o(.text) for ADC0_Int_Handler
    startup_aducm360.o(RESET) refers to cpu_uart.o(.text) for UART_Int_Handler
    startup_aducm360.o(RESET) refers to cpu_iic.o(.text) for I2C0_Master_Int_Handler
    startup_aducm360.o(RESET) refers to drv_pwm.o(.text) for PWM0_Int_Handler
    startup_aducm360.o(.text) refers to entry.o(.ARM.Collect$$$$00000000) for __main
    service.o(.text) refers to cpu_interrupt.o(.text) for cpu_interruptDisable()
    service.o(.text) refers to memmove.o(.text) for __aeabi_memcpy
    service.o(.text) refers to cpu_tick.o(.text) for cpu_tick_get()
    service.o(.text) refers to hal.o(.text) for API_DeviceFind(const char*)
    service.o(.text) refers to aeabi_atexit.o(i.__aeabi_atexit) for __aeabi_atexit
    service.o(.text) refers to service.o(.bss) for t_timer_manage
    service.o(.text) refers to service.o(i._ZN12timer_manageD1Ev) for timer_manage::~timer_manage()
    service.o(.ARM.exidx) refers to service.o(.text) for .text
    service.o(.init_array) refers to service.o(.text) for __sti___11_service_cpp
    service.o(.init_array) refers to cpp_init.o(.text) for __cpp_initialize__aeabi_
    channel.o(.text) refers to service.o(.text) for list_init
    channel.o(.text) refers to event_loop.o(.text) for eventloop::removeChannel(channel*)
    channel.o(.ARM.exidx) refers to channel.o(.text) for .text
    event_loop.o(.text) refers to cxa_guard_acquire.o(i.__cxa_guard_acquire) for __cxa_guard_acquire
    event_loop.o(.text) refers to event.o(.text) for device_event::device_event(const char*, unsigned short)
    event_loop.o(.text) refers to aeabi_atexit.o(i.__aeabi_atexit) for __aeabi_atexit
    event_loop.o(.text) refers to channel.o(.text) for channel::channel(eventloop*, device*)
    event_loop.o(.text) refers to devices.o(.text) for device::open()
    event_loop.o(.text) refers to poller.o(.text) for poller::newDefaultPoller(eventloop*)
    event_loop.o(.text) refers to timer_queue.o(.text) for timer_queue::new_timerqueue(eventloop*)
    event_loop.o(.text) refers to service.o(.text) for list_init
    event_loop.o(.text) refers to event_loop.o(.data) for _ZGVt_device_event
    event_loop.o(.text) refers to event_loop.o(.bss) for t_device_event
    event_loop.o(.ARM.exidx) refers to event_loop.o(.text) for .text
    poller.o(.text) refers to service.o(.text) for list_init
    poller.o(.text) refers to timestamp.o(.text) for Timestamp::now()
    poller.o(.text) refers to devices.o(.text) for device::poll()
    poller.o(.text) refers to poller.o(i._ZN7channel11set_reventsEi) for channel::set_revents(int)
    poller.o(.text) refers to poller.o(i._ZN7channel13list_node_getEv) for channel::list_node_get()
    poller.o(.text) refers to aeabi_atexit.o(i.__aeabi_atexit) for __aeabi_atexit
    poller.o(.text) refers to poller.o(.bss) for t_poller
    poller.o(.ARM.exidx) refers to poller.o(.text) for .text
    poller.o(.init_array) refers to poller.o(.text) for __sti___10_poller_cpp
    poller.o(.init_array) refers to cpp_init.o(.text) for __cpp_initialize__aeabi_
    timer_queue.o(.text) refers to cxa_guard_acquire.o(i.__cxa_guard_acquire) for __cxa_guard_acquire
    timer_queue.o(.text) refers to timer.o(.text) for device_timer::device_timer(const char*, unsigned short)
    timer_queue.o(.text) refers to aeabi_atexit.o(i.__aeabi_atexit) for __aeabi_atexit
    timer_queue.o(.text) refers to channel.o(.text) for channel::channel(eventloop*, device*)
    timer_queue.o(.text) refers to devices.o(.text) for device::open()
    timer_queue.o(.text) refers to service.o(.text) for timer_manage::soft_timer_register(unsigned, unsigned char, void(*)(void*), void*, const char*)
    timer_queue.o(.text) refers to timer_queue.o(.data) for _ZGVt_device_timer
    timer_queue.o(.text) refers to timer_queue.o(.bss) for t_device_timer
    timer_queue.o(.text) refers to service.o(.bss) for t_timer_manage
    timer_queue.o(.ARM.exidx) refers to timer_queue.o(.text) for .text
    timer_queue.o(.init_array) refers to timer_queue.o(.text) for __sti___15_timer_queue_cpp
    timer_queue.o(.init_array) refers to cpp_init.o(.text) for __cpp_initialize__aeabi_
    main.o(.text) refers to event_loop.o(.text) for eventloop::eventloop()
    main.o(.text) refers to channel.o(.text) for channel::channel(eventloop*, device*)
    main.o(.text) refers to main.o(i._ZN10CModelInfo12hold_reg_setE14hold_reg_indext) for CModelInfo::hold_reg_set(hold_reg_index, unsigned short)
[...]
    DioTgl                                   0x00003ebd   Thumb Code    12  diolib.o(.text)
    Dma_GetDescriptor                        0x00003ec9   Thumb Code    32  dmalib.o(.text)
    DmaBase                                  0x00003ee9   Thumb Code    32  dmalib.o(.text)
    DmaSet                                   0x00003f09   Thumb Code    18  dmalib.o(.text)
    DmaClr                                   0x00003f1b   Thumb Code    18  dmalib.o(.text)
    DmaSta                                   0x00003f2d   Thumb Code     6  dmalib.o(.text)
    DmaErr                                   0x00003f33   Thumb Code    16  dmalib.o(.text)
    DmaPeripheralStructSetup                 0x00003f43   Thumb Code   148  dmalib.o(.text)
    DmaStructPtrOutSetup                     0x00003fd7   Thumb Code   478  dmalib.o(.text)
    DmaStructPtrInSetup                      0x000041b5   Thumb Code   316  dmalib.o(.text)
    DmaCycleCntCtrl                          0x000042f1   Thumb Code    52  dmalib.o(.text)
    AdcDmaReadSetup                          0x00004325   Thumb Code   320  dmalib.o(.text)
    AdcDmaWriteSetup                         0x00004465   Thumb Code   246  dmalib.o(.text)
    DacDmaWriteSetup                         0x0000455b   Thumb Code   186  dmalib.o(.text)
    I2cMCfg                                  0x00004629   Thumb Code    20  i2clib.o(.text)
    I2cStretch                               0x0000463d   Thumb Code    74  i2clib.o(.text)
    I2cFifoFlush                             0x00004687   Thumb Code    90  i2clib.o(.text)
    I2cSCfg                                  0x000046e1   Thumb Code    20  i2clib.o(.text)
    I2cRx                                    0x000046f5   Thumb Code    20  i2clib.o(.text)
    I2cTx                                    0x00004709   Thumb Code    26  i2clib.o(.text)
    I2cBaud                                  0x00004723   Thumb Code    18  i2clib.o(.text)
    I2cMWrCfg                                0x00004735   Thumb Code    42  i2clib.o(.text)
    I2cMRdCfg                                0x0000475f   Thumb Code    62  i2clib.o(.text)
    I2cSta                                   0x0000479d   Thumb Code    18  i2clib.o(.text)
    I2cMRdCnt                                0x000047af   Thumb Code     6  i2clib.o(.text)
    I2cSGCallCfg                             0x000047b5   Thumb Code    10  i2clib.o(.text)
    I2cSIDCfg                                0x000047bf   Thumb Code    28  i2clib.o(.text)
    IexcCfg                                  0x000047ed   Thumb Code    28  iexclib.o(.text)
    IexcDat                                  0x00004809   Thumb Code    24  iexclib.o(.text)
    PwmInit                                  0x00004825   Thumb Code    22  pwmlib.o(.text)
    PwmTime                                  0x0000483b   Thumb Code   122  pwmlib.o(.text)
    PwmClrInt                                0x000048b5   Thumb Code    16  pwmlib.o(.text)
    PwmLoad                                  0x000048c5   Thumb Code    24  pwmlib.o(.text)
    PwmGo                                    0x000048dd   Thumb Code    38  pwmlib.o(.text)
    PwmInvert                                0x00004903   Thumb Code    30  pwmlib.o(.text)
    PwmHBCfg                                 0x00004921   Thumb Code    40  pwmlib.o(.text)
    UrtCfg                                   0x00004951   Thumb Code   152  urtlib.o(.text)
    UrtBrk                                   0x000049e9   Thumb Code    26  urtlib.o(.text)
    UrtLinSta                                0x00004a03   Thumb Code     6  urtlib.o(.text)
    UrtTx                                    0x00004a09   Thumb Code    20  urtlib.o(.text)
    UrtRx                                    0x00004a1d   Thumb Code     6  urtlib.o(.text)
    UrtMod                                   0x00004a23   Thumb Code    10  urtlib.o(.text)
    UrtModSta                                0x00004a2d   Thumb Code     6  urtlib.o(.text)
    UrtDma                                   0x00004a33   Thumb Code    16  urtlib.o(.text)
    UrtIntCfg                                0x00004a43   Thumb Code     8  urtlib.o(.text)
    UrtIntSta                                0x00004a4b   Thumb Code     6  urtlib.o(.text)
    WdtCfg                                   0x00004a5d   Thumb Code    32  wdtlib.o(.text)
    WdtGo                                    0x00004a7d   Thumb Code    24  wdtlib.o(.text)
    WdtLd                                    0x00004a95   Thumb Code    12  wdtlib.o(.text)
    WdtVal                                   0x00004aa1   Thumb Code     8  wdtlib.o(.text)
    WdtSta                                   0x00004aa9   Thumb Code     8  wdtlib.o(.text)
    WdtClrInt                                0x00004ab1   Thumb Code    24  wdtlib.o(.text)
    __aeabi_uldivmod                         0x00004ad5   Thumb Code    98  uldiv.o(.text)
    __aeabi_ldivmod                          0x00004b37   Thumb Code    90  ldiv.o(.text)
    ___aeabi_memcpy$base                     0x00004b91   Thumb Code    36  memcpya.o(.text)
    ___aeabi_memcpy4$base                    0x00004b91   Thumb Code     0  memcpya.o(.text)
    __aeabi_memcpy8                          0x00004b91   Thumb Code     0  memcpya.o(.text)
    __aeabi_memset                           0x00004bb5   Thumb Code    14  memseta.o(.text)
    __aeabi_memset4                          0x00004bb5   Thumb Code     0  memseta.o(.text)
    __aeabi_memset8                          0x00004bb5   Thumb Code     0  memseta.o(.text)
    __aeabi_memclr                           0x00004bc3   Thumb Code     4  memseta.o(.text)
    __aeabi_memclr4                          0x00004bc3   Thumb Code     0  memseta.o(.text)
    __aeabi_memclr8                          0x00004bc3   Thumb Code     0  memseta.o(.text)
    _memset$wrapper                          0x00004bc7   Thumb Code    18  memseta.o(.text)
    strlen                                   0x00004bd9   Thumb Code    14  strlen.o(.text)
    strncmp                                  0x00004be7   Thumb Code    30  strncmp.o(.text)
    strrchr                                  0x00004c05   Thumb Code    32  strrchr.o(.text)
    __cpp_initialize__aeabi_                 0x00004c25   Thumb Code    22  cpp_init.o(.text)
    __aeabi_vec_delete                       0x00004c45   Thumb Code    14  aeabi_vec_delete_noexceptions.o(.text)
    __aeabi_uidiv                            0x00004c53   Thumb Code     0  uidiv.o(.text)
    __aeabi_uidivmod                         0x00004c53   Thumb Code    44  uidiv.o(.text)
    __aeabi_llsl                             0x00004c7f   Thumb Code    30  llshl.o(.text)
    _ll_shift_l                              0x00004c7f   Thumb Code     0  llshl.o(.text)
    __aeabi_llsr                             0x00004c9d   Thumb Code    32  llushr.o(.text)
    _ll_ushift_r                             0x00004c9d   Thumb Code     0  llushr.o(.text)
    strcat                                   0x00004cbd   Thumb Code    24  strcat.o(.text)
    strcpy                                   0x00004cd5   Thumb Code    18  strcpy.o(.text)
    sscanf                                   0x00004ce9   Thumb Code    48  sscanf.o(.text)
    __I$use$fp                               0x00004d21   Thumb Code     0  iusefp.o(.text)
    __rt_ddtor_pointer_addr                  0x00004d21   Thumb Code     4  cpp_dtor.o(.text)
    __rt_lib_shutdown_cpp_1                  0x00004d29   Thumb Code     2  cpp_final.o(.text)
    __rt_SIGPVFN                             0x00004d2b   Thumb Code     2  cpp_signal.o(.text)
    __aeabi_unwind_cpp_pr0                   0x00004d2d   Thumb Code     4  cpp_unwinder.o(.text)
    __aeabi_unwind_cpp_pr1                   0x00004d31   Thumb Code     4  cpp_unwinder.o(.text)
    _Unwind_DeleteException                  0x00004d35   Thumb Code     2  cpp_unwinder.o(.text)
    _Unwind_Activity                         0x00004d37   Thumb Code     2  cpp_unwinder.o(.text)
    _Unwind_RaiseException                   0x00004d39   Thumb Code     4  cpp_unwinder.o(.text)
    __rt_eh_globals_addr                     0x00004d3d   Thumb Code    10  cpp_unwinder.o(.text)
    __aeabi_dadd                             0x00004d4d   Thumb Code   322  dadd.o(.text)
    __aeabi_dsub                             0x00004e8f   Thumb Code     6  dadd.o(.text)
    __aeabi_drsub                            0x00004e95   Thumb Code     6  dadd.o(.text)
    __aeabi_dmul                             0x00004e9b   Thumb Code   228  dmul.o(.text)
    __aeabi_ddiv                             0x00004f7f   Thumb Code   222  ddiv.o(.text)
    __aeabi_d2ulz                            0x0000505d   Thumb Code    48  dfixul.o(.text)
    __aeabi_cdrcmple                         0x0000508d   Thumb Code    38  cdrcmple.o(.text)
    __cxa_get_globals                        0x000050bb   Thumb Code    62  arm_exceptions_globs.o(.text)
    std::terminate()                         0x00005105   Thumb Code    26  arm_exceptions_terminate.o(.text)
    __default_new_handler()                  0x0000511f   Thumb Code     4  arm_newhandler_noexceptions.o(.text)
    __scatterload                            0x00005125   Thumb Code    28  init.o(.text)
    __scatterload_rt2                        0x00005125   Thumb Code     0  init.o(.text)
    __aeabi_lasr                             0x00005149   Thumb Code    36  llsshr.o(.text)
    __semihosting_library_function           0x00005149   Thumb Code     0  semi.o(.text)
    _ll_sshift_r                             0x00005149   Thumb Code     0  llsshr.o(.text)
    __rt_ctype_table                         0x0000516d   Thumb Code     4  ctype_o.o(.text)
    isspace                                  0x00005175   Thumb Code    18  isspace_o.o(.text)
    ____aeabi_memcpy8$ret$move               0x00005187   Thumb Code     0  memmove.o(.text)
    ___aeabi_memmove4$ret                    0x00005187   Thumb Code     0  memmove.o(.text)
    ___aeabi_memmove8$ret                    0x00005187   Thumb Code     0  memmove.o(.text)
    __aeabi_memcpy                           0x00005187   Thumb Code    66  memmove.o(.text)
    __aeabi_memcpy4                          0x00005187   Thumb Code     0  memmove.o(.text)
    __aeabi_memmove                          0x00005187   Thumb Code     0  memmove.o(.text)
    memcpy                                   0x00005187   Thumb Code     0  memmove.o(.text)
    memmove                                  0x00005187   Thumb Code     0  memmove.o(.text)
    strcmp                                   0x000051c9   Thumb Code    28  strcmp.o(.text)
    _scanf_longlong                          0x000051e5   Thumb Code   342  _scanf_longlong.o(.text)
    _scanf_int                               0x0000533b   Thumb Code   336  _scanf_int.o(.text)
    _scanf_string                            0x0000548b   Thumb Code   218  _scanf_str.o(.text)
    _scanf_real                              0x00005665   Thumb Code     0  scanf_fp.o(.text)
    _scanf_really_real                       0x00005665   Thumb Code   560  scanf_fp.o(.text)
    __vfscanf_char                           0x000058ad   Thumb Code    20  scanf_char.o(.text)
    _sgetc                                   0x000058c9   Thumb Code    30  _sgetc.o(.text)
    _sbackspace                              0x000058e7   Thumb Code    34  _sgetc.o(.text)
    __I$use$semihosting$fputc                0x00005909   Thumb Code     0  iusesemip.o(.text)
    __rt_new_handler_addr                    0x00005909   Thumb Code     4  cpp_memory.o(.text)
    _double_round                            0x00005911   Thumb Code    26  depilogue.o(.text)
    _double_epilogue                         0x0000592b   Thumb Code   164  depilogue.o(.text)
    __aeabi_vec_dtor                         0x000059cf   Thumb Code    34  aeabi_vec_dtor_noexceptions.o(.text)
    __ARM_exceptions_buffer_init             0x000059f1   Thumb Code    18  arm_exceptions_mem.o(.text)
    __ARM_exceptions_buffer_allocate         0x00005a03   Thumb Code    22  arm_exceptions_mem.o(.text)
    __ARM_exceptions_buffer_free             0x00005a19   Thumb Code    20  arm_exceptions_mem.o(.text)
    __cxa_rethrow                            0x00005a2d   Thumb Code     2  arm_rethrow_noexceptions.o(.text)
    _chval                                   0x00005a2f   Thumb Code    28  _chval.o(.text)
    __vfscanf                                0x00005a4d   Thumb Code   806  _scanf.o(.text)
    __aeabi_ul2d                             0x00005d79   Thumb Code    24  dfltul.o(.text)
    __aeabi_d2f                              0x00005d91   Thumb Code    56  d2f.o(.text)
    _float_round                             0x00005dc9   Thumb Code    18  fepilogue.o(.text)
    _float_epilogue                          0x00005ddb   Thumb Code    90  fepilogue.o(.text)
    __ARM_vec_cleanup                        0x00005e35   Thumb Code    28  ARM_vec_cleanup_noexceptions.o(.text)
    __decompress                             0x00005e51   Thumb Code     0  __dczerorl.o(.text)
    __decompress0                            0x00005e51   Thumb Code    58  __dczerorl.o(.text)
    catgets(__rw::__rw_cat*, int, int, const char*) 0x00005ea1   Thumb Code    28  rwcats.o(i._Z7catgetsPN4__rw8__rw_catEiiPKc)
    catopen(const char*, int)                0x00005ec1   Thumb Code    34  rwcats.o(i._Z7catopenPKci)
    CModelInfo::hold_reg_set(hold_reg_index, unsigned short) 0x00005ee3   Thumb Code    10  main.o(i._ZN10CModelInfo12hold_reg_setE14hold_reg_indext)
    CModelInfo::storage_info_query(reg_type, storage_info*) 0x00005eed   Thumb Code    88  main.o(i._ZN10CModelInfo18storage_info_queryE8reg_typeP12storage_info)
    application::~application()              0x00005f45   Thumb Code    12  main.o(i._ZN11applicationD1Ev)
    application::~application__sub_object()  0x00005f45   Thumb Code     0  main.o(i._ZN11applicationD1Ev)
    transceiver::is_done()                   0x00005f51   Thumb Code     6  cpu_uart.o(i._ZN11transceiver7is_doneEv)
    transceiver::~transceiver()              0x00005f57   Thumb Code     8  cpu_uart.o(i._ZN11transceiverD1Ev)
    transceiver::~transceiver__sub_object()  0x00005f57   Thumb Code     0  cpu_uart.o(i._ZN11transceiverD1Ev)
    timer_manage::~timer_manage()            0x00005f5f   Thumb Code     8  service.o(i._ZN12timer_manageD1Ev)
    timer_manage::~timer_manage__sub_object() 0x00005f5f   Thumb Code     0  service.o(i._ZN12timer_manageD1Ev)
    modbus_rtu_info::len_set(int)            0x00005f67   Thumb Code     4  modbus.o(i._ZN15modbus_rtu_info7len_setEi)
    modbus_rtu_info::reg_set(int)            0x00005f6b   Thumb Code     4  modbus.o(i._ZN15modbus_rtu_info7reg_setEi)
    transceiver_uart0::byte_timer_timeout(void*) 0x00005f6f   Thumb Code    14  cpu_uart.o(i._ZN17transceiver_uart018byte_timer_timeoutEPv)
    transceiver_uart0::init()                0x00005f7d   Thumb Code   140  cpu_uart.o(i._ZN17transceiver_uart04initEv)
    transceiver_uart0::push(signed char)     0x00006025   Thumb Code   128  cpu_uart.o(i._ZN17transceiver_uart04pushEa)
    transceiver_uart0::is_done()             0x000060a9   Thumb Code     6  cpu_uart.o(i._ZN17transceiver_uart07is_doneEv)
    transceiver_uart0::transmit(signed char*, unsigned short) 0x000060b1   Thumb Code    68  cpu_uart.o(i._ZN17transceiver_uart08transmitEPat)
    transceiver_uart0::~transceiver_uart0()  0x000060fd   Thumb Code    16  cpu_uart.o(i._ZN17transceiver_uart0D1Ev)
    transceiver_uart0::~transceiver_uart0__sub_object() 0x000060fd   Thumb Code     0  cpu_uart.o(i._ZN17transceiver_uart0D1Ev)
    T::T(const char*, unsigned)              0x0000610d   Thumb Code     6  log.o(i._ZN1TC1EPKcj)
    T::T__sub_object(const char*, unsigned)  0x0000610d   Thumb Code     0  log.o(i._ZN1TC1EPKcj)
    adc::int_enable(unsigned)                0x00006113   Thumb Code    36  drv_ad.o(i._ZN3adc10int_enableEj)
    adc::typedef_get(unsigned)               0x00006139   Thumb Code    14  drv_ad.o(i._ZN3adc11typedef_getEj)
    adc::go(unsigned, unsigned)              0x0000614d   Thumb Code    30  drv_ad.o(i._ZN3adc2goEjj)
    adc::cpy(unsigned)                       0x0000616b   Thumb Code    60  drv_ad.o(i._ZN3adc3cpyEj)
    adc::init(unsigned)                      0x000061a9   Thumb Code    26  drv_ad.o(i._ZN3adc4initEj)
    adc::~adc()                              0x000061c9   Thumb Code     8  drv_ad.o(i._ZN3adcD1Ev)
    adc::~adc__sub_object()                  0x000061c9   Thumb Code     0  drv_ad.o(i._ZN3adcD1Ev)
    __rw::__rw_throw(int, ...)               0x000061d1   Thumb Code    86  rwstdexcept.o(i._ZN4__rw10__rw_throwEiz)
    __rw::__rw_allocate(unsigned, int)       0x0000622d   Thumb Code    32  rwalloc.o(i._ZN4__rw13__rw_allocateEji)
    __rw::__rw_deallocate(void*, unsigned, int) 0x00006415   Thumb Code     4  rwalloc.o(i._ZN4__rw15__rw_deallocateEPvji)
    __rw::__rw_facet_base::_C_initfacet(const std::locale&) 0x00006419   Thumb Code     2  char.o(i._ZN4__rw15__rw_facet_base12_C_initfacetERKSt6locale)
    __rw::__rw_locale_imp::__rw_locale_imp(const char*, unsigned, unsigned) 0x0000641d   Thumb Code   218  locale.o(i._ZN4__rw15__rw_locale_impC1EPKcjj)
    __rw::__rw_locale_imp::__rw_locale_imp__sub_object(const char*, unsigned, unsigned) 0x0000641d   Thumb Code     0  locale.o(i._ZN4__rw15__rw_locale_impC1EPKcjj)
    __rw::__rw_locale_imp::~__rw_locale_imp() 0x00006501   Thumb Code    28  locale.o(i._ZN4__rw15__rw_locale_impD1Ev)
    __rw::__rw_locale_imp::~__rw_locale_imp__sub_object() 0x00006501   Thumb Code     0  locale.o(i._ZN4__rw15__rw_locale_impD1Ev)
    __rw::__rw_use_c_lib_locale::__rw_use_c_lib_locale(const char*, int) 0x0000651d   Thumb Code    58  locale.o(i._ZN4__rw21__rw_use_c_lib_localeC1EPKci)
    __rw::__rw_use_c_lib_locale::__rw_use_c_lib_locale__sub_object(const char*, int) 0x0000651d   Thumb Code     0  locale.o(i._ZN4__rw21__rw_use_c_lib_localeC1EPKci)
    __rw::__rw_use_c_lib_locale::~__rw_use_c_lib_locale() 0x00006557   Thumb Code    24  char.o(i._ZN4__rw21__rw_use_c_lib_localeD1Ev)
    __rw::__rw_use_c_lib_locale::~__rw_use_c_lib_locale__sub_object() 0x00006557   Thumb Code     0  char.o(i._ZN4__rw21__rw_use_c_lib_localeD1Ev)
    __rw::__rw_throw_exception_noex(int, char*) 0x00006571   Thumb Code    58  rwthrowproc_impl_noex.o(i._ZN4__rw25__rw_throw_exception_noexEiPc)
    __rw::__catfind(__rw::__rw_cat*)         0x00006609   Thumb Code    42  rwcats.o(i._ZN4__rw9__catfindEPNS_8__rw_catE)
    Logger::SourceFile::SourceFile(const char*) 0x00006639   Thumb Code    36  main.o(i._ZN6Logger10SourceFileC1EPKc)
    Logger::SourceFile::SourceFile__sub_object(const char*) 0x00006639   Thumb Code     0  main.o(i._ZN6Logger10SourceFileC1EPKc)
    channel::set_revents(int)                0x0000665d   Thumb Code     4  poller.o(i._ZN7channel11set_reventsEi)
    channel::list_node_get()                 0x00006661   Thumb Code     8  poller.o(i._ZN7channel13list_node_getEv)
    protocol::info(const unsigned char*, unsigned short, protocol_info*) 0x00006669   Thumb Code     8  modbus.o(i._ZN8protocol4infoEPKhtP13protocol_info)
    protocol::pack(unsigned char*, unsigned char*, unsigned short) 0x00006671   Thumb Code     8  modbus.o(i._ZN8protocol4packEPhS0_t)
    protocol::unpack(unsigned char*, unsigned short) 0x00006679   Thumb Code     6  modbus.o(i._ZN8protocol6unpackEPht)
    LogStream::append(const char*, int)      0x0000667f   Thumb Code    20  log.o(i._ZN9LogStream6appendEPKci)
    LogStream::operator <<(const char*)      0x00006693   Thumb Code    28  log.o(i._ZN9LogStreamlsEPKc)
    LogStream::operator <<(char)             0x000066af   Thumb Code    18  log.o(i._ZN9LogStreamlsEc)
    std::__rw_exception::what() const        0x000066c1   Thumb Code     4  rwstdexcept.o(i._ZNKSt14__rw_exception4whatEv)
    std::__rw_messages_base::_C_cat_open(const std::basic_string<char, std::char_traits<char>, std::allocator<char>>&, const std::locale&) const 0x000066c5   Thumb Code   210  messages.o(i._ZNKSt18__rw_messages_base11_C_cat_openERKSsRKSt6locale)
    std::__rw_messages_base::_C_get_locale(int) const 0x000067a1   Thumb Code    32  messages.o(i._ZNKSt18__rw_messages_base13_C_get_localeEi)
    std::__rw_messages_base::_C_get_message(int, int, int) const 0x000067c1   Thumb Code    52  messages.o(i._ZNKSt18__rw_messages_base14_C_get_messageEiii)
    std::ctype<char>::is(std::ctype_base::mask, char) const 0x000067f5   Thumb Code    14  char.o(i._ZNKSt5ctypeIcE2isENSt10ctype_base4maskEc)
    std::locale::_C_make_facet(const std::locale::id&, bool, int, __rw::__rw_facet_base*(*)(int, const char*, unsigned)) const 0x00006805   Thumb Code   252  locale.o(i._ZNKSt6locale13_C_make_facetERKNS_2idEbiPFPN4__rw15__rw_facet_baseEiPKcjE)
    std::locale::_C_install_facet(__rw::__rw_facet_base*, const std::locale::id&) const 0x00006909   Thumb Code   110  locale.o(i._ZNKSt6locale16_C_install_facetEPN4__rw15__rw_facet_baseERKNS_2idE)
    std::locale::name() const                0x0000697d   Thumb Code    44  locale.o(i._ZNKSt6locale4nameEv)
    std::char_traits<char>::copy(char*, const char*, unsigned) 0x000069ad   Thumb Code    12  char.o(i._ZNSt11char_traitsIcE4copyEPcPKcj)
    std::ctype_byname<char>::_C_get_mask_table(const char*) 0x000069b9   Thumb Code   186  char.o(i._ZNSt12ctype_bynameIcE17_C_get_mask_tableEPKc)
    std::ctype_byname<char>::ctype_byname(const char*, unsigned) 0x00006a85   Thumb Code   280  char.o(i._ZNSt12ctype_bynameIcEC1EPKcj)
    std::ctype_byname<char>::ctype_byname__sub_object(const char*, unsigned) 0x00006a85   Thumb Code     0  char.o(i._ZNSt12ctype_bynameIcEC1EPKcj)
    std::ctype_byname<char>::~ctype_byname__deallocating() 0x00006ba5   Thumb Code    14  char.o(i._ZNSt12ctype_bynameIcED0Ev)
    std::__rw_exception::_C_vformat(int, std::__va_list) 0x00006bb5   Thumb Code   128  rwstdexcept.o(i._ZNSt14__rw_exception10_C_vformatEiSt9__va_list)
    std::__rw_exception::__rw_exception()    0x00006c39   Thumb Code    16  rwstdexcept.o(i._ZNSt14__rw_exceptionC1Ev)
    std::__rw_exception::__rw_exception__sub_object() 0x00006c39   Thumb Code     0  rwstdexcept.o(i._ZNSt14__rw_exceptionC1Ev)
    std::__rw_exception::~__rw_exception()   0x00006c4d   Thumb Code    22  rwstdexcept.o(i._ZNSt14__rw_exceptionD1Ev)
    std::__rw_exception::~__rw_exception__sub_object() 0x00006c4d   Thumb Code     0  rwstdexcept.o(i._ZNSt14__rw_exceptionD1Ev)
    std::__rw_open_cat_data::__rw_open_cat_data() 0x00006c69   Thumb Code    26  messages.o(i._ZNSt18__rw_open_cat_dataC1Ev)
    std::__rw_open_cat_data::__rw_open_cat_data__sub_object() 0x00006c69   Thumb Code     0  messages.o(i._ZNSt18__rw_open_cat_dataC1Ev)
    std::__rw_open_cat_data::~__rw_open_cat_data() 0x00006c83   Thumb Code    12  messages.o(i._ZNSt18__rw_open_cat_dataD1Ev)
    std::__rw_open_cat_data::~__rw_open_cat_data__sub_object() 0x00006c83   Thumb Code     0  messages.o(i._ZNSt18__rw_open_cat_dataD1Ev)
    std::__rw_open_cat_data::operator =(const std::__rw_open_cat_data&) 0x00006c8f   Thumb Code    18  messages.o(i._ZNSt18__rw_open_cat_dataaSERKS_)
    std::ctype<char>::_C_initfacet(const std::locale&) 0x00006ca1   Thumb Code   250  char.o(i._ZNSt5ctypeIcE12_C_initfacetERKSt6locale)
    std::ctype<char>::ctype(const std::ctype_base::mask*, bool, unsigned) 0x00006d9d   Thumb Code   270  char.o(i._ZNSt5ctypeIcEC1EPKNSt10ctype_base4maskEbj)
    std::ctype<char>::ctype__sub_object(const std::ctype_base::mask*, bool, unsigned) 0x00006d9d   Thumb Code     0  char.o(i._ZNSt5ctypeIcEC1EPKNSt10ctype_base4maskEbj)
    std::ctype<char>::~ctype__deallocating() 0x00006eb5   Thumb Code    14  char.o(i._ZNSt5ctypeIcED0Ev)
    std::ctype<char>::~ctype()               0x00006ec5   Thumb Code    34  char.o(i._ZNSt5ctypeIcED1Ev)
    std::ctype<char>::~ctype__sub_object()   0x00006ec5   Thumb Code     0  char.o(i._ZNSt5ctypeIcED1Ev)
    std::locale::facet::~facet__deallocating() 0x00006eed   Thumb Code     4  rwstdexcept.o(i._ZNSt6locale5facetD0Ev)
    std::locale::_C_init()                   0x00006ef1   Thumb Code   120  locale.o(i._ZNSt6locale7_C_initEv)
    std::locale::classic()                   0x00006f75   Thumb Code    56  locale.o(i._ZNSt6locale7classicEv)
    std::locale::locale(__rw::__rw_locale_imp*) 0x00006fb9   Thumb Code    28  locale.o(i._ZNSt6localeC1EPN4__rw15__rw_locale_impE)
    std::locale::locale__sub_object(__rw::__rw_locale_imp*) 0x00006fb9   Thumb Code     0  locale.o(i._ZNSt6localeC1EPN4__rw15__rw_locale_impE)
    std::locale::locale(const std::locale&)  0x00006fd9   Thumb Code    12  messages.o(i._ZNSt6localeC1ERKS_)
    std::locale::locale__sub_object(const std::locale&) 0x00006fd9   Thumb Code     0  messages.o(i._ZNSt6localeC1ERKS_)
    std::locale::locale()                    0x00006fe5   Thumb Code    28  rwstdexcept.o(i._ZNSt6localeC1Ev)
    std::locale::locale__sub_object()        0x00006fe5   Thumb Code     0  rwstdexcept.o(i._ZNSt6localeC1Ev)
    std::locale::~locale()                   0x00007005   Thumb Code    32  locale.o(i._ZNSt6localeD1Ev)
    std::locale::~locale__sub_object()       0x00007005   Thumb Code     0  locale.o(i._ZNSt6localeD1Ev)
    std::locale::operator =(const std::locale&) 0x00007025   Thumb Code    50  locale.o(i._ZNSt6localeaSERKS_)
    std::messages<char>::~messages__deallocating() 0x00007057   Thumb Code    14  rwstdexcept.o(i._ZNSt8messagesIcED0Ev)
    std::messages<char>::~messages()         0x00007065   Thumb Code    14  rwstdexcept.o(i._ZNSt8messagesIcED1Ev)
    std::messages<char>::~messages__sub_object() 0x00007065   Thumb Code     0  rwstdexcept.o(i._ZNSt8messagesIcED1Ev)
    std::exception::exception()              0x00007075   Thumb Code     6  exception_ctor.o(i._ZNSt9exceptionC1Ev)
    std::exception::exception__sub_object()  0x00007075   Thumb Code     0  exception_ctor.o(i._ZNSt9exceptionC1Ev)
    std::__rw_get_cats()                     0x00007081   Thumb Code    44  messages.o(i._ZSt13__rw_get_catsv)
    operator delete[] (void*)                0x000070bd   Thumb Code     8  array_del.o(i._ZdaPv)
    operator delete (void*)                  0x000070c5   Thumb Code     8  delete.o(i._ZdlPv)
    operator <<(LogStream&, T)               0x000070cd   Thumb Code    18  log.o(i._ZlsR9LogStream1T)
    operator new[] (unsigned)                0x000070df   Thumb Code     8  array_new.o(i._Znaj)
    operator new(unsigned)                   0x000070e9   Thumb Code    34  new.o(i._Znwj)
    __0fprintf                               0x00007111   Thumb Code    22  printfa.o(i.__0fprintf)
    __1fprintf                               0x00007111   Thumb Code     0  printfa.o(i.__0fprintf)
    __2fprintf                               0x00007111   Thumb Code     0  printfa.o(i.__0fprintf)
    __c89fprintf                             0x00007111   Thumb Code     0  printfa.o(i.__0fprintf)
    fprintf                                  0x00007111   Thumb Code     0  printfa.o(i.__0fprintf)
    __0snprintf                              0x0000712d   Thumb Code    36  printfa.o(i.__0snprintf)
    __1snprintf                              0x0000712d   Thumb Code     0  printfa.o(i.__0snprintf)
    __2snprintf                              0x0000712d   Thumb Code     0  printfa.o(i.__0snprintf)
    __c89snprintf                            0x0000712d   Thumb Code     0  printfa.o(i.__0snprintf)
    snprintf                                 0x0000712d   Thumb Code     0  printfa.o(i.__0snprintf)
    __0vsnprintf                             0x00007155   Thumb Code    32  printfa.o(i.__0vsnprintf)
    __1vsnprintf                             0x00007155   Thumb Code     0  printfa.o(i.__0vsnprintf)
    __2vsnprintf                             0x00007155   Thumb Code     0  printfa.o(i.__0vsnprintf)
    __c89vsnprintf                           0x00007155   Thumb Code     0  printfa.o(i.__0vsnprintf)
    vsnprintf                                0x00007155   Thumb Code     0  printfa.o(i.__0vsnprintf)
    __ARM_array_new_general                  0x00007179   Thumb Code   146  array_new_general.o(i.__ARM_array_new_general)
    __aeabi_atexit                           0x0000720b   Thumb Code    50  aeabi_atexit.o(i.__aeabi_atexit)
    __aeabi_vec_dtor_cookie                  0x0000723d   Thumb Code    16  aeabi_vec_dtor_cookie.o(i.__aeabi_vec_dtor_cookie)
    __aeabi_vec_new_cookie                   0x0000724d   Thumb Code    20  aeabi_vec_new_cookie.o(i.__aeabi_vec_new_cookie)
    __cxa_finalize                           0x00007261   Thumb Code    66  cxa_finalize.o(i.__cxa_finalize)
    __cxa_guard_acquire                      0x000072a3   Thumb Code    16  cxa_guard_acquire.o(i.__cxa_guard_acquire)
    __cxa_pure_virtual                       0x000072b3   Thumb Code     6  pure_virt.o(i.__cxa_pure_virtual)
    __cxa_vec_new                            0x000072b9   Thumb Code    18  cxa_vec_new.o(i.__cxa_vec_new)
    __scatterload_copy                       0x000072d1   Thumb Code    14  handlers.o(i.__scatterload_copy)
    __scatterload_null                       0x000072df   Thumb Code     2  handlers.o(i.__scatterload_null)
    __scatterload_zeroinit                   0x000072e1   Thumb Code    14  handlers.o(i.__scatterload_zeroinit)
    _is_digit                                0x000074a5   Thumb Code    14  scanf_fp.o(i._is_digit)
    fputc                                    0x00007c11   Thumb Code    18  fputc.o(i.fputc)
    free                                     0x00007c25   Thumb Code    76  malloc.o(i.free)
    malloc                                   0x00007c75   Thumb Code    92  malloc.o(i.malloc)
    convert<int>(char*, T1)                  0x00007ce1   Thumb Code    70  log_stream.o(t._Z7convertIiEjPcT_)
    convert<unsigned>(char*, T1)             0x00007d2d   Thumb Code    62  log_stream.o(t._Z7convertIjEjPcT_)
    convert<long>(char*, T1)                 0x00007d71   Thumb Code    70  log_stream.o(t._Z7convertIlEjPcT_)
    convert<unsigned long>(char*, T1)        0x00007dbd   Thumb Code    62  log_stream.o(t._Z7convertImEjPcT_)
    convert<long long>(char*, T1)            0x00007e01   Thumb Code   116  log_stream.o(t._Z7convertIxEjPcT_)
    convert<unsigned long long>(char*, T1)   0x00007e79   Thumb Code    96  log_stream.o(t._Z7convertIyEjPcT_)
    FixedBuffer<(int)200>::cookieStart()     0x00007edd   Thumb Code     2  log_stream.o(t._ZN11FixedBufferILi200EE11cookieStartEv)
    FixedBuffer<(int)200>::add(unsigned)     0x00007edf   Thumb Code    12  log_stream.o(t._ZN11FixedBufferILi200EE3addEj)
    FixedBuffer<(int)200>::append(const char*, unsigned) 0x00007eeb   Thumb Code    56  log.o(t._ZN11FixedBufferILi200EE6appendEPKcj)
    FixedBuffer<(int)200>::current()         0x00007f23   Thumb Code     8  log_stream.o(t._ZN11FixedBufferILi200EE7currentEv)
    FixedBuffer<(int)200>::cookieEnd()       0x00007f2b   Thumb Code     2  log_stream.o(t._ZN11FixedBufferILi200EE9cookieEndEv)
    FixedBuffer<(int)200>::setCookie(void(*)()) 0x00007f2d   Thumb Code     4  log.o(t._ZN11FixedBufferILi200EE9setCookieEPFvvE)
    Fmt::Fmt<int>(const char*, T1)           0x00007f31   Thumb Code    26  log_stream.o(t._ZN3FmtC1IiEEPKcT_)
    Fmt::Fmt__sub_object<int>(const char*, T1) 0x00007f31   Thumb Code     0  log_stream.o(t._ZN3FmtC1IiEEPKcT_)
    __rw::__string_ref<char, std::char_traits<char>, std::allocator<char>>::_C_inc_ref() 0x00007f4d   Thumb Code    14  char.o(t._ZN4__rw12__string_refIcSt11char_traitsIcESaIcEE10_C_inc_refEv)
    __rw::__rw_facet_maker<std::ctype<char>>::_C_maker_func(int, const char*, unsigned) 0x00007f61   Thumb Code    70  rwstdexcept.o(t._ZN4__rw16__rw_facet_makerISt5ctypeIcEE13_C_maker_funcEiPKcj)
    __rw::__rw_locale_vector<__rw::__rw_facet_base*>::resize(unsigned, __rw::__rw_facet_base*const &) 0x00007fa7   Thumb Code    76  locale.o(t._ZN4__rw18__rw_locale_vectorIPNS_15__rw_facet_baseEE6resizeEjRKS2_)
    __rw::__rw_locale_vector<__rw::__rw_facet_base*>::~__rw_locale_vector() 0x00007ff3   Thumb Code    14  locale.o(t._ZN4__rw18__rw_locale_vectorIPNS_15__rw_facet_baseEED1Ev)
    __rw::__rw_locale_vector<__rw::__rw_facet_base*>::~__rw_locale_vector__sub_object() 0x00007ff3   Thumb Code     0  locale.o(t._ZN4__rw18__rw_locale_vectorIPNS_15__rw_facet_baseEED1Ev)
    __rw::__rw_locale_vector<__rw::__rw_cat*>::~__rw_locale_vector() 0x00008001   Thumb Code    14  rwcats.o(t._ZN4__rw18__rw_locale_vectorIPNS_8__rw_catEED1Ev)
    __rw::__rw_locale_vector<__rw::__rw_cat*>::~__rw_locale_vector__sub_object() 0x00008001   Thumb Code     0  rwcats.o(t._ZN4__rw18__rw_locale_vectorIPNS_8__rw_catEED1Ev)
    __rw::__rw_locale_vector<std::basic_string<char, std::char_traits<char>, std::allocator<char>>>::~__rw_locale_vector() 0x00008011   Thumb Code    16  locale.o(t._ZN4__rw18__rw_locale_vectorISsED1Ev)
    __rw::__rw_locale_vector<std::basic_string<char, std::char_traits<char>, std::allocator<char>>>::~__rw_locale_vector__sub_object() 0x00008011   Thumb Code     0  locale.o(t._ZN4__rw18__rw_locale_vectorISsED1Ev)
    __rw::__rw_locale_vector<std::__rw_open_cat_data>::~__rw_locale_vector() 0x00008025   Thumb Code    16  messages.o(t._ZN4__rw18__rw_locale_vectorISt18__rw_open_cat_dataED1Ev)
    __rw::__rw_locale_vector<std::__rw_open_cat_data>::~__rw_locale_vector__sub_object() 0x00008025   Thumb Code     0  messages.o(t._ZN4__rw18__rw_locale_vectorISt18__rw_open_cat_dataED1Ev)
    LogStream::formatInteger<int>(T1)        0x00008039   Thumb Code    48  log_stream.o(t._ZN9LogStream13formatIntegerIiEEvT_)
    LogStream::formatInteger<unsigned>(T1)   0x00008069   Thumb Code    48  log_stream.o(t._ZN9LogStream13formatIntegerIjEEvT_)
    LogStream::formatInteger<long>(T1)       0x00008099   Thumb Code    48  log_stream.o(t._ZN9LogStream13formatIntegerIlEEvT_)
    LogStream::formatInteger<unsigned long>(T1) 0x000080c9   Thumb Code    48  log_stream.o(t._ZN9LogStream13formatIntegerImEEvT_)
    LogStream::formatInteger<long long>(T1)  0x000080f9   Thumb Code    54  log_stream.o(t._ZN9LogStream13formatIntegerIxEEvT_)
    LogStream::formatInteger<unsigned long long>(T1) 0x0000812f   Thumb Code    54  log_stream.o(t._ZN9LogStream13formatIntegerIyEEvT_)
    singleton<application>::instance()       0x00008165   Thumb Code    70  main.o(t._ZN9singletonI11applicationE8instanceEv)
    FixedBuffer<(int)200>::avail() const     0x000081d1   Thumb Code    16  log_stream.o(t._ZNK11FixedBufferILi200EE5availEv)
    std::messages<char>::do_get(int, int, int, const std::basic_string<char, std::char_traits<char>, std::allocator<char>>&) const 0x000081e1   Thumb Code   136  rwstdexcept.o(t._ZNKSt8messagesIcE6do_getEiiiRKSs)
    std::messages<char>::do_open(const std::basic_string<char, std::char_traits<char>, std::allocator<char>>&, const std::locale&) const 0x00008271   Thumb Code     6  rwstdexcept.o(t._ZNKSt8messagesIcE7do_openERKSsRKSt6locale)
    std::basic_string<char, std::char_traits<char>, std::allocator<char>>::_C_allocate(unsigned, unsigned, unsigned) 0x00008277   Thumb Code    50  locale.o(t._ZNSs11_C_allocateEjjj)
    std::basic_string<char, std::char_traits<char>, std::allocator<char>>::replace(unsigned, unsigned, const char*, unsigned) 0x000082a9   Thumb Code    24  locale.o(t._ZNSs7replaceEjjPKcj)
    std::basic_string<char, std::char_traits<char>, std::allocator<char>>::replace(unsigned, unsigned, const char*, unsigned, unsigned, unsigned) 0x000082c1   Thumb Code   352  char.o(t._ZNSs7replaceEjjPKcjjj)
    std::basic_string<char, std::char_traits<char>, std::allocator<char>>::_C_getRep(unsigned, unsigned) 0x00008429   Thumb Code   108  char.o(t._ZNSs9_C_getRepEjj)
    std::basic_string<char, std::char_traits<char>, std::allocator<char>>::_C_unlink() 0x0000849d   Thumb Code    66  char.o(t._ZNSs9_C_unlinkEv)
    std::basic_string<char, std::char_traits<char>, std::allocator<char>>::basic_string(const char*, const std::allocator<char>&) 0x000084e5   Thumb Code    52  locale.o(t._ZNSsC1EPKcRKSaIcE)
    std::basic_string<char, std::char_traits<char>, std::allocator<char>>::basic_string__sub_object(const char*, const std::allocator<char>&) 0x000084e5   Thumb Code     0  locale.o(t._ZNSsC1EPKcRKSaIcE)
    std::basic_string<char, std::char_traits<char>, std::allocator<char>>::basic_string(const std::allocator<char>&) 0x0000851d   Thumb Code    12  locale.o(t._ZNSsC1ERKSaIcE)
    std::basic_string<char, std::char_traits<char>, std::allocator<char>>::basic_string__sub_object(const std::allocator<char>&) 0x0000851d   Thumb Code     0  locale.o(t._ZNSsC1ERKSaIcE)
    std::basic_string<char, std::char_traits<char>, std::allocator<char>>::basic_string(const std::basic_string<char, std::char_traits<char>, std::allocator<char>>&) 0x0000852d   Thumb Code    62  char.o(t._ZNSsC1ERKSs)
    std::basic_string<char, std::char_traits<char>, std::allocator<char>>::basic_string__sub_object(const std::basic_string<char, std::char_traits<char>, std::allocator<char>>&) 0x0000852d   Thumb Code     0  char.o(t._ZNSsC1ERKSs)
    std::basic_string<char, std::char_traits<char>, std::allocator<char>>::~basic_string() 0x0000856b   Thumb Code    12  char.o(t._ZNSsD1Ev)
    std::basic_string<char, std::char_traits<char>, std::allocator<char>>::~basic_string__sub_object() 0x0000856b   Thumb Code     0  char.o(t._ZNSsD1Ev)
    std::basic_string<char, std::char_traits<char>, std::allocator<char>>::operator =(const char*) 0x00008579   Thumb Code    74  locale.o(t._ZNSsaSEPKc)
    std::basic_string<char, std::char_traits<char>, std::allocator<char>>::operator =(const std::basic_string<char, std::char_traits<char>, std::allocator<char>>&) 0x000085c9   Thumb Code    62  locale.o(t._ZNSsaSERKSs)
    std::max<unsigned>(const T1&, const T1&) 0x00008607   Thumb Code    12  char.o(t._ZSt3maxIjERKT_S2_S2_)
    std::reverse<char*>(T1, T1)              0x00008613   Thumb Code    46  log_stream.o(t._ZSt7reverseIPcEvT_S1_)
    std::ctype<char>::_C_classic_table       0x00008a7c   Data         512  char.o(.constdata)
    __ctype_table                            0x00008c7c   Data         129  ctype_o.o(.constdata)
    vtable for device_pin                    0x00008d04   Data          24  pin.o(.constdata__ZTV10device_pin)
    vtable for device_pwm                    0x00008d1c   Data          24  pwm.o(.constdata__ZTV10device_pwm)
    vtable for transceiver                   0x00008d34   Data          28  cpu_uart.o(.constdata__ZTV11transceiver)
    vtable for device_commu                  0x00008d50   Data          24  commu.o(.constdata__ZTV12device_commu)
    vtable for device_event                  0x00008d68   Data          24  event.o(.constdata__ZTV12device_event)
    vtable for device_timer                  0x00008d80   Data          24  timer.o(.constdata__ZTV12device_timer)
    vtable for device_storage                0x00008d98   Data          24  storage.o(.constdata__ZTV14device_storage)
    vtable for transceiver_uart0             0x00008db0   Data          28  cpu_uart.o(.constdata__ZTV17transceiver_uart0)
    vtable for protocol_modbus_rtu           0x00008dcc   Data          32  modbus.o(.constdata__ZTV19protocol_modbus_rtu)
    vtable for device                        0x00008dec   Data          24  devices.o(.constdata__ZTV6device)
    vtable for protocol                      0x00008e04   Data          32  modbus.o(.constdata__ZTV8protocol)
    vtable for device_ad                     0x00008e24   Data          24  ad.o(.constdata__ZTV9device_ad)
    vtable for std::locale::facet            0x00008e3c   Data          20  rwstdexcept.o(.constdata__ZTVNSt6locale5facetE)
    vtable for std::ctype_byname<char>       0x00008e50   Data          52  char.o(.constdata__ZTVSt12ctype_bynameIcE)
    vtable for std::__rw_exception           0x00008e84   Data          20  rwstdexcept.o(.constdata__ZTVSt14__rw_exception)
    vtable for std::ctype<char>              0x00008e98   Data          52  char.o(.constdata__ZTVSt5ctypeIcE)
    vtable for std::messages<char>           0x00008ecc   Data          32  rwstdexcept.o(.constdata__ZTVSt8messagesIcE)
    vtable for std::exception                0x00008eec   Data          20  exception_dtor.o(.constdata__ZTVSt9exception)
    Region$$Table$$Base                      0x000091a8   Number         0  anon$$obj.o(Region$$Table)
    Region$$Table$$Limit                     0x000091c8   Number         0  anon$$obj.o(Region$$Table)
    SHT$$INIT_ARRAY$$Base                    0x000091c8   Number         0  service.o(.init_array)
    SHT$$INIT_ARRAY$$Limit                   0x000091f0   Number         0  rwcats.o(.init_array)
    errno                                    0x20000024   Data           4  log.o(.data)
    strerror_array                           0x20000028   Data           4  log.o(.data)
    t_lastSecond                             0x2000002c   Data           4  log.o(.data)
    LogLevelName                             0x20000030   Data          24  log.o(.data)
    g_output                                 0x20000048   Data           4  log.o(.data)
    g_flush                                  0x2000004c   Data           4  log.o(.data)
    g_logLevel                               0x20000050   Data           1  log.o(.data)
    zero                                     0x20000054   Data           4  log_stream.o(.data)
    transceiver_uart0::m_clock_init          0x20000090   Data           1  cpu_uart.o(.data)
    t_storage_geometry                       0x200000b8   Data           6  drv_storage.o(.data)
    std::ctype<char>::id                     0x20000130   Data           4  char.o(.data)
    std::ctype<wchar_t>::id                  0x20000134   Data           4  char.o(.data)
    std::locale::_C_classic                  0x20000140   Data           4  locale.o(.data)
    std::locale::_C_native                   0x20000144   Data           4  locale.o(.data)
    std::locale::_C_global                   0x20000148   Data           4  locale.o(.data)
    std::codecvt<char, char, std::__mbstate_t>::id 0x2000014c   Data           4  locale.o(.data)
    std::codecvt<wchar_t, char, std::__mbstate_t>::id 0x20000150   Data           4  locale.o(.data)
    __rw_throw_proc                          0x20000154   Data           4  rwthrowproc_noex.o(.data)
    __stderr                                 0x20000158   Data           4  stderr.o(.data)
    __microlib_freelist                      0x20000170   Data           4  mvars.o(.data)
    __microlib_freelist_initialised          0x20000174   Data           4  mvars.o(.data)
    guard variable for singleton<application>::instance()::t 0x2000017c   Data           4  main.o(.data__ZZN9singletonI11applicationE8instanceEvE1t)
    std::locale::id::_C_init() const::_C_id_gen 0x20000180   Data           4  locale.o(.data__ZZNKSt6locale2id7_C_initEvE9_C_id_gen)
    guard variable for std::__rw_get_cats()::__open_cats 0x20000184   Data           4  messages.o(.data__ZZSt13__rw_get_catsvE11__open_cats)
    std::__rw_get_cats()::__open_cats        0x20000188   Data           8  messages.o(.data__ZZSt13__rw_get_catsvE11__open_cats)
    t_timer_manage                           0x20000190   Data         288  service.o(.bss)
    t_poller                                 0x20000300   Data          12  poller.o(.bss)
    t_timer_queue                            0x2000035c   Data          20  timer_queue.o(.bss)
    t_protocol_modbus_rtu                    0x20000434   Data          48  modbus.o(.bss)
    t_time                                   0x20000464   Data          32  log.o(.bss)
    t_adc                                    0x200004cc   Data          24  drv_ad.o(.bss)
    t_transceiver_uart0                      0x200004e4   Data         516  cpu_uart.o(.bss)
    t_iic_transfer                           0x200006e8   Data          16  cpu_iic.o(.bss)
    dmaChanDesc                              0x20000800   Data         512  dmalib.o(.bss)
    std::basic_string<char, std::char_traits<char>, std::allocator<char>>::__nullref 0x20000a18   Data          16  vendor.o(.bss__ZNSs9__nullrefE)
    singleton<application>::instance()::t    0x20000a28   Data         656  main.o(.bss__ZZN9singletonI11applicationE8instanceEvE1t)
    __heap_base                              0x20000cb8   Data           0  startup_aducm360.o(HEAP)
    __heap_limit                             0x20000eb8   Data           0  startup_aducm360.o(HEAP)
    __initial_sp                             0x200017b8   Data           0  startup_aducm360.o(STACK)



==============================================================================

Memory Map of the image

  Image Entry point : 0x000000e1

  Load Region LR_IROM1 (Base: 0x00000000, Size: 0x00009380, Max: 0x00020000, ABSOLUTE, COMPRESSED[0x00009250])

    Execution Region ER_IROM1 (Base: 0x00000000, Size: 0x000091f0, Max: 0x00020000, ABSOLUTE)

    Base Addr    Size         Type   Attr      Idx    E Section Name        Object

    0x00000000   0x000000e0   Data   RO            3    RESET               startup_aducm360.o
    0x000000e0   0x00000000   Code   RO         5910  * .ARM.Collect$$$$00000000  mc_w.l(entry.o)
    0x000000e0   0x00000004   Code   RO         6729    .ARM.Collect$$$$00000001  mc_w.l(entry2.o)
    0x000000e4   0x00000004   Code   RO         6732    .ARM.Collect$$$$00000004  mc_w.l(entry5.o)
    0x000000e8   0x00000000   Code   RO         6734    .ARM.Collect$$$$00000008  mc_w.l(entry7b.o)
    0x000000e8   0x00000004   Code   RO         6735    .ARM.Collect$$$$00000009  mc_w.l(entry8a.o)
    0x000000ec   0x00000000   Code   RO         6736    .ARM.Collect$$$$0000000A  mc_w.l(entry8b.o)
    0x000000ec   0x00000008   Code   RO         6737    .ARM.Collect$$$$0000000B  mc_w.l(entry9a.o)
    0x000000f4   0x00000000   Code   RO         6739    .ARM.Collect$$$$0000000D  mc_w.l(entry10a.o)
    0x000000f4   0x00000000   Code   RO         6741    .ARM.Collect$$$$0000000F  mc_w.l(entry11a.o)
    0x000000f4   0x00000004   Code   RO         6730    .ARM.Collect$$$$00002712  mc_w.l(entry2.o)
    0x000000f8   0x00000020   Code   RO            4    .text               startup_aducm360.o
    0x00000118   0x000005ac   Code   RO           16    .text               service.o
    0x000006c4   0x000000a0   Code   RO          207    .text               channel.o
    0x00000764   0x000001b8   Code   RO          509    .text               event_loop.o
    0x0000091c   0x00000124   Code   RO          638    .text               poller.o
    0x00000a40   0x00000128   Code   RO          756    .text               timer_queue.o
    0x00000b68   0x0000045c   Code   RO          823    .text               main.o
    0x00000fc4   0x00000080   Code   RO         1257    .text               ad.o
    0x00001044   0x00000320   Code   RO         1287    .text               devices.o
    0x00001364   0x00000070   Code   RO         1504    .text               pin.o
    0x000013d4   0x000001c0   Code   RO         1531    .text               commu.o
    0x00001594   0x00000044   Code   RO         1574    .text               storage.o
    0x000015d8   0x00000430   Code   RO         1601    .text               modbus.o
    0x00001a08   0x00000044   Code   RO         1694    .text               pwm.o
    0x00001a4c   0x00000044   Code   RO         1721    .text               event.o
    0x00001a90   0x00000044   Code   RO         1748    .text               timer.o
    0x00001ad4   0x000003c4   Code   RO         1775    .text               utils.o
    0x00001e98   0x0000033c   Code   RO         1940    .text               log.o
    0x000021d4   0x00000154   Code   RO         2278    .text               log_stream.o
    0x00002328   0x000004c4   Code   RO         2656    .text               timestamp.o
    0x000027ec   0x000002c4   Code   RO         2802    .text               hal.o
    0x00002ab0   0x00000024   Code   RO         2915    .text               drv_interface.o
    0x00002ad4   0x0000002c   Code   RO         3080    .text               drv_pin.o
    0x00002b00   0x000001c8   Code   RO         3247    .text               drv_ad.o
    0x00002cc8   0x00000092   Code   RO         3466    .text               bsp_startup.o
    0x00002d5a   0x00000002   PAD
    0x00002d5c   0x00000358   Code   RO         3629    .text               cpu_uart.o
    0x000030b4   0x00000020   Code   RO         3881    .text               cpu_gpio.o
    0x000030d4   0x00000314   Code   RO         3922    .text               cpu_iic.o
    0x000033e8   0x000000a4   Code   RO         4013    .text               cpu_interrupt.o
    0x0000348c   0x000000a8   Code   RO         4067    .text               cpu_tick.o
    0x00003534   0x000000d8   Code   RO         4123    .text               drv_commu.o
    0x0000360c   0x00000194   Code   RO         4307    .text               drv_storage.o
    0x000037a0   0x00000298   Code   RO         4492    .text               drv_pwm.o
    0x00003a38   0x00000058   Code   RO         4659    .text               drv_event.o
    0x00003a90   0x00000058   Code   RO         4826    .text               drv_timer.o
    0x00003ae8   0x00000258   Code   RO         5113    .text               adclib.o
    0x00003d40   0x00000078   Code   RO         5136    .text               clklib.o
    0x00003db8   0x00000110   Code   RO         5182    .text               diolib.o
    0x00003ec8   0x00000760   Code   RO         5225    .text               dmalib.o
    0x00004628   0x000001c4   Code   RO         5321    .text               i2clib.o
    0x000047ec   0x00000038   Code   RO         5344    .text               iexclib.o
    0x00004824   0x0000012c   Code   RO         5390    .text               pwmlib.o
    0x00004950   0x0000010c   Code   RO         5482    .text               urtlib.o
    0x00004a5c   0x00000078   Code   RO         5505    .text               wdtlib.o
    0x00004ad4   0x00000062   Code   RO         5913    .text               mc_w.l(uldiv.o)
    0x00004b36   0x0000005a   Code   RO         5915    .text               mc_w.l(ldiv.o)
    0x00004b90   0x00000024   Code   RO         5917    .text               mc_w.l(memcpya.o)
    0x00004bb4   0x00000024   Code   RO         5919    .text               mc_w.l(memseta.o)
    0x00004bd8   0x0000000e   Code   RO         5921    .text               mc_w.l(strlen.o)
    0x00004be6   0x0000001e   Code   RO         5923    .text               mc_w.l(strncmp.o)
    0x00004c04   0x00000020   Code   RO         5925    .text               mc_w.l(strrchr.o)
    0x00004c24   0x00000020   Code   RO         6193    .text               mc_w.l(cpp_init.o)
    0x00004c44   0x0000000e   Code   RO         6685    .text               cpprt_w.l(aeabi_vec_delete_noexceptions.o)
    0x00004c52   0x0000002c   Code   RO         6747    .text               mc_w.l(uidiv.o)
    0x00004c7e   0x0000001e   Code   RO         6749    .text               mc_w.l(llshl.o)
    0x00004c9c   0x00000020   Code   RO         6751    .text               mc_w.l(llushr.o)
    0x00004cbc   0x00000018   Code   RO         6759    .text               mc_w.l(strcat.o)
    0x00004cd4   0x00000012   Code   RO         6761    .text               mc_w.l(strcpy.o)
    0x00004ce6   0x00000002   PAD
    0x00004ce8   0x00000038   Code   RO         6793    .text               mc_w.l(sscanf.o)
    0x00004d20   0x00000000   Code   RO         6795    .text               mc_w.l(iusefp.o)
    0x00004d20   0x00000008   Code   RO         6796    .text               mc_w.l(cpp_dtor.o)
    0x00004d28   0x00000002   Code   RO         6799    .text               mc_w.l(cpp_final.o)
    0x00004d2a   0x00000002   Code   RO         6801    .text               mc_w.l(cpp_signal.o)
    0x00004d2c   0x00000020   Code   RO         6803    .text               mc_w.l(cpp_unwinder.o)
    0x00004d4c   0x0000014e   Code   RO         6806    .text               mf_w.l(dadd.o)
    0x00004e9a   0x000000e4   Code   RO         6808    .text               mf_w.l(dmul.o)
    0x00004f7e   0x000000de   Code   RO         6810    .text               mf_w.l(ddiv.o)
    0x0000505c   0x00000030   Code   RO         6812    .text               mf_w.l(dfixul.o)
    0x0000508c   0x00000028   Code   RO         6814    .text               mf_w.l(cdrcmple.o)
    0x000050b4   0x00000050   Code   RO         6917    .text               cpprt_w.l(arm_exceptions_globs.o)
    0x00005104   0x0000001a   Code   RO         6924    .text               cpprt_w.l(arm_exceptions_terminate.o)
    0x0000511e   0x00000004   Code   RO         6927    .text               cpprt_w.l(arm_newhandler_noexceptions.o)
    0x00005122   0x00000002   PAD
    0x00005124   0x00000024   Code   RO         6946    .text               mc_w.l(init.o)
    0x00005148   0x00000000   Code   RO         6948    .text               mc_w.l(semi.o)
    0x00005148   0x00000024   Code   RO         6949    .text               mc_w.l(llsshr.o)
    0x0000516c   0x00000008   Code   RO         6951    .text               mc_w.l(ctype_o.o)
    0x00005174   0x00000012   Code   RO         6973    .text               mc_w.l(isspace_o.o)
    0x00005186   0x00000042   Code   RO         6987    .text               mc_w.l(memmove.o)
    0x000051c8   0x0000001c   Code   RO         6991    .text               mc_w.l(strcmp.o)
    0x000051e4   0x00000156   Code   RO         7005    .text               mc_w.l(_scanf_longlong.o)
    0x0000533a   0x00000150   Code   RO         7007    .text               mc_w.l(_scanf_int.o)
    0x0000548a   0x000000da   Code   RO         7009    .text               mc_w.l(_scanf_str.o)
    0x00005564   0x0000033c   Code   RO         7011    .text               mc_w.l(scanf_fp.o)
    0x000058a0   0x00000028   Code   RO         7015    .text               mc_w.l(scanf_char.o)
    0x000058c8   0x00000040   Code   RO         7017    .text               mc_w.l(_sgetc.o)
    0x00005908   0x00000000   Code   RO         7019    .text               mc_w.l(iusesemip.o)
    0x00005908   0x00000008   Code   RO         7020    .text               mc_w.l(cpp_memory.o)
    0x00005910   0x000000be   Code   RO         7023    .text               mf_w.l(depilogue.o)
    0x000059ce   0x00000022   Code   RO         7025    .text               cpprt_w.l(aeabi_vec_dtor_noexceptions.o)
    0x000059f0   0x0000003c   Code   RO         7031    .text               cpprt_w.l(arm_exceptions_mem.o)
    0x00005a2c   0x00000002   Code   RO         7034    .text               cpprt_w.l(arm_rethrow_noexceptions.o)
    0x00005a2e   0x0000001c   Code   RO         7047    .text               mc_w.l(_chval.o)
    0x00005a4a   0x00000002   PAD
    0x00005a4c   0x0000032c   Code   RO         7049    .text               mc_w.l(_scanf.o)
    0x00005d78   0x00000018   Code   RO         7053    .text               mf_w.l(dfltul.o)
    0x00005d90   0x00000038   Code   RO         7057    .text               mf_w.l(d2f.o)
    0x00005dc8   0x0000006c   Code   RO         7073    .text               mf_w.l(fepilogue.o)
    0x00005e34   0x0000001c   Code   RO         7075    .text               cpprt_w.l(ARM_vec_cleanup_noexceptions.o)
    0x00005e50   0x0000003a   Code   RO         7094    .text               mc_w.l(__dczerorl.o)
    0x00005e8a   0x00000014   Code   RO         6452    i.<Func5>           cpp_ws.l(locale.o)
    0x00005e9e   0x00000002   PAD
    0x00005ea0   0x00000020   Code   RO         6816    i._Z7catgetsPN4__rw8__rw_catEiiPKc  cpp_ws.l(rwcats.o)
    0x00005ec0   0x00000022   Code   RO         6817    i._Z7catopenPKci    cpp_ws.l(rwcats.o)
    0x00005ee2   0x0000000a   Code   RO          859    i._ZN10CModelInfo12hold_reg_setE14hold_reg_indext  main.o
    0x00005eec   0x00000058   Code   RO          841    i._ZN10CModelInfo18storage_info_queryE8reg_typeP12storage_info  main.o
    0x00005f44   0x0000000c   Code   RO          871    i._ZN11applicationD1Ev  main.o
    0x00005f50   0x00000006   Code   RO         3686    i._ZN11transceiver7is_doneEv  cpu_uart.o
    0x00005f56   0x00000008   Code   RO         3665    i._ZN11transceiverD1Ev  cpu_uart.o
    0x00005f5e   0x00000008   Code   RO           37    i._ZN12timer_manageD1Ev  service.o
    0x00005f66   0x00000004   Code   RO         1629    i._ZN15modbus_rtu_info7len_setEi  modbus.o
    0x00005f6a   0x00000004   Code   RO         1623    i._ZN15modbus_rtu_info7reg_setEi  modbus.o
    0x00005f6e   0x0000000e   Code   RO         3698    i._ZN17transceiver_uart018byte_timer_timeoutEPv  cpu_uart.o
    0x00005f7c   0x000000a8   Code   RO         3671    i._ZN17transceiver_uart04initEv  cpu_uart.o
    0x00006024   0x00000084   Code   RO         3659    i._ZN17transceiver_uart04pushEa  cpu_uart.o
    0x000060a8   0x00000006   Code   RO         3713    i._ZN17transceiver_uart07is_doneEv  cpu_uart.o
    0x000060ae   0x00000002   PAD
    0x000060b0   0x0000004c   Code   RO         3653    i._ZN17transceiver_uart08transmitEPat  cpu_uart.o
    0x000060fc   0x00000010   Code   RO         3692    i._ZN17transceiver_uart0D1Ev  cpu_uart.o
    0x0000610c   0x00000006   Code   RO         1999    i._ZN1TC1EPKcj      log.o
    0x00006112   0x00000024   Code   RO         3270    i._ZN3adc10int_enableEj  drv_ad.o
    0x00006136   0x00000002   PAD
    0x00006138   0x00000014   Code   RO         3282    i._ZN3adc11typedef_getEj  drv_ad.o
    0x0000614c   0x0000001e   Code   RO         3288    i._ZN3adc2goEjj     drv_ad.o
    0x0000616a   0x0000003c   Code   RO         3276    i._ZN3adc3cpyEj     drv_ad.o
    0x000061a6   0x00000002   PAD
    0x000061a8   0x00000020   Code   RO         3294    i._ZN3adc4initEj    drv_ad.o
    0x000061c8   0x00000008   Code   RO         3300    i._ZN3adcD1Ev       drv_ad.o
    0x000061d0   0x0000005c   Code   RO         5676    i._ZN4__rw10__rw_throwEiz  cpp_ws.l(rwstdexcept.o)
    0x0000622c   0x00000020   Code   RO         5526    i._ZN4__rw13__rw_allocateEji  cpp_ws.l(rwalloc.o)
    0x0000624c   0x00000058   Code   RO         5677    i._ZN4__rw13__rw_vfmatstrEPcjPKcSt9__va_list  cpp_ws.l(rwstdexcept.o)
    0x000062a4   0x00000170   Code   RO         5678    i._ZN4__rw13__rw_vfmatstrEPcjiSt9__va_list  cpp_ws.l(rwstdexcept.o)
    0x00006414   0x00000004   Code   RO         5527    i._ZN4__rw15__rw_deallocateEPvji  cpp_ws.l(rwalloc.o)
    0x00006418   0x00000002   Code   RO         6408    i._ZN4__rw15__rw_facet_base12_C_initfacetERKSt6locale  cpp_ws.l(char.o)
    0x0000641a   0x00000002   PAD
    0x0000641c   0x000000e4   Code   RO         6561    i._ZN4__rw15__rw_locale_impC1EPKcjj  cpp_ws.l(locale.o)
    0x00006500   0x0000001c   Code   RO         6555    i._ZN4__rw15__rw_locale_impD1Ev  cpp_ws.l(locale.o)
    0x0000651c   0x0000003a   Code   RO         6453    i._ZN4__rw21__rw_use_c_lib_localeC1EPKci  cpp_ws.l(locale.o)
    0x00006556   0x00000018   Code   RO         6378    i._ZN4__rw21__rw_use_c_lib_localeD1Ev  cpp_ws.l(char.o)
    0x0000656e   0x00000002   PAD
    0x00006570   0x00000098   Code   RO         6840    i._ZN4__rw25__rw_throw_exception_noexEiPc  cpp_ws.l(rwthrowproc_impl_noex.o)
    0x00006608   0x00000030   Code   RO         6820    i._ZN4__rw9__catfindEPNS_8__rw_catE  cpp_ws.l(rwcats.o)
    0x00006638   0x00000024   Code   RO          847    i._ZN6Logger10SourceFileC1EPKc  main.o
    0x0000665c   0x00000004   Code   RO          657    i._ZN7channel11set_reventsEi  poller.o
    0x00006660   0x00000008   Code   RO          663    i._ZN7channel13list_node_getEv  poller.o
    0x00006668   0x00000008   Code   RO         1662    i._ZN8protocol4infoEPKhtP13protocol_info  modbus.o
    0x00006670   0x00000008   Code   RO         1650    i._ZN8protocol4packEPhS0_t  modbus.o
    0x00006678   0x00000006   Code   RO         1656    i._ZN8protocol6unpackEPht  modbus.o
    0x0000667e   0x00000014   Code   RO         1968    i._ZN9LogStream6appendEPKci  log.o
    0x00006692   0x0000001c   Code   RO         1987    i._ZN9LogStreamlsEPKc  log.o
    0x000066ae   0x00000012   Code   RO         1980    i._ZN9LogStreamlsEc  log.o
    0x000066c0   0x00000004   Code   RO         5792    i._ZNKSt14__rw_exception4whatEv  cpp_ws.l(rwstdexcept.o)
    0x000066c4   0x000000dc   Code   RO         6629    i._ZNKSt18__rw_messages_base11_C_cat_openERKSsRKSt6locale  cpp_ws.l(messages.o)
    0x000067a0   0x00000020   Code   RO         6632    i._ZNKSt18__rw_messages_base13_C_get_localeEi  cpp_ws.l(messages.o)
    0x000067c0   0x00000034   Code   RO         6633    i._ZNKSt18__rw_messages_base14_C_get_messageEiii  cpp_ws.l(messages.o)
    0x000067f4   0x0000000e   Code   RO         6348    i._ZNKSt5ctypeIcE2isENSt10ctype_base4maskEc  cpp_ws.l(char.o)
    0x00006802   0x00000002   PAD
    0x00006804   0x00000104   Code   RO         6458    i._ZNKSt6locale13_C_make_facetERKNS_2idEbiPFPN4__rw15__rw_facet_baseEiPKcjE  cpp_ws.l(locale.o)
    0x00006908   0x00000074   Code   RO         6460    i._ZNKSt6locale16_C_install_facetEPN4__rw15__rw_facet_baseERKNS_2idE  cpp_ws.l(locale.o)
    0x0000697c   0x00000030   Code   RO         6461    i._ZNKSt6locale4nameEv  cpp_ws.l(locale.o)
    0x000069ac   0x0000000c   Code   RO         6324    i._ZNSt11char_traitsIcE4copyEPcPKcj  cpp_ws.l(char.o)
    0x000069b8   0x000000cc   Code   RO         6201    i._ZNSt12ctype_bynameIcE17_C_get_mask_tableEPKc  cpp_ws.l(char.o)
    0x00006a84   0x00000120   Code   RO         6203    i._ZNSt12ctype_bynameIcEC1EPKcj  cpp_ws.l(char.o)
    0x00006ba4   0x0000000e   Code   RO         6449    i._ZNSt12ctype_bynameIcED0Ev  cpp_ws.l(char.o)
    0x00006bb2   0x00000002   PAD
    0x00006bb4   0x00000084   Code   RO         5682    i._ZNSt14__rw_exception10_C_vformatEiSt9__va_list  cpp_ws.l(rwstdexcept.o)
    0x00006c38   0x00000014   Code   RO         5752    i._ZNSt14__rw_exceptionC1Ev  cpp_ws.l(rwstdexcept.o)
    0x00006c4c   0x0000001c   Code   RO         5786    i._ZNSt14__rw_exceptionD1Ev  cpp_ws.l(rwstdexcept.o)
    0x00006c68   0x0000001a   Code   RO         6659    i._ZNSt18__rw_open_cat_dataC1Ev  cpp_ws.l(messages.o)
    0x00006c82   0x0000000c   Code   RO         6656    i._ZNSt18__rw_open_cat_dataD1Ev  cpp_ws.l(messages.o)
    0x00006c8e   0x00000012   Code   RO         6662    i._ZNSt18__rw_open_cat_dataaSERKS_  cpp_ws.l(messages.o)
    0x00006ca0   0x000000fa   Code   RO         6205    i._ZNSt5ctypeIcE12_C_initfacetERKSt6locale  cpp_ws.l(char.o)
    0x00006d9a   0x00000002   PAD
    0x00006d9c   0x00000118   Code   RO         6207    i._ZNSt5ctypeIcEC1EPKNSt10ctype_base4maskEbj  cpp_ws.l(char.o)
    0x00006eb4   0x0000000e   Code   RO         6351    i._ZNSt5ctypeIcED0Ev  cpp_ws.l(char.o)
    0x00006ec2   0x00000002   PAD
    0x00006ec4   0x00000028   Code   RO         6269    i._ZNSt5ctypeIcED1Ev  cpp_ws.l(char.o)
    0x00006eec   0x00000004   Code   RO         5783    i._ZNSt6locale5facetD0Ev  cpp_ws.l(rwstdexcept.o)
    0x00006ef0   0x00000084   Code   RO         6464    i._ZNSt6locale7_C_initEv  cpp_ws.l(locale.o)
    0x00006f74   0x00000044   Code   RO         6466    i._ZNSt6locale7classicEv  cpp_ws.l(locale.o)
    0x00006fb8   0x00000020   Code   RO         6598    i._ZNSt6localeC1EPN4__rw15__rw_locale_impE  cpp_ws.l(locale.o)
    0x00006fd8   0x0000000c   Code   RO         6668    i._ZNSt6localeC1ERKS_  cpp_ws.l(messages.o)
    0x00006fe4   0x00000020   Code   RO         5748    i._ZNSt6localeC1Ev  cpp_ws.l(rwstdexcept.o)
    0x00007004   0x00000020   Code   RO         6577    i._ZNSt6localeD1Ev  cpp_ws.l(locale.o)
    0x00007024   0x00000032   Code   RO         6474    i._ZNSt6localeaSERKS_  cpp_ws.l(locale.o)
    0x00007056   0x0000000e   Code   RO         5767    i._ZNSt8messagesIcED0Ev  cpp_ws.l(rwstdexcept.o)
    0x00007064   0x0000000e   Code   RO         5731    i._ZNSt8messagesIcED1Ev  cpp_ws.l(rwstdexcept.o)
    0x00007072   0x00000002   PAD
    0x00007074   0x0000000c   Code   RO         6706    i._ZNSt9exceptionC1Ev  cpprt_w.l(exception_ctor.o)
    0x00007080   0x0000003c   Code   RO         6650    i._ZSt13__rw_get_catsv  cpp_ws.l(messages.o)
    0x000070bc   0x00000008   Code   RO         6674    i._ZdaPv            cpprt_w.l(array_del.o)
    0x000070c4   0x00000008   Code   RO         5795    i._ZdlPv            cpprt_w.l(delete.o)
    0x000070cc   0x00000012   Code   RO         1974    i._ZlsR9LogStream1T  log.o
    0x000070de   0x00000008   Code   RO         6677    i._Znaj             cpprt_w.l(array_new.o)
    0x000070e6   0x00000002   PAD
    0x000070e8   0x00000028   Code   RO         6681    i._Znwj             cpprt_w.l(new.o)
    0x00007110   0x0000001c   Code   RO         6161    i.__0fprintf        mc_w.l(printfa.o)
    0x0000712c   0x00000028   Code   RO         6163    i.__0snprintf       mc_w.l(printfa.o)
    0x00007154   0x00000024   Code   RO         6167    i.__0vsnprintf      mc_w.l(printfa.o)
    0x00007178   0x00000092   Code   RO         7062    i.__ARM_array_new_general  cpprt_w.l(array_new_general.o)
    0x0000720a   0x00000032   Code   RO         5801    i.__aeabi_atexit    cpprt_w.l(aeabi_atexit.o)
    0x0000723c   0x00000010   Code   RO         6905    i.__aeabi_vec_dtor_cookie  cpprt_w.l(aeabi_vec_dtor_cookie.o)
    0x0000724c   0x00000014   Code   RO         6908    i.__aeabi_vec_new_cookie  cpprt_w.l(aeabi_vec_new_cookie.o)
    0x00007260   0x00000042   Code   RO         6703    i.__cxa_finalize    cpprt_w.l(cxa_finalize.o)
    0x000072a2   0x00000010   Code   RO         5804    i.__cxa_guard_acquire  cpprt_w.l(cxa_guard_acquire.o)
    0x000072b2   0x00000006   Code   RO         5798    i.__cxa_pure_virtual  cpprt_w.l(pure_virt.o)
    0x000072b8   0x00000018   Code   RO         7040    i.__cxa_vec_new     cpprt_w.l(cxa_vec_new.o)
    0x000072d0   0x0000000e   Code   RO         7088    i.__scatterload_copy  mc_w.l(handlers.o)
    0x000072de   0x00000002   Code   RO         7089    i.__scatterload_null  mc_w.l(handlers.o)
    0x000072e0   0x0000000e   Code   RO         7090    i.__scatterload_zeroinit  mc_w.l(handlers.o)
    0x000072ee   0x00000002   PAD
    0x000072f0   0x00000010   Code   RO         6475    i.__sti___10_locale_cpp  cpp_ws.l(locale.o)
    0x00007300   0x00000038   Code   RO         6821    i.__sti___10_rwcats_cpp  cpp_ws.l(rwcats.o)
    0x00007338   0x00000010   Code   RO         6209    i.__sti___8_char_cpp  cpp_ws.l(char.o)
    0x00007348   0x0000015c   Code   RO         6169    i._fp_digits        mc_w.l(printfa.o)
    0x000074a4   0x0000000e   Code   RO         7013    i._is_digit         mc_w.l(scanf_fp.o)
    0x000074b2   0x00000002   PAD
    0x000074b4   0x000006f0   Code   RO         6170    i._printf_core      mc_w.l(printfa.o)
    0x00007ba4   0x00000026   Code   RO         6171    i._printf_post_padding  mc_w.l(printfa.o)
    0x00007bca   0x00000030   Code   RO         6172    i._printf_pre_padding  mc_w.l(printfa.o)
    0x00007bfa   0x00000016   Code   RO         6173    i._snputc           mc_w.l(printfa.o)
    0x00007c10   0x00000012   Code   RO         6743    i.fputc             mc_w.l(fputc.o)
    0x00007c22   0x00000002   PAD
    0x00007c24   0x00000050   Code   RO         6765    i.free              mc_w.l(malloc.o)
    0x00007c74   0x0000006c   Code   RO         6766    i.malloc            mc_w.l(malloc.o)
    0x00007ce0   0x0000004c   Code   RO         2304    t._Z7convertIiEjPcT_  log_stream.o
    0x00007d2c   0x00000044   Code   RO         2311    t._Z7convertIjEjPcT_  log_stream.o
    0x00007d70   0x0000004c   Code   RO         2318    t._Z7convertIlEjPcT_  log_stream.o
    0x00007dbc   0x00000044   Code   RO         2325    t._Z7convertImEjPcT_  log_stream.o
    0x00007e00   0x00000078   Code   RO         2332    t._Z7convertIxEjPcT_  log_stream.o
    0x00007e78   0x00000064   Code   RO         2339    t._Z7convertIyEjPcT_  log_stream.o
    0x00007edc   0x00000002   Code   RO         2388    t._ZN11FixedBufferILi200EE11cookieStartEv  log_stream.o
    0x00007ede   0x0000000c   Code   RO         2484    t._ZN11FixedBufferILi200EE3addEj  log_stream.o
    0x00007eea   0x00000038   Code   RO         1962    t._ZN11FixedBufferILi200EE6appendEPKcj  log.o
    0x00007f22   0x00000008   Code   RO         2490    t._ZN11FixedBufferILi200EE7currentEv  log_stream.o
    0x00007f2a   0x00000002   Code   RO         2394    t._ZN11FixedBufferILi200EE9cookieEndEv  log_stream.o
    0x00007f2c   0x00000004   Code   RO         1993    t._ZN11FixedBufferILi200EE9setCookieEPFvvE  log.o
    0x00007f30   0x0000001a   Code   RO         2418    t._ZN3FmtC1IiEEPKcT_  log_stream.o
    0x00007f4a   0x00000002   PAD
    0x00007f4c   0x00000014   Code   RO         6333    t._ZN4__rw12__string_refIcSt11char_traitsIcESaIcEE10_C_inc_refEv  cpp_ws.l(char.o)
    0x00007f60   0x00000046   Code   RO         5758    t._ZN4__rw16__rw_facet_makerISt5ctypeIcEE13_C_maker_funcEiPKcj  cpp_ws.l(rwstdexcept.o)
    0x00007fa6   0x0000004c   Code   RO         6580    t._ZN4__rw18__rw_locale_vectorIPNS_15__rw_facet_baseEE6resizeEjRKS2_  cpp_ws.l(locale.o)
    0x00007ff2   0x0000000e   Code   RO         6592    t._ZN4__rw18__rw_locale_vectorIPNS_15__rw_facet_baseEED1Ev  cpp_ws.l(locale.o)
    0x00008000   0x0000000e   Code   RO         6837    t._ZN4__rw18__rw_locale_vectorIPNS_8__rw_catEED1Ev  cpp_ws.l(rwcats.o)
    0x0000800e   0x00000002   PAD
    0x00008010   0x00000014   Code   RO         6595    t._ZN4__rw18__rw_locale_vectorISsED1Ev  cpp_ws.l(locale.o)
    0x00008024   0x00000014   Code   RO         6665    t._ZN4__rw18__rw_locale_vectorISt18__rw_open_cat_dataED1Ev  cpp_ws.l(messages.o)
    0x00008038   0x00000030   Code   RO         2346    t._ZN9LogStream13formatIntegerIiEEvT_  log_stream.o
    0x00008068   0x00000030   Code   RO         2352    t._ZN9LogStream13formatIntegerIjEEvT_  log_stream.o
    0x00008098   0x00000030   Code   RO         2358    t._ZN9LogStream13formatIntegerIlEEvT_  log_stream.o
    0x000080c8   0x00000030   Code   RO         2364    t._ZN9LogStream13formatIntegerImEEvT_  log_stream.o
    0x000080f8   0x00000036   Code   RO         2370    t._ZN9LogStream13formatIntegerIxEEvT_  log_stream.o
    0x0000812e   0x00000036   Code   RO         2376    t._ZN9LogStream13formatIntegerIyEEvT_  log_stream.o
    0x00008164   0x0000006c   Code   RO          865    t._ZN9singletonI11applicationE8instanceEv  main.o
    0x000081d0   0x00000010   Code   RO         2496    t._ZNK11FixedBufferILi200EE5availEv  log_stream.o
    0x000081e0   0x00000090   Code   RO         5725    t._ZNKSt8messagesIcE6do_getEiiiRKSs  cpp_ws.l(rwstdexcept.o)
    0x00008270   0x00000006   Code   RO         5755    t._ZNKSt8messagesIcE7do_openERKSsRKSt6locale  cpp_ws.l(rwstdexcept.o)
    0x00008276   0x00000032   Code   RO         6543    t._ZNSs11_C_allocateEjjj  cpp_ws.l(locale.o)
    0x000082a8   0x00000018   Code   RO         6589    t._ZNSs7replaceEjjPKcj  cpp_ws.l(locale.o)
    0x000082c0   0x00000168   Code   RO         6259    t._ZNSs7replaceEjjPKcjjj  cpp_ws.l(char.o)
    0x00008428   0x00000074   Code   RO         6247    t._ZNSs9_C_getRepEjj  cpp_ws.l(char.o)
    0x0000849c   0x00000048   Code   RO         6256    t._ZNSs9_C_unlinkEv  cpp_ws.l(char.o)
    0x000084e4   0x00000038   Code   RO         6546    t._ZNSsC1EPKcRKSaIcE  cpp_ws.l(locale.o)
    0x0000851c   0x00000010   Code   RO         6586    t._ZNSsC1ERKSaIcE   cpp_ws.l(locale.o)
    0x0000852c   0x0000003e   Code   RO         6250    t._ZNSsC1ERKSs      cpp_ws.l(char.o)
    0x0000856a   0x0000000c   Code   RO         6342    t._ZNSsD1Ev         cpp_ws.l(char.o)
    0x00008576   0x00000002   PAD
    0x00008578   0x00000050   Code   RO         6552    t._ZNSsaSEPKc       cpp_ws.l(locale.o)
    0x000085c8   0x0000003e   Code   RO         6549    t._ZNSsaSERKSs      cpp_ws.l(locale.o)
    0x00008606   0x0000000c   Code   RO         6336    t._ZSt3maxIjERKT_S2_S2_  cpp_ws.l(char.o)
    0x00008612   0x0000002e   Code   RO         2298    t._ZSt7reverseIPcEvT_S1_  log_stream.o
    0x00008640   0x00000200   Data   RO         1777    .constdata          utils.o
    0x00008840   0x00000025   Data   RO         2280    .constdata          log_stream.o
    0x00008865   0x00000001   PAD
    0x00008866   0x00000068   Data   RO         2659    .constdata          timestamp.o
    0x000088ce   0x00000002   PAD
    0x000088d0   0x0000001c   Data   RO         2917    .constdata          drv_interface.o
    0x000088ec   0x0000002c   Data   RO         3082    .constdata          drv_pin.o
    0x00008918   0x0000002c   Data   RO         3250    .constdata          drv_ad.o
    0x00008944   0x0000002c   Data   RO         4125    .constdata          drv_commu.o
    0x00008970   0x0000002c   Data   RO         4309    .constdata          drv_storage.o
    0x0000899c   0x0000002c   Data   RO         4494    .constdata          drv_pwm.o
    0x000089c8   0x0000002c   Data   RO         4661    .constdata          drv_event.o
    0x000089f4   0x0000002c   Data   RO         4828    .constdata          drv_timer.o
    0x00008a20   0x0000005c   Data   RO         5702    .constdata          cpp_ws.l(rwstdexcept.o)
    0x00008a7c   0x00000200   Data   RO         6229    .constdata          cpp_ws.l(char.o)
    0x00008c7c   0x00000081   Data   RO         6952    .constdata          mc_w.l(ctype_o.o)
    0x00008cfd   0x00000003   PAD
    0x00008d00   0x00000004   Data   RO         6953    .constdata          mc_w.l(ctype_o.o)
    0x00008d04   0x00000018   Data   RO         1520    .constdata__ZTV10device_pin  pin.o
    0x00008d1c   0x00000018   Data   RO         1710    .constdata__ZTV10device_pwm  pwm.o
    0x00008d34   0x0000001c   Data   RO         3652    .constdata__ZTV11transceiver  cpu_uart.o
    0x00008d50   0x00000018   Data   RO         1548    .constdata__ZTV12device_commu  commu.o
    0x00008d68   0x00000018   Data   RO         1737    .constdata__ZTV12device_event  event.o
    0x00008d80   0x00000018   Data   RO         1764    .constdata__ZTV12device_timer  timer.o
    0x00008d98   0x00000018   Data   RO         1590    .constdata__ZTV14device_storage  storage.o
    0x00008db0   0x0000001c   Data   RO         3706    .constdata__ZTV17transceiver_uart0  cpu_uart.o
    0x00008dcc   0x00000020   Data   RO         1622    .constdata__ZTV19protocol_modbus_rtu  modbus.o
    0x00008dec   0x00000018   Data   RO         1304    .constdata__ZTV6device  devices.o
    0x00008e04   0x00000020   Data   RO         1636    .constdata__ZTV8protocol  modbus.o
    0x00008e24   0x00000018   Data   RO         1273    .constdata__ZTV9device_ad  ad.o
    0x00008e3c   0x00000014   Data   RO         5771    .constdata__ZTVNSt6locale5facetE  cpp_ws.l(rwstdexcept.o)
    0x00008e50   0x00000034   Data   RO         6413    .constdata__ZTVSt12ctype_bynameIcE  cpp_ws.l(char.o)
    0x00008e84   0x00000014   Data   RO         5773    .constdata__ZTVSt14__rw_exception  cpp_ws.l(rwstdexcept.o)
    0x00008e98   0x00000034   Data   RO         6240    .constdata__ZTVSt5ctypeIcE  cpp_ws.l(char.o)
    0x00008ecc   0x00000020   Data   RO         5715    .constdata__ZTVSt8messagesIcE  cpp_ws.l(rwstdexcept.o)
    0x00008eec   0x00000014   Data   RO         6716    .constdata__ZTVSt9exception  cpprt_w.l(exception_dtor.o)
    0x00008f00   0x00000030   Data   RO         1943    .conststring        log.o
    0x00008f30   0x00000004   Data   RO         3083    .conststring        drv_pin.o
    0x00008f34   0x00000003   Data   RO         3251    .conststring        drv_ad.o
    0x00008f37   0x00000006   Data   RO         4126    .conststring        drv_commu.o
    0x00008f3d   0x00000008   Data   RO         4310    .conststring        drv_storage.o
    0x00008f45   0x00000004   Data   RO         4495    .conststring        drv_pwm.o
    0x00008f49   0x00000006   Data   RO         4662    .conststring        drv_event.o
    0x00008f4f   0x00000006   Data   RO         4829    .conststring        drv_timer.o
    0x00008f55   0x00000250   Data   RO         5703    .conststring        cpp_ws.l(rwstdexcept.o)
    0x000091a5   0x00000003   PAD
    0x000091a8   0x00000020   Data   RO         7087    Region$$Table       anon$$obj.o
    0x000091c8   0x00000004   Data   RO           20    .init_array         service.o
    0x000091cc   0x00000004   Data   RO          641    .init_array         poller.o
    0x000091d0   0x00000004   Data   RO          760    .init_array         timer_queue.o
    0x000091d4   0x00000004   Data   RO         1604    .init_array         modbus.o
    0x000091d8   0x00000004   Data   RO         1945    .init_array         log.o
    0x000091dc   0x00000004   Data   RO         3253    .init_array         drv_ad.o
    0x000091e0   0x00000004   Data   RO         3633    .init_array         cpu_uart.o
    0x000091e4   0x00000004   Data   RO         6231    .init_array         cpp_ws.l(char.o)
    0x000091e8   0x00000004   Data   RO         6524    .init_array         cpp_ws.l(locale.o)
    0x000091ec   0x00000004   Data   RO         6831    .init_array         cpp_ws.l(rwcats.o)


    Execution Region RW_IRAM1 (Base: 0x20000000, Size: 0x000017b8, Max: 0x00002000, ABSOLUTE, COMPRESSED[0x00000060])

    Base Addr    Size         Type   Attr      Idx    E Section Name        Object

    0x20000000   0x00000008   Data   RW          512    .data               event_loop.o
    0x20000008   0x00000008   Data   RW          759    .data               timer_queue.o
    0x20000010   0x00000014   Data   RW          826    .data               main.o
    0x20000024   0x0000002d   Data   RW         1944    .data               log.o
    0x20000051   0x00000003   PAD
    0x20000054   0x00000004   Data   RW         2281    .data               log_stream.o
    0x20000058   0x00000004   Data   RW         2660    .data               timestamp.o
    0x2000005c   0x0000000c   Data   RW         2804    .data               hal.o
    0x20000068   0x00000014   Data   RW         3084    .data               drv_pin.o
    0x2000007c   0x00000014   Data   RW         3252    .data               drv_ad.o
    0x20000090   0x00000001   Data   RW         3632    .data               cpu_uart.o
    0x20000091   0x00000003   PAD
    0x20000094   0x0000000c   Data   RW         4015    .data               cpu_interrupt.o
    0x200000a0   0x00000004   Data   RW         4069    .data               cpu_tick.o
    0x200000a4   0x00000014   Data   RW         4127    .data               drv_commu.o
    0x200000b8   0x0000001c   Data   RW         4311    .data               drv_storage.o
    0x200000d4   0x00000014   Data   RW         4496    .data               drv_pwm.o
    0x200000e8   0x00000018   Data   RW         4663    .data               drv_event.o
    0x20000100   0x00000018   Data   RW         4830    .data               drv_timer.o
    0x20000118   0x00000017   Data   RW         5704    .data               cpp_ws.l(rwstdexcept.o)
    0x2000012f   0x00000001   PAD
    0x20000130   0x00000008   Data   RW         6230    .data               cpp_ws.l(char.o)
    0x20000138   0x0000001c   Data   RW         6523    .data               cpp_ws.l(locale.o)
    0x20000154   0x00000004   Data   RW         6673    .data               cpp_ws.l(rwthrowproc_noex.o)
    0x20000158   0x00000004   Data   RW         6746    .data               mc_w.l(stderr.o)
    0x2000015c   0x00000004   Data   RW         6797    .data               mc_w.l(cpp_dtor.o)
    0x20000160   0x00000008   Data   RW         6804    .data               mc_w.l(cpp_unwinder.o)
    0x20000168   0x00000008   Data   RW         6830    .data               cpp_ws.l(rwcats.o)
    0x20000170   0x00000004   Data   RW         7003    .data               mc_w.l(mvars.o)
    0x20000174   0x00000004   Data   RW         7004    .data               mc_w.l(mvars.o)
    0x20000178   0x00000004   Data   RW         7021    .data               mc_w.l(cpp_memory.o)
    0x2000017c   0x00000004   Data   RW          877    .data__ZZN9singletonI11applicationE8instanceEvE1t  main.o
    0x20000180   0x00000004   Data   RW         6622    .data__ZZNKSt6locale2id7_C_initEvE9_C_id_gen  cpp_ws.l(locale.o)
    0x20000184   0x0000000c   Data   RW         6671    .data__ZZSt13__rw_get_catsvE11__open_cats  cpp_ws.l(messages.o)
    0x20000190   0x00000120   Zero   RW           18    .bss                service.o
    0x200002b0   0x00000050   Zero   RW          511    .bss                event_loop.o
    0x20000300   0x0000000c   Zero   RW          640    .bss                poller.o
    0x2000030c   0x00000064   Zero   RW          758    .bss                timer_queue.o
    0x20000370   0x000000c4   Zero   RW          825    .bss                main.o
    0x20000434   0x00000030   Zero   RW         1603    .bss                modbus.o
    0x20000464   0x00000020   Zero   RW         1942    .bss                log.o
    0x20000484   0x00000045   Zero   RW         2658    .bss                timestamp.o
    0x200004c9   0x00000003   PAD
    0x200004cc   0x00000018   Zero   RW         3249    .bss                drv_ad.o
    0x200004e4   0x00000204   Zero   RW         3631    .bss                cpu_uart.o
    0x200006e8   0x00000010   Zero   RW         3924    .bss                cpu_iic.o
    0x200006f8   0x00000108   PAD
    0x20000800   0x00000200   Zero   RW         5226    .bss                dmalib.o
    0x20000a00   0x00000018   Zero   RW         5701    .bss                cpp_ws.l(rwstdexcept.o)
    0x20000a18   0x00000010   Zero   RW         6904    .bss__ZNSs9__nullrefE  cpp_ws.l(vendor.o)
    0x20000a28   0x00000290   Zero   RW          878    .bss__ZZN9singletonI11applicationE8instanceEvE1t  main.o
    0x20000cb8   0x00000200   Zero   RW            2    HEAP                startup_aducm360.o
    0x20000eb8   0x00000900   Zero   RW            1    STACK               startup_aducm360.o


==============================================================================

Image component sizes


      Code (inc. data)   RO Data    RW Data    ZI Data      Debug   Object Name

       128          4         24          0          0       2828   ad.o
       600         36          0          0          0       4086   adclib.o
       146          0          0          0          0       3608   bsp_startup.o
       160          0          0          0          0      26447   channel.o
       120         10          0          0          0       1539   clklib.o
       448          6         24          0          0       8748   commu.o
        32          6          0          0          0     212518   cpu_gpio.o
       788         34          0          0         16      34061   cpu_iic.o
       164         22          0         12          0      24507   cpu_interrupt.o
       168         22          0          4          0      23917   cpu_tick.o
      1282        100         60          1        516     257015   cpu_uart.o
       800         52         24          0          0      22307   devices.o
       272          0          0          0          0     216305   diolib.o
      1888         60          0          0        512       6858   dmalib.o
       642         34         51         20         24     249692   drv_ad.o
       216          4         50         20          0      14241   drv_commu.o
        88          8         50         24          0      13089   drv_event.o
        36          4         28          0          0      11978   drv_interface.o
        44          4         48         20          0      12727   drv_pin.o
       664         36         48         20          0     225313   drv_pwm.o
       404         14         52         28          0      15476   drv_storage.o
        88          8         50         24          0      13089   drv_timer.o
        68          6         24          0          0       1144   event.o
       440         38          0          8         80      22445   event_loop.o
       708          8          0         12          0      17074   hal.o
       452         18          0          0          0       3262   i2clib.o
        56          4          0          0          0        778   iexclib.o
       978        110         52         45         32      35795   log.o
      1260         46         37          4          0      41473   log_stream.o
      1370        164          0         24        852      62322   main.o
      1102         34         68          0         48      13526   modbus.o
       112          4         24          0          0       1484   pin.o
       304          8          4          0         12      16108   poller.o
         0          0          0          0          0      10961   protocol.o
        68          6         24          0          0       1124   pwm.o
       300          8          0          0          0       2109   pwmlib.o
      1460         22          4          0        288      23744   service.o
        32          6        224          0       2816        780   startup_aducm360.o
        68          6         24          0          0       1160   storage.o
        68          6         24          0          0       1140   timer.o
       296         46          4          8        100      18621   timer_queue.o
      1220         76        104          4         69      18868   timestamp.o
       268         20          0          0          0       2586   urtlib.o
       964         90        512          0          0       7746   utils.o
       120         12          0          0          0       1341   wdtlib.o
         0          0          0          0          0     212936   wutlib.o

    ----------------------------------------------------------------------
     20902       1202       1673        284       5632    1918876   Object Totals
         0          0         32          0          0          0   (incl. Generated)
        10          0          3          6        267          0   (incl. Padding)

    ----------------------------------------------------------------------

      Code (inc. data)   RO Data    RW Data    ZI Data      Debug   Library Member Name

      1812         74        620          8          0       1476   char.o
      1486         78          4         32          0       1764   locale.o
       452         30          0         12          0        708   messages.o
        36          0          0          0          0        144   rwalloc.o
       184         24          4          8          0        396   rwcats.o
      1016         70        756         23         24       1128   rwstdexcept.o
       152         94          0          0          0         72   rwthrowproc_impl_noex.o
         0          0          0          4          0          0   rwthrowproc_noex.o
         0          0          0          0         16          0   vendor.o
        28          0          0          0          0         84   ARM_vec_cleanup_noexceptions.o
        50          0          0          0          0         84   aeabi_atexit.o
        14          0          0          0          0         80   aeabi_vec_delete_noexceptions.o
        16          0          0          0          0         68   aeabi_vec_dtor_cookie.o
        34          0          0          0          0         84   aeabi_vec_dtor_noexceptions.o
        20          0          0          0          0         80   aeabi_vec_new_cookie.o
        80         12          0          0          0        104   arm_exceptions_globs.o
        60          0          0          0          0        108   arm_exceptions_mem.o
        26          0          0          0          0         76   arm_exceptions_terminate.o
         4          0          0          0          0         68   arm_newhandler_noexceptions.o
         2          0          0          0          0         68   arm_rethrow_noexceptions.o
         8          0          0          0          0         76   array_del.o
         8          0          0          0          0         76   array_new.o
       146          0          0          0          0         96   array_new_general.o
        66          0          0          0          0         84   cxa_finalize.o
        16          0          0          0          0         68   cxa_guard_acquire.o
        24          6          0          0          0         84   cxa_vec_new.o
         8          0          0          0          0         76   delete.o
        12          6          0          0          0         68   exception_ctor.o
         0          0         20          0          0          0   exception_dtor.o
        40          6          0          0          0         76   new.o
         6          0          0          0          0         68   pure_virt.o
        58          0          0          0          0          0   __dczerorl.o
        28          0          0          0          0         68   _chval.o
       812          6          0          0          0        112   _scanf.o
       336          0          0          0          0         92   _scanf_int.o
       342          0          0          0          0         96   _scanf_longlong.o
       218          0          0          0          0         92   _scanf_str.o
        64          0          0          0          0         84   _sgetc.o
         8          4          0          4          0         68   cpp_dtor.o
         2          0          0          0          0         68   cpp_final.o
        32         10          0          0          0         80   cpp_init.o
         8          4          0          4          0         68   cpp_memory.o
         2          0          0          0          0         68   cpp_signal.o
        32          6          0          8          0        252   cpp_unwinder.o
         8          4        133          0          0         68   ctype_o.o
         0          0          0          0          0          0   entry.o
         0          0          0          0          0          0   entry10a.o
         0          0          0          0          0          0   entry11a.o
         8          4          0          0          0          0   entry2.o
         4          0          0          0          0          0   entry5.o
         0          0          0          0          0          0   entry7b.o
         4          0          0          0          0          0   entry8a.o
         0          0          0          0          0          0   entry8b.o
         8          4          0          0          0          0   entry9a.o
        18          0          0          0          0         80   fputc.o
        30          0          0          0          0          0   handlers.o
        36          8          0          0          0         68   init.o
        18          0          0          0          0         76   isspace_o.o
         0          0          0          0          0          0   iusefp.o
         0          0          0          0          0          0   iusesemip.o
        90          0          0          0          0         84   ldiv.o
        30          0          0          0          0         68   llshl.o
        36          0          0          0          0         68   llsshr.o
        32          0          0          0          0         68   llushr.o
       188         20          0          0          0        160   malloc.o
        36          0          0          0          0         68   memcpya.o
        66          0          0          0          0         76   memmove.o
        36          0          0          0          0        108   memseta.o
         0          0          0          8          0          0   mvars.o
      2336         94          0          0          0        676   printfa.o
        40          8          0          0          0         84   scanf_char.o
       842         12          0          0          0        212   scanf_fp.o
         0          0          0          0          0          0   semi.o
        56          8          0          0          0         84   sscanf.o
         0          0          0          4          0          0   stderr.o
        24          0          0          0          0         68   strcat.o
        28          0          0          0          0         76   strcmp.o
        18          0          0          0          0         68   strcpy.o
        14          0          0          0          0         68   strlen.o
        30          0          0          0          0         80   strncmp.o
        32          0          0          0          0         68   strrchr.o
        44          0          0          0          0         80   uidiv.o
        98          0          0          0          0         92   uldiv.o
        40          2          0          0          0         68   cdrcmple.o
        56          0          0          0          0         88   d2f.o
       334          0          0          0          0        144   dadd.o
       222          0          0          0          0        100   ddiv.o
       190          0          0          0          0        176   depilogue.o
        48          0          0          0          0         68   dfixul.o
        24          0          0          0          0         76   dfltul.o
       228          0          0          0          0         92   dmul.o
       108          0          0          0          0        168   fepilogue.o

    ----------------------------------------------------------------------
     13242        594       1543        116         40      12140   Library Totals
        34          0          6          1          0          0   (incl. Padding)

    ----------------------------------------------------------------------

      Code (inc. data)   RO Data    RW Data    ZI Data      Debug   Library Name

      5138        370       1384         87         40       5688   cpp_ws.l
       668         30         20          0          0       1676   cpprt_w.l
      6152        192        133         28          0       3796   mc_w.l
      1250          2          0          0          0        980   mf_w.l

    ----------------------------------------------------------------------
     13242        594       1543        116         40      12140   Library Totals

    ----------------------------------------------------------------------

==============================================================================


      Code (inc. data)   RO Data    RW Data    ZI Data      Debug   

     34144       1796       3216        400       5672    1916404   Grand Totals
     34144       1796       3216         96       5672    1916404   ELF Image Totals (compressed)
     34144       1796       3216         96          0          0   ROM Totals

==============================================================================

    Total RO  Size (Code + RO Data)                37360 (  36.48kB)
    Total RW  Size (RW Data + ZI Data)              6072 (   5.93kB)
    Total ROM Size (Code + RO Data + RW Data)      37456 (  36.58kB)

==============================================================================

