ARM Linker, 5.03 [Build 24] [MDK-ARM Professional]

==============================================================================

Section Cross References

    startup_aducm360.o(RESET) refers to startup_aducm360.o(STACK) for __initial_sp
    startup_aducm360.o(RESET) refers to startup_aducm360.o(.text) for Reset_Handler
    startup_aducm360.o(RESET) refers to cpu_interrupt.o(.text) for PendSV_Handler
    startup_aducm360.o(RESET) refers to cpu_tick.o(.text) for SysTick_Handler
    startup_aducm360.o(RESET) refers to drv_ad.o(.text) for ADC0_Int_Handler
    startup_aducm360.o(RESET) refers to cpu_uart.o(.text) for UART_Int_Handler
    startup_aducm360.o(RESET) refers to cpu_iic.o(.text) for I2C0_Master_Int_Handler
    startup_aducm360.o(RESET) refers to drv_pwm.o(.text) for PWM0_Int_Handler
    startup_aducm360.o(.text) refers to entry.o(.ARM.Collect$$$$00000000) for __main
    service.o(.text) refers to cpu_interrupt.o(.text) for cpu_interruptDisable()
    service.o(.text) refers to cpu_tick.o(.text) for cpu_tick_get()
    service.o(.text) refers to hal.o(.text) for API_DeviceFind(const char*)
    service.o(.text) refers to service.o(.bss) for t_timer_manage
    service.o(.text) refers to aeabi_vec_ctor_nocookie_nodtor.o(i.__aeabi_vec_ctor_nocookie_nodtor) for __aeabi_vec_ctor_nocookie_nodtor
    service.o(.text) refers to aeabi_vec_dtor_noexceptions.o(.text) for __aeabi_vec_dtor
    service.o(.text) refers to aeabi_atexit.o(i.__aeabi_atexit) for __aeabi_atexit
    service.o(.text) refers to service.o(i._ZN5eventD1Ev) for event::~event()
    service.o(.text) refers to service.o(i._ZN12timer_manageD1Ev) for timer_manage::~timer_manage()
    service.o(.ARM.exidx) refers to service.o(.text) for .text
    service.o(.init_array) refers to service.o(.text) for __sti___11_service_cpp
    service.o(.init_array) refers to cpp_init.o(.text) for __cpp_initialize__aeabi_
    channel.o(.text) refers to service.o(.text) for list_init
    channel.o(.text) refers to devices.o(.text) for device::read(unsigned short, char*, unsigned short)
    channel.o(.text) refers to event_loop.o(.text) for eventloop::remove_channel(channel*)
    channel.o(.ARM.exidx) refers to channel.o(.text) for .text
    event_loop.o(.text) refers to cxa_guard_acquire.o(i.__cxa_guard_acquire) for __cxa_guard_acquire
    event_loop.o(.text) refers to channel.o(.text) for channel::channel(eventloop*, device*)
    event_loop.o(.text) refers to aeabi_atexit.o(i.__aeabi_atexit) for __aeabi_atexit
    event_loop.o(.text) refers to devices.o(.text) for device::open()
    event_loop.o(.text) refers to service.o(.text) for list_init
    event_loop.o(.text) refers to cpu_interrupt.o(.text) for cpu_interruptDisable()
    event_loop.o(.text) refers to event_loop.o(t._ZN9singletonI12event_manageE8instanceEv) for singleton<event_manage>::instance()
    event_loop.o(.text) refers to poller.o(.text) for poller::newDefaultPoller(eventloop*)
    event_loop.o(.text) refers to timer_queue.o(.text) for timer_queue::new_timerqueue(eventloop*)
    event_loop.o(.text) refers to event_loop.o(i._ZN5eventaSERKS_) for event::operator =(const event&)
    event_loop.o(.text) refers to event.o(.text) for device_event::device_event(const char*, unsigned short)
    event_loop.o(.text) refers to event_loop.o(.data) for _ZGVevent
    event_loop.o(.text) refers to event_loop.o(.bss) for t_device_event
    event_loop.o(.ARM.exidx) refers to event_loop.o(.text) for .text
    event_loop.o(.init_array) refers to event_loop.o(.text) for __sti___14_event_loop_cpp
    event_loop.o(.init_array) refers to cpp_init.o(.text) for __cpp_initialize__aeabi_
    poller.o(.text) refers to service.o(.text) for list_init
    poller.o(.text) refers to timestamp.o(.text) for Timestamp::now()
    poller.o(.text) refers to devices.o(.text) for device::poll()
    poller.o(.text) refers to poller.o(i._ZN7channel11set_reventsEi) for channel::set_revents(int)
    poller.o(.text) refers to poller.o(i._ZN7channel13list_node_getEv) for channel::list_node_get()
    poller.o(.text) refers to aeabi_atexit.o(i.__aeabi_atexit) for __aeabi_atexit
    poller.o(.text) refers to poller.o(.bss) for t_poller
    poller.o(.ARM.exidx) refers to poller.o(.text) for .text
    poller.o(.init_array) refers to poller.o(.text) for __sti___10_poller_cpp
    poller.o(.init_array) refers to cpp_init.o(.text) for __cpp_initialize__aeabi_
    timer_queue.o(.text) refers to cxa_guard_acquire.o(i.__cxa_guard_acquire) for __cxa_guard_acquire
    timer_queue.o(.text) refers to timer.o(.text) for device_timer::device_timer(const char*, unsigned short)
    timer_queue.o(.text) refers to aeabi_atexit.o(i.__aeabi_atexit) for __aeabi_atexit
    timer_queue.o(.text) refers to channel.o(.text) for channel::channel(eventloop*, device*)
    timer_queue.o(.text) refers to devices.o(.text) for device::open()
[...]
    I2cSGCallCfg                             0x00004a39   Thumb Code    10  i2clib.o(.text)
    I2cSIDCfg                                0x00004a43   Thumb Code    28  i2clib.o(.text)
    IexcCfg                                  0x00004a71   Thumb Code    28  iexclib.o(.text)
    IexcDat                                  0x00004a8d   Thumb Code    24  iexclib.o(.text)
    PwmInit                                  0x00004aa9   Thumb Code    22  pwmlib.o(.text)
    PwmTime                                  0x00004abf   Thumb Code   122  pwmlib.o(.text)
    PwmClrInt                                0x00004b39   Thumb Code    16  pwmlib.o(.text)
    PwmLoad                                  0x00004b49   Thumb Code    24  pwmlib.o(.text)
    PwmGo                                    0x00004b61   Thumb Code    38  pwmlib.o(.text)
    PwmInvert                                0x00004b87   Thumb Code    30  pwmlib.o(.text)
    PwmHBCfg                                 0x00004ba5   Thumb Code    40  pwmlib.o(.text)
    UrtCfg                                   0x00004bd5   Thumb Code   152  urtlib.o(.text)
    UrtBrk                                   0x00004c6d   Thumb Code    26  urtlib.o(.text)
    UrtLinSta                                0x00004c87   Thumb Code     6  urtlib.o(.text)
    UrtTx                                    0x00004c8d   Thumb Code    20  urtlib.o(.text)
    UrtRx                                    0x00004ca1   Thumb Code     6  urtlib.o(.text)
    UrtMod                                   0x00004ca7   Thumb Code    10  urtlib.o(.text)
    UrtModSta                                0x00004cb1   Thumb Code     6  urtlib.o(.text)
    UrtDma                                   0x00004cb7   Thumb Code    16  urtlib.o(.text)
    UrtIntCfg                                0x00004cc7   Thumb Code     8  urtlib.o(.text)
    UrtIntSta                                0x00004ccf   Thumb Code     6  urtlib.o(.text)
    WdtCfg                                   0x00004ce1   Thumb Code    32  wdtlib.o(.text)
    WdtGo                                    0x00004d01   Thumb Code    24  wdtlib.o(.text)
    WdtLd                                    0x00004d19   Thumb Code    12  wdtlib.o(.text)
    WdtVal                                   0x00004d25   Thumb Code     8  wdtlib.o(.text)
    WdtSta                                   0x00004d2d   Thumb Code     8  wdtlib.o(.text)
    WdtClrInt                                0x00004d35   Thumb Code    24  wdtlib.o(.text)
    __aeabi_vec_dtor                         0x00004d59   Thumb Code    34  aeabi_vec_dtor_noexceptions.o(.text)
    __aeabi_uldivmod                         0x00004d7b   Thumb Code    98  uldiv.o(.text)
    __aeabi_ldivmod                          0x00004ddd   Thumb Code    90  ldiv.o(.text)
    ___aeabi_memcpy$base                     0x00004e37   Thumb Code    36  memcpya.o(.text)
    ___aeabi_memcpy4$base                    0x00004e37   Thumb Code     0  memcpya.o(.text)
    __aeabi_memcpy8                          0x00004e37   Thumb Code     0  memcpya.o(.text)
    __aeabi_memset                           0x00004e5b   Thumb Code    14  memseta.o(.text)
    __aeabi_memset4                          0x00004e5b   Thumb Code     0  memseta.o(.text)
    __aeabi_memset8                          0x00004e5b   Thumb Code     0  memseta.o(.text)
    __aeabi_memclr                           0x00004e69   Thumb Code     4  memseta.o(.text)
    __aeabi_memclr4                          0x00004e69   Thumb Code     0  memseta.o(.text)
    __aeabi_memclr8                          0x00004e69   Thumb Code     0  memseta.o(.text)
    _memset$wrapper                          0x00004e6d   Thumb Code    18  memseta.o(.text)
    strlen                                   0x00004e7f   Thumb Code    14  strlen.o(.text)
    strcpy                                   0x00004e8d   Thumb Code    18  strcpy.o(.text)
    strncmp                                  0x00004e9f   Thumb Code    30  strncmp.o(.text)
    strrchr                                  0x00004ebd   Thumb Code    32  strrchr.o(.text)
    __cpp_initialize__aeabi_                 0x00004edd   Thumb Code    22  cpp_init.o(.text)
    __aeabi_vec_delete                       0x00004efd   Thumb Code    14  aeabi_vec_delete_noexceptions.o(.text)
    __aeabi_uidiv                            0x00004f0b   Thumb Code     0  uidiv.o(.text)
    __aeabi_uidivmod                         0x00004f0b   Thumb Code    44  uidiv.o(.text)
    __aeabi_llsl                             0x00004f37   Thumb Code    30  llshl.o(.text)
    _ll_shift_l                              0x00004f37   Thumb Code     0  llshl.o(.text)
    __aeabi_llsr                             0x00004f55   Thumb Code    32  llushr.o(.text)
    _ll_ushift_r                             0x00004f55   Thumb Code     0  llushr.o(.text)
    strcat                                   0x00004f75   Thumb Code    24  strcat.o(.text)
    sscanf                                   0x00004f8d   Thumb Code    48  sscanf.o(.text)
    __I$use$fp                               0x00004fc5   Thumb Code     0  iusefp.o(.text)
    __rt_ddtor_pointer_addr                  0x00004fc5   Thumb Code     4  cpp_dtor.o(.text)
    __rt_lib_shutdown_cpp_1                  0x00004fcd   Thumb Code     2  cpp_final.o(.text)
    __rt_SIGPVFN                             0x00004fcf   Thumb Code     2  cpp_signal.o(.text)
    __aeabi_unwind_cpp_pr0                   0x00004fd1   Thumb Code     4  cpp_unwinder.o(.text)
    __aeabi_unwind_cpp_pr1                   0x00004fd5   Thumb Code     4  cpp_unwinder.o(.text)
    _Unwind_DeleteException                  0x00004fd9   Thumb Code     2  cpp_unwinder.o(.text)
    _Unwind_Activity                         0x00004fdb   Thumb Code     2  cpp_unwinder.o(.text)
    _Unwind_RaiseException                   0x00004fdd   Thumb Code     4  cpp_unwinder.o(.text)
    __rt_eh_globals_addr                     0x00004fe1   Thumb Code    10  cpp_unwinder.o(.text)
    __aeabi_dadd                             0x00004ff1   Thumb Code   322  dadd.o(.text)
    __aeabi_dsub                             0x00005133   Thumb Code     6  dadd.o(.text)
    __aeabi_drsub                            0x00005139   Thumb Code     6  dadd.o(.text)
    __aeabi_dmul                             0x0000513f   Thumb Code   228  dmul.o(.text)
    __aeabi_ddiv                             0x00005223   Thumb Code   222  ddiv.o(.text)
    __aeabi_d2ulz                            0x00005301   Thumb Code    48  dfixul.o(.text)
    __aeabi_cdrcmple                         0x00005331   Thumb Code    38  cdrcmple.o(.text)
    __cxa_get_globals                        0x0000535f   Thumb Code    62  arm_exceptions_globs.o(.text)
    std::terminate()                         0x000053a9   Thumb Code    26  arm_exceptions_terminate.o(.text)
    __default_new_handler()                  0x000053c3   Thumb Code     4  arm_newhandler_noexceptions.o(.text)
    __scatterload                            0x000053c9   Thumb Code    28  init.o(.text)
    __scatterload_rt2                        0x000053c9   Thumb Code     0  init.o(.text)
    __aeabi_lasr                             0x000053ed   Thumb Code    36  llsshr.o(.text)
    __semihosting_library_function           0x000053ed   Thumb Code     0  semi.o(.text)
    _ll_sshift_r                             0x000053ed   Thumb Code     0  llsshr.o(.text)
    __rt_ctype_table                         0x00005411   Thumb Code     4  ctype_o.o(.text)
    isspace                                  0x00005419   Thumb Code    18  isspace_o.o(.text)
    ____aeabi_memcpy8$ret$move               0x0000542b   Thumb Code     0  memmove.o(.text)
    ___aeabi_memmove4$ret                    0x0000542b   Thumb Code     0  memmove.o(.text)
    ___aeabi_memmove8$ret                    0x0000542b   Thumb Code     0  memmove.o(.text)
    __aeabi_memcpy                           0x0000542b   Thumb Code    66  memmove.o(.text)
    __aeabi_memcpy4                          0x0000542b   Thumb Code     0  memmove.o(.text)
    __aeabi_memmove                          0x0000542b   Thumb Code     0  memmove.o(.text)
    memcpy                                   0x0000542b   Thumb Code     0  memmove.o(.text)
    memmove                                  0x0000542b   Thumb Code     0  memmove.o(.text)
    strcmp                                   0x0000546d   Thumb Code    28  strcmp.o(.text)
    _scanf_longlong                          0x00005489   Thumb Code   342  _scanf_longlong.o(.text)
    _scanf_int                               0x000055df   Thumb Code   336  _scanf_int.o(.text)
    _scanf_string                            0x0000572f   Thumb Code   218  _scanf_str.o(.text)
    _scanf_real                              0x00005909   Thumb Code     0  scanf_fp.o(.text)
    _scanf_really_real                       0x00005909   Thumb Code   560  scanf_fp.o(.text)
    __vfscanf_char                           0x00005b51   Thumb Code    20  scanf_char.o(.text)
    _sgetc                                   0x00005b6d   Thumb Code    30  _sgetc.o(.text)
    _sbackspace                              0x00005b8b   Thumb Code    34  _sgetc.o(.text)
    __I$use$semihosting$fputc                0x00005bad   Thumb Code     0  iusesemip.o(.text)
    __rt_new_handler_addr                    0x00005bad   Thumb Code     4  cpp_memory.o(.text)
    _double_round                            0x00005bb5   Thumb Code    26  depilogue.o(.text)
    _double_epilogue                         0x00005bcf   Thumb Code   164  depilogue.o(.text)
    __ARM_exceptions_buffer_init             0x00005c73   Thumb Code    18  arm_exceptions_mem.o(.text)
    __ARM_exceptions_buffer_allocate         0x00005c85   Thumb Code    22  arm_exceptions_mem.o(.text)
    __ARM_exceptions_buffer_free             0x00005c9b   Thumb Code    20  arm_exceptions_mem.o(.text)
    __cxa_rethrow                            0x00005caf   Thumb Code     2  arm_rethrow_noexceptions.o(.text)
    _chval                                   0x00005cb1   Thumb Code    28  _chval.o(.text)
    __vfscanf                                0x00005ccd   Thumb Code   806  _scanf.o(.text)
    __aeabi_ul2d                             0x00005ff9   Thumb Code    24  dfltul.o(.text)
    __aeabi_d2f                              0x00006011   Thumb Code    56  d2f.o(.text)
    _float_round                             0x00006049   Thumb Code    18  fepilogue.o(.text)
    _float_epilogue                          0x0000605b   Thumb Code    90  fepilogue.o(.text)
    __ARM_vec_cleanup                        0x000060b5   Thumb Code    28  ARM_vec_cleanup_noexceptions.o(.text)
    __decompress                             0x000060d1   Thumb Code     0  __dczerorl.o(.text)
    __decompress0                            0x000060d1   Thumb Code    58  __dczerorl.o(.text)
    catgets(__rw::__rw_cat*, int, int, const char*) 0x00006121   Thumb Code    28  rwcats.o(i._Z7catgetsPN4__rw8__rw_catEiiPKc)
    catopen(const char*, int)                0x00006141   Thumb Code    34  rwcats.o(i._Z7catopenPKci)
    CModelInfo::hold_reg_set(hold_reg_index, unsigned short) 0x00006163   Thumb Code    10  main.o(i._ZN10CModelInfo12hold_reg_setE14hold_reg_indext)
    CModelInfo::storage_info_query(reg_type, storage_info*) 0x0000616d   Thumb Code    88  main.o(i._ZN10CModelInfo18storage_info_queryE8reg_typeP12storage_info)
    application::~application()              0x000061c5   Thumb Code    12  main.o(i._ZN11applicationD1Ev)
    application::~application__sub_object()  0x000061c5   Thumb Code     0  main.o(i._ZN11applicationD1Ev)
    transceiver::is_done()                   0x000061d1   Thumb Code     6  cpu_uart.o(i._ZN11transceiver7is_doneEv)
    transceiver::~transceiver()              0x000061d7   Thumb Code     8  cpu_uart.o(i._ZN11transceiverD1Ev)
    transceiver::~transceiver__sub_object()  0x000061d7   Thumb Code     0  cpu_uart.o(i._ZN11transceiverD1Ev)
    timer_manage::~timer_manage()            0x000061df   Thumb Code     8  service.o(i._ZN12timer_manageD1Ev)
    timer_manage::~timer_manage__sub_object() 0x000061df   Thumb Code     0  service.o(i._ZN12timer_manageD1Ev)
    modbus_rtu_info::len_set(int)            0x000061e7   Thumb Code     4  modbus.o(i._ZN15modbus_rtu_info7len_setEi)
    modbus_rtu_info::reg_set(int)            0x000061eb   Thumb Code     4  modbus.o(i._ZN15modbus_rtu_info7reg_setEi)
    transceiver_uart0::byte_timer_timeout(void*) 0x000061ef   Thumb Code    14  cpu_uart.o(i._ZN17transceiver_uart018byte_timer_timeoutEPv)
    transceiver_uart0::init()                0x000061fd   Thumb Code   140  cpu_uart.o(i._ZN17transceiver_uart04initEv)
    transceiver_uart0::push(signed char)     0x000062a5   Thumb Code   100  cpu_uart.o(i._ZN17transceiver_uart04pushEa)
    transceiver_uart0::is_done()             0x0000630d   Thumb Code     6  cpu_uart.o(i._ZN17transceiver_uart07is_doneEv)
    transceiver_uart0::transmit(signed char*, unsigned short) 0x00006315   Thumb Code    68  cpu_uart.o(i._ZN17transceiver_uart08transmitEPat)
    transceiver_uart0::~transceiver_uart0()  0x00006361   Thumb Code    16  cpu_uart.o(i._ZN17transceiver_uart0D1Ev)
    transceiver_uart0::~transceiver_uart0__sub_object() 0x00006361   Thumb Code     0  cpu_uart.o(i._ZN17transceiver_uart0D1Ev)
    T::T(const char*, unsigned)              0x00006371   Thumb Code     6  log.o(i._ZN1TC1EPKcj)
    T::T__sub_object(const char*, unsigned)  0x00006371   Thumb Code     0  log.o(i._ZN1TC1EPKcj)
    adc::int_enable(unsigned)                0x00006377   Thumb Code    36  drv_ad.o(i._ZN3adc10int_enableEj)
    adc::typedef_get(unsigned)               0x0000639d   Thumb Code    14  drv_ad.o(i._ZN3adc11typedef_getEj)
    adc::go(unsigned, unsigned)              0x000063b1   Thumb Code    30  drv_ad.o(i._ZN3adc2goEjj)
    adc::cpy(unsigned)                       0x000063cf   Thumb Code    60  drv_ad.o(i._ZN3adc3cpyEj)
    adc::init(unsigned)                      0x0000640d   Thumb Code    26  drv_ad.o(i._ZN3adc4initEj)
    adc::~adc()                              0x0000642d   Thumb Code     8  drv_ad.o(i._ZN3adcD1Ev)
    adc::~adc__sub_object()                  0x0000642d   Thumb Code     0  drv_ad.o(i._ZN3adcD1Ev)
    __rw::__rw_throw(int, ...)               0x00006435   Thumb Code    86  rwstdexcept.o(i._ZN4__rw10__rw_throwEiz)
    __rw::__rw_allocate(unsigned, int)       0x00006491   Thumb Code    32  rwalloc.o(i._ZN4__rw13__rw_allocateEji)
    __rw::__rw_deallocate(void*, unsigned, int) 0x00006679   Thumb Code     4  rwalloc.o(i._ZN4__rw15__rw_deallocateEPvji)
    __rw::__rw_facet_base::_C_initfacet(const std::locale&) 0x0000667d   Thumb Code     2  char.o(i._ZN4__rw15__rw_facet_base12_C_initfacetERKSt6locale)
    __rw::__rw_locale_imp::__rw_locale_imp(const char*, unsigned, unsigned) 0x00006681   Thumb Code   218  locale.o(i._ZN4__rw15__rw_locale_impC1EPKcjj)
    __rw::__rw_locale_imp::__rw_locale_imp__sub_object(const char*, unsigned, unsigned) 0x00006681   Thumb Code     0  locale.o(i._ZN4__rw15__rw_locale_impC1EPKcjj)
    __rw::__rw_locale_imp::~__rw_locale_imp() 0x00006765   Thumb Code    28  locale.o(i._ZN4__rw15__rw_locale_impD1Ev)
    __rw::__rw_locale_imp::~__rw_locale_imp__sub_object() 0x00006765   Thumb Code     0  locale.o(i._ZN4__rw15__rw_locale_impD1Ev)
    __rw::__rw_use_c_lib_locale::__rw_use_c_lib_locale(const char*, int) 0x00006781   Thumb Code    58  locale.o(i._ZN4__rw21__rw_use_c_lib_localeC1EPKci)
    __rw::__rw_use_c_lib_locale::__rw_use_c_lib_locale__sub_object(const char*, int) 0x00006781   Thumb Code     0  locale.o(i._ZN4__rw21__rw_use_c_lib_localeC1EPKci)
    __rw::__rw_use_c_lib_locale::~__rw_use_c_lib_locale() 0x000067bb   Thumb Code    24  char.o(i._ZN4__rw21__rw_use_c_lib_localeD1Ev)
    __rw::__rw_use_c_lib_locale::~__rw_use_c_lib_locale__sub_object() 0x000067bb   Thumb Code     0  char.o(i._ZN4__rw21__rw_use_c_lib_localeD1Ev)
    __rw::__rw_throw_exception_noex(int, char*) 0x000067d5   Thumb Code    58  rwthrowproc_impl_noex.o(i._ZN4__rw25__rw_throw_exception_noexEiPc)
    __rw::__catfind(__rw::__rw_cat*)         0x0000686d   Thumb Code    42  rwcats.o(i._ZN4__rw9__catfindEPNS_8__rw_catE)
    event::~event()                          0x0000689d   Thumb Code     8  service.o(i._ZN5eventD1Ev)
    event::~event__sub_object()              0x0000689d   Thumb Code     0  service.o(i._ZN5eventD1Ev)
    event::operator =(const event&)          0x000068a5   Thumb Code    76  event_loop.o(i._ZN5eventaSERKS_)
    Logger::SourceFile::SourceFile(const char*) 0x000068f1   Thumb Code    36  main.o(i._ZN6Logger10SourceFileC1EPKc)
    Logger::SourceFile::SourceFile__sub_object(const char*) 0x000068f1   Thumb Code     0  main.o(i._ZN6Logger10SourceFileC1EPKc)
    buffer::retrieve(unsigned)               0x00006915   Thumb Code    38  main.o(i._ZN6buffer8retrieveEj)
    channel::set_revents(int)                0x0000693b   Thumb Code     4  poller.o(i._ZN7channel11set_reventsEi)
    channel::list_node_get()                 0x0000693f   Thumb Code     8  poller.o(i._ZN7channel13list_node_getEv)
    protocol::info(const unsigned char*, unsigned short, protocol_info*) 0x00006947   Thumb Code     8  modbus.o(i._ZN8protocol4infoEPKhtP13protocol_info)
    protocol::pack(unsigned char*, unsigned char*, unsigned short) 0x0000694f   Thumb Code     8  modbus.o(i._ZN8protocol4packEPhS0_t)
    protocol::unpack(unsigned char*, unsigned short) 0x00006957   Thumb Code     6  modbus.o(i._ZN8protocol6unpackEPht)
    LogStream::append(const char*, int)      0x0000695d   Thumb Code    20  log.o(i._ZN9LogStream6appendEPKci)
    LogStream::operator <<(const char*)      0x00006971   Thumb Code    28  log.o(i._ZN9LogStreamlsEPKc)
    LogStream::operator <<(char)             0x0000698d   Thumb Code    18  log.o(i._ZN9LogStreamlsEc)
    buffer::readableBytes() const            0x0000699f   Thumb Code    10  main.o(i._ZNK6buffer13readableBytesEv)
    buffer::peek() const                     0x000069a9   Thumb Code    12  main.o(i._ZNK6buffer4peekEv)
    std::__rw_exception::what() const        0x000069b5   Thumb Code     4  rwstdexcept.o(i._ZNKSt14__rw_exception4whatEv)
    std::__rw_messages_base::_C_cat_open(const std::basic_string<char, std::char_traits<char>, std::allocator<char>>&, const std::locale&) const 0x000069b9   Thumb Code   210  messages.o(i._ZNKSt18__rw_messages_base11_C_cat_openERKSsRKSt6locale)
    std::__rw_messages_base::_C_get_locale(int) const 0x00006a95   Thumb Code    32  messages.o(i._ZNKSt18__rw_messages_base13_C_get_localeEi)
    std::__rw_messages_base::_C_get_message(int, int, int) const 0x00006ab5   Thumb Code    52  messages.o(i._ZNKSt18__rw_messages_base14_C_get_messageEiii)
    std::ctype<char>::is(std::ctype_base::mask, char) const 0x00006ae9   Thumb Code    14  char.o(i._ZNKSt5ctypeIcE2isENSt10ctype_base4maskEc)
    std::locale::_C_make_facet(const std::locale::id&, bool, int, __rw::__rw_facet_base*(*)(int, const char*, unsigned)) const 0x00006af9   Thumb Code   252  locale.o(i._ZNKSt6locale13_C_make_facetERKNS_2idEbiPFPN4__rw15__rw_facet_baseEiPKcjE)
    std::locale::_C_install_facet(__rw::__rw_facet_base*, const std::locale::id&) const 0x00006bfd   Thumb Code   110  locale.o(i._ZNKSt6locale16_C_install_facetEPN4__rw15__rw_facet_baseERKNS_2idE)
    std::locale::name() const                0x00006c71   Thumb Code    44  locale.o(i._ZNKSt6locale4nameEv)
    std::char_traits<char>::copy(char*, const char*, unsigned) 0x00006ca1   Thumb Code    12  char.o(i._ZNSt11char_traitsIcE4copyEPcPKcj)
    std::ctype_byname<char>::_C_get_mask_table(const char*) 0x00006cad   Thumb Code   186  char.o(i._ZNSt12ctype_bynameIcE17_C_get_mask_tableEPKc)
    std::ctype_byname<char>::ctype_byname(const char*, unsigned) 0x00006d79   Thumb Code   280  char.o(i._ZNSt12ctype_bynameIcEC1EPKcj)
    std::ctype_byname<char>::ctype_byname__sub_object(const char*, unsigned) 0x00006d79   Thumb Code     0  char.o(i._ZNSt12ctype_bynameIcEC1EPKcj)
    std::ctype_byname<char>::~ctype_byname__deallocating() 0x00006e99   Thumb Code    14  char.o(i._ZNSt12ctype_bynameIcED0Ev)
    std::__rw_exception::_C_vformat(int, std::__va_list) 0x00006ea9   Thumb Code   128  rwstdexcept.o(i._ZNSt14__rw_exception10_C_vformatEiSt9__va_list)
    std::__rw_exception::__rw_exception()    0x00006f2d   Thumb Code    16  rwstdexcept.o(i._ZNSt14__rw_exceptionC1Ev)
    std::__rw_exception::__rw_exception__sub_object() 0x00006f2d   Thumb Code     0  rwstdexcept.o(i._ZNSt14__rw_exceptionC1Ev)
    std::__rw_exception::~__rw_exception()   0x00006f41   Thumb Code    22  rwstdexcept.o(i._ZNSt14__rw_exceptionD1Ev)
    std::__rw_exception::~__rw_exception__sub_object() 0x00006f41   Thumb Code     0  rwstdexcept.o(i._ZNSt14__rw_exceptionD1Ev)
    std::__rw_open_cat_data::__rw_open_cat_data() 0x00006f5d   Thumb Code    26  messages.o(i._ZNSt18__rw_open_cat_dataC1Ev)
    std::__rw_open_cat_data::__rw_open_cat_data__sub_object() 0x00006f5d   Thumb Code     0  messages.o(i._ZNSt18__rw_open_cat_dataC1Ev)
    std::__rw_open_cat_data::~__rw_open_cat_data() 0x00006f77   Thumb Code    12  messages.o(i._ZNSt18__rw_open_cat_dataD1Ev)
    std::__rw_open_cat_data::~__rw_open_cat_data__sub_object() 0x00006f77   Thumb Code     0  messages.o(i._ZNSt18__rw_open_cat_dataD1Ev)
    std::__rw_open_cat_data::operator =(const std::__rw_open_cat_data&) 0x00006f83   Thumb Code    18  messages.o(i._ZNSt18__rw_open_cat_dataaSERKS_)
    std::ctype<char>::_C_initfacet(const std::locale&) 0x00006f95   Thumb Code   250  char.o(i._ZNSt5ctypeIcE12_C_initfacetERKSt6locale)
    std::ctype<char>::ctype(const std::ctype_base::mask*, bool, unsigned) 0x00007091   Thumb Code   270  char.o(i._ZNSt5ctypeIcEC1EPKNSt10ctype_base4maskEbj)
    std::ctype<char>::ctype__sub_object(const std::ctype_base::mask*, bool, unsigned) 0x00007091   Thumb Code     0  char.o(i._ZNSt5ctypeIcEC1EPKNSt10ctype_base4maskEbj)
    std::ctype<char>::~ctype__deallocating() 0x000071a9   Thumb Code    14  char.o(i._ZNSt5ctypeIcED0Ev)
    std::ctype<char>::~ctype()               0x000071b9   Thumb Code    34  char.o(i._ZNSt5ctypeIcED1Ev)
    std::ctype<char>::~ctype__sub_object()   0x000071b9   Thumb Code     0  char.o(i._ZNSt5ctypeIcED1Ev)
    std::locale::facet::~facet__deallocating() 0x000071e1   Thumb Code     4  rwstdexcept.o(i._ZNSt6locale5facetD0Ev)
    std::locale::_C_init()                   0x000071e5   Thumb Code   120  locale.o(i._ZNSt6locale7_C_initEv)
    std::locale::classic()                   0x00007269   Thumb Code    56  locale.o(i._ZNSt6locale7classicEv)
    std::locale::locale(__rw::__rw_locale_imp*) 0x000072ad   Thumb Code    28  locale.o(i._ZNSt6localeC1EPN4__rw15__rw_locale_impE)
    std::locale::locale__sub_object(__rw::__rw_locale_imp*) 0x000072ad   Thumb Code     0  locale.o(i._ZNSt6localeC1EPN4__rw15__rw_locale_impE)
    std::locale::locale(const std::locale&)  0x000072cd   Thumb Code    12  messages.o(i._ZNSt6localeC1ERKS_)
    std::locale::locale__sub_object(const std::locale&) 0x000072cd   Thumb Code     0  messages.o(i._ZNSt6localeC1ERKS_)
    std::locale::locale()                    0x000072d9   Thumb Code    28  rwstdexcept.o(i._ZNSt6localeC1Ev)
    std::locale::locale__sub_object()        0x000072d9   Thumb Code     0  rwstdexcept.o(i._ZNSt6localeC1Ev)
    std::locale::~locale()                   0x000072f9   Thumb Code    32  locale.o(i._ZNSt6localeD1Ev)
    std::locale::~locale__sub_object()       0x000072f9   Thumb Code     0  locale.o(i._ZNSt6localeD1Ev)
    std::locale::operator =(const std::locale&) 0x00007319   Thumb Code    50  locale.o(i._ZNSt6localeaSERKS_)
    std::messages<char>::~messages__deallocating() 0x0000734b   Thumb Code    14  rwstdexcept.o(i._ZNSt8messagesIcED0Ev)
    std::messages<char>::~messages()         0x00007359   Thumb Code    14  rwstdexcept.o(i._ZNSt8messagesIcED1Ev)
    std::messages<char>::~messages__sub_object() 0x00007359   Thumb Code     0  rwstdexcept.o(i._ZNSt8messagesIcED1Ev)
    std::exception::exception()              0x00007369   Thumb Code     6  exception_ctor.o(i._ZNSt9exceptionC1Ev)
    std::exception::exception__sub_object()  0x00007369   Thumb Code     0  exception_ctor.o(i._ZNSt9exceptionC1Ev)
    std::__rw_get_cats()                     0x00007375   Thumb Code    44  messages.o(i._ZSt13__rw_get_catsv)
    operator delete[] (void*)                0x000073b1   Thumb Code     8  array_del.o(i._ZdaPv)
    operator delete (void*)                  0x000073b9   Thumb Code     8  delete.o(i._ZdlPv)
    operator <<(LogStream&, T)               0x000073c1   Thumb Code    18  log.o(i._ZlsR9LogStream1T)
    operator new[] (unsigned)                0x000073d3   Thumb Code     8  array_new.o(i._Znaj)
    operator new(unsigned)                   0x000073dd   Thumb Code    34  new.o(i._Znwj)
    __0fprintf                               0x00007405   Thumb Code    22  printfa.o(i.__0fprintf)
    __1fprintf                               0x00007405   Thumb Code     0  printfa.o(i.__0fprintf)
    __2fprintf                               0x00007405   Thumb Code     0  printfa.o(i.__0fprintf)
    __c89fprintf                             0x00007405   Thumb Code     0  printfa.o(i.__0fprintf)
    fprintf                                  0x00007405   Thumb Code     0  printfa.o(i.__0fprintf)
    __0snprintf                              0x00007421   Thumb Code    36  printfa.o(i.__0snprintf)
    __1snprintf                              0x00007421   Thumb Code     0  printfa.o(i.__0snprintf)
    __2snprintf                              0x00007421   Thumb Code     0  printfa.o(i.__0snprintf)
    __c89snprintf                            0x00007421   Thumb Code     0  printfa.o(i.__0snprintf)
    snprintf                                 0x00007421   Thumb Code     0  printfa.o(i.__0snprintf)
    __0vsnprintf                             0x00007449   Thumb Code    32  printfa.o(i.__0vsnprintf)
    __1vsnprintf                             0x00007449   Thumb Code     0  printfa.o(i.__0vsnprintf)
    __2vsnprintf                             0x00007449   Thumb Code     0  printfa.o(i.__0vsnprintf)
    __c89vsnprintf                           0x00007449   Thumb Code     0  printfa.o(i.__0vsnprintf)
    vsnprintf                                0x00007449   Thumb Code     0  printfa.o(i.__0vsnprintf)
    __ARM_array_new_general                  0x0000746d   Thumb Code   146  array_new_general.o(i.__ARM_array_new_general)
    __aeabi_atexit                           0x000074ff   Thumb Code    50  aeabi_atexit.o(i.__aeabi_atexit)
    __aeabi_vec_ctor_nocookie_nodtor         0x00007531   Thumb Code    34  aeabi_vec_ctor_nocookie_nodtor.o(i.__aeabi_vec_ctor_nocookie_nodtor)
    __aeabi_vec_dtor_cookie                  0x00007553   Thumb Code    16  aeabi_vec_dtor_cookie.o(i.__aeabi_vec_dtor_cookie)
    __aeabi_vec_new_cookie                   0x00007563   Thumb Code    20  aeabi_vec_new_cookie.o(i.__aeabi_vec_new_cookie)
    __cxa_finalize                           0x00007577   Thumb Code    66  cxa_finalize.o(i.__cxa_finalize)
    __cxa_guard_acquire                      0x000075b9   Thumb Code    16  cxa_guard_acquire.o(i.__cxa_guard_acquire)
    __cxa_pure_virtual                       0x000075c9   Thumb Code     6  pure_virt.o(i.__cxa_pure_virtual)
    __cxa_vec_new                            0x000075d1   Thumb Code    18  cxa_vec_new.o(i.__cxa_vec_new)
    __scatterload_copy                       0x000075e9   Thumb Code    14  handlers.o(i.__scatterload_copy)
    __scatterload_null                       0x000075f7   Thumb Code     2  handlers.o(i.__scatterload_null)
    __scatterload_zeroinit                   0x000075f9   Thumb Code    14  handlers.o(i.__scatterload_zeroinit)
    _is_digit                                0x000077bd   Thumb Code    14  scanf_fp.o(i._is_digit)
    fputc                                    0x00007f29   Thumb Code    18  fputc.o(i.fputc)
    free                                     0x00007f3d   Thumb Code    76  malloc.o(i.free)
    malloc                                   0x00007f8d   Thumb Code    92  malloc.o(i.malloc)
    convert<int>(char*, T1)                  0x00007ff9   Thumb Code    70  log_stream.o(t._Z7convertIiEjPcT_)
    convert<unsigned>(char*, T1)             0x00008045   Thumb Code    62  log_stream.o(t._Z7convertIjEjPcT_)
    convert<long>(char*, T1)                 0x00008089   Thumb Code    70  log_stream.o(t._Z7convertIlEjPcT_)
    convert<unsigned long>(char*, T1)        0x000080d5   Thumb Code    62  log_stream.o(t._Z7convertImEjPcT_)
    convert<long long>(char*, T1)            0x00008119   Thumb Code   116  log_stream.o(t._Z7convertIxEjPcT_)
    convert<unsigned long long>(char*, T1)   0x00008191   Thumb Code    96  log_stream.o(t._Z7convertIyEjPcT_)
    FixedBuffer<(int)200>::cookieStart()     0x000081f5   Thumb Code     2  log_stream.o(t._ZN11FixedBufferILi200EE11cookieStartEv)
    FixedBuffer<(int)200>::add(unsigned)     0x000081f7   Thumb Code    12  log_stream.o(t._ZN11FixedBufferILi200EE3addEj)
    FixedBuffer<(int)200>::append(const char*, unsigned) 0x00008203   Thumb Code    56  log.o(t._ZN11FixedBufferILi200EE6appendEPKcj)
    FixedBuffer<(int)200>::current()         0x0000823b   Thumb Code     8  log_stream.o(t._ZN11FixedBufferILi200EE7currentEv)
    FixedBuffer<(int)200>::cookieEnd()       0x00008243   Thumb Code     2  log_stream.o(t._ZN11FixedBufferILi200EE9cookieEndEv)
    FixedBuffer<(int)200>::setCookie(void(*)()) 0x00008245   Thumb Code     4  log.o(t._ZN11FixedBufferILi200EE9setCookieEPFvvE)
    Fmt::Fmt<int>(const char*, T1)           0x00008249   Thumb Code    26  log_stream.o(t._ZN3FmtC1IiEEPKcT_)
    Fmt::Fmt__sub_object<int>(const char*, T1) 0x00008249   Thumb Code     0  log_stream.o(t._ZN3FmtC1IiEEPKcT_)
    __rw::__string_ref<char, std::char_traits<char>, std::allocator<char>>::_C_inc_ref() 0x00008265   Thumb Code    14  char.o(t._ZN4__rw12__string_refIcSt11char_traitsIcESaIcEE10_C_inc_refEv)
    __rw::__rw_facet_maker<std::ctype<char>>::_C_maker_func(int, const char*, unsigned) 0x00008279   Thumb Code    70  rwstdexcept.o(t._ZN4__rw16__rw_facet_makerISt5ctypeIcEE13_C_maker_funcEiPKcj)
    __rw::__rw_locale_vector<__rw::__rw_facet_base*>::resize(unsigned, __rw::__rw_facet_base*const &) 0x000082bf   Thumb Code    76  locale.o(t._ZN4__rw18__rw_locale_vectorIPNS_15__rw_facet_baseEE6resizeEjRKS2_)
    __rw::__rw_locale_vector<__rw::__rw_facet_base*>::~__rw_locale_vector() 0x0000830b   Thumb Code    14  locale.o(t._ZN4__rw18__rw_locale_vectorIPNS_15__rw_facet_baseEED1Ev)
    __rw::__rw_locale_vector<__rw::__rw_facet_base*>::~__rw_locale_vector__sub_object() 0x0000830b   Thumb Code     0  locale.o(t._ZN4__rw18__rw_locale_vectorIPNS_15__rw_facet_baseEED1Ev)
    __rw::__rw_locale_vector<__rw::__rw_cat*>::~__rw_locale_vector() 0x00008319   Thumb Code    14  rwcats.o(t._ZN4__rw18__rw_locale_vectorIPNS_8__rw_catEED1Ev)
    __rw::__rw_locale_vector<__rw::__rw_cat*>::~__rw_locale_vector__sub_object() 0x00008319   Thumb Code     0  rwcats.o(t._ZN4__rw18__rw_locale_vectorIPNS_8__rw_catEED1Ev)
    __rw::__rw_locale_vector<std::basic_string<char, std::char_traits<char>, std::allocator<char>>>::~__rw_locale_vector() 0x00008329   Thumb Code    16  locale.o(t._ZN4__rw18__rw_locale_vectorISsED1Ev)
    __rw::__rw_locale_vector<std::basic_string<char, std::char_traits<char>, std::allocator<char>>>::~__rw_locale_vector__sub_object() 0x00008329   Thumb Code     0  locale.o(t._ZN4__rw18__rw_locale_vectorISsED1Ev)
    __rw::__rw_locale_vector<std::__rw_open_cat_data>::~__rw_locale_vector() 0x0000833d   Thumb Code    16  messages.o(t._ZN4__rw18__rw_locale_vectorISt18__rw_open_cat_dataED1Ev)
    __rw::__rw_locale_vector<std::__rw_open_cat_data>::~__rw_locale_vector__sub_object() 0x0000833d   Thumb Code     0  messages.o(t._ZN4__rw18__rw_locale_vectorISt18__rw_open_cat_dataED1Ev)
    LogStream::formatInteger<int>(T1)        0x00008351   Thumb Code    48  log_stream.o(t._ZN9LogStream13formatIntegerIiEEvT_)
    LogStream::formatInteger<unsigned>(T1)   0x00008381   Thumb Code    48  log_stream.o(t._ZN9LogStream13formatIntegerIjEEvT_)
    LogStream::formatInteger<long>(T1)       0x000083b1   Thumb Code    48  log_stream.o(t._ZN9LogStream13formatIntegerIlEEvT_)
    LogStream::formatInteger<unsigned long>(T1) 0x000083e1   Thumb Code    48  log_stream.o(t._ZN9LogStream13formatIntegerImEEvT_)
    LogStream::formatInteger<long long>(T1)  0x00008411   Thumb Code    54  log_stream.o(t._ZN9LogStream13formatIntegerIxEEvT_)
    LogStream::formatInteger<unsigned long long>(T1) 0x00008447   Thumb Code    54  log_stream.o(t._ZN9LogStream13formatIntegerIyEEvT_)
    singleton<application>::instance()       0x0000847d   Thumb Code    70  main.o(t._ZN9singletonI11applicationE8instanceEv)
    singleton<event_manage>::instance()      0x000084e9   Thumb Code    46  event_loop.o(t._ZN9singletonI12event_manageE8instanceEv)
    FixedBuffer<(int)200>::avail() const     0x00008529   Thumb Code    16  log_stream.o(t._ZNK11FixedBufferILi200EE5availEv)
    std::messages<char>::do_get(int, int, int, const std::basic_string<char, std::char_traits<char>, std::allocator<char>>&) const 0x00008539   Thumb Code   136  rwstdexcept.o(t._ZNKSt8messagesIcE6do_getEiiiRKSs)
    std::messages<char>::do_open(const std::basic_string<char, std::char_traits<char>, std::allocator<char>>&, const std::locale&) const 0x000085c9   Thumb Code     6  rwstdexcept.o(t._ZNKSt8messagesIcE7do_openERKSsRKSt6locale)
    std::basic_string<char, std::char_traits<char>, std::allocator<char>>::_C_allocate(unsigned, unsigned, unsigned) 0x000085cf   Thumb Code    50  locale.o(t._ZNSs11_C_allocateEjjj)
    std::basic_string<char, std::char_traits<char>, std::allocator<char>>::replace(unsigned, unsigned, const char*, unsigned) 0x00008601   Thumb Code    24  locale.o(t._ZNSs7replaceEjjPKcj)
    std::basic_string<char, std::char_traits<char>, std::allocator<char>>::replace(unsigned, unsigned, const char*, unsigned, unsigned, unsigned) 0x00008619   Thumb Code   352  char.o(t._ZNSs7replaceEjjPKcjjj)
    std::basic_string<char, std::char_traits<char>, std::allocator<char>>::_C_getRep(unsigned, unsigned) 0x00008781   Thumb Code   108  char.o(t._ZNSs9_C_getRepEjj)
    std::basic_string<char, std::char_traits<char>, std::allocator<char>>::_C_unlink() 0x000087f5   Thumb Code    66  char.o(t._ZNSs9_C_unlinkEv)
    std::basic_string<char, std::char_traits<char>, std::allocator<char>>::basic_string(const char*, const std::allocator<char>&) 0x0000883d   Thumb Code    52  locale.o(t._ZNSsC1EPKcRKSaIcE)
    std::basic_string<char, std::char_traits<char>, std::allocator<char>>::basic_string__sub_object(const char*, const std::allocator<char>&) 0x0000883d   Thumb Code     0  locale.o(t._ZNSsC1EPKcRKSaIcE)
    std::basic_string<char, std::char_traits<char>, std::allocator<char>>::basic_string(const std::allocator<char>&) 0x00008875   Thumb Code    12  locale.o(t._ZNSsC1ERKSaIcE)
    std::basic_string<char, std::char_traits<char>, std::allocator<char>>::basic_string__sub_object(const std::allocator<char>&) 0x00008875   Thumb Code     0  locale.o(t._ZNSsC1ERKSaIcE)
    std::basic_string<char, std::char_traits<char>, std::allocator<char>>::basic_string(const std::basic_string<char, std::char_traits<char>, std::allocator<char>>&) 0x00008885   Thumb Code    62  char.o(t._ZNSsC1ERKSs)
    std::basic_string<char, std::char_traits<char>, std::allocator<char>>::basic_string__sub_object(const std::basic_string<char, std::char_traits<char>, std::allocator<char>>&) 0x00008885   Thumb Code     0  char.o(t._ZNSsC1ERKSs)
    std::basic_string<char, std::char_traits<char>, std::allocator<char>>::~basic_string() 0x000088c3   Thumb Code    12  char.o(t._ZNSsD1Ev)
    std::basic_string<char, std::char_traits<char>, std::allocator<char>>::~basic_string__sub_object() 0x000088c3   Thumb Code     0  char.o(t._ZNSsD1Ev)
    std::basic_string<char, std::char_traits<char>, std::allocator<char>>::operator =(const char*) 0x000088d1   Thumb Code    74  locale.o(t._ZNSsaSEPKc)
    std::basic_string<char, std::char_traits<char>, std::allocator<char>>::operator =(const std::basic_string<char, std::char_traits<char>, std::allocator<char>>&) 0x00008921   Thumb Code    62  locale.o(t._ZNSsaSERKSs)
    std::max<unsigned>(const T1&, const T1&) 0x0000895f   Thumb Code    12  char.o(t._ZSt3maxIjERKT_S2_S2_)
    std::reverse<char*>(T1, T1)              0x0000896b   Thumb Code    46  log_stream.o(t._ZSt7reverseIPcEvT_S1_)
    std::ctype<char>::_C_classic_table       0x00008dd4   Data         512  char.o(.constdata)
    __ctype_table                            0x00008fd4   Data         129  ctype_o.o(.constdata)
    vtable for device_pin                    0x0000905c   Data          24  pin.o(.constdata__ZTV10device_pin)
    vtable for device_pwm                    0x00009074   Data          24  pwm.o(.constdata__ZTV10device_pwm)
    vtable for transceiver                   0x0000908c   Data          28  cpu_uart.o(.constdata__ZTV11transceiver)
    vtable for device_commu                  0x000090a8   Data          24  commu.o(.constdata__ZTV12device_commu)
    vtable for device_event                  0x000090c0   Data          24  event.o(.constdata__ZTV12device_event)
    vtable for device_timer                  0x000090d8   Data          24  timer.o(.constdata__ZTV12device_timer)
    vtable for device_storage                0x000090f0   Data          24  storage.o(.constdata__ZTV14device_storage)
    vtable for transceiver_uart0             0x00009108   Data          28  cpu_uart.o(.constdata__ZTV17transceiver_uart0)
    vtable for protocol_modbus_rtu           0x00009124   Data          32  modbus.o(.constdata__ZTV19protocol_modbus_rtu)
    vtable for device                        0x00009144   Data          24  devices.o(.constdata__ZTV6device)
    vtable for protocol                      0x0000915c   Data          32  modbus.o(.constdata__ZTV8protocol)
    vtable for device_ad                     0x0000917c   Data          24  ad.o(.constdata__ZTV9device_ad)
    vtable for std::locale::facet            0x00009194   Data          20  rwstdexcept.o(.constdata__ZTVNSt6locale5facetE)
    vtable for std::ctype_byname<char>       0x000091a8   Data          52  char.o(.constdata__ZTVSt12ctype_bynameIcE)
    vtable for std::__rw_exception           0x000091dc   Data          20  rwstdexcept.o(.constdata__ZTVSt14__rw_exception)
    vtable for std::ctype<char>              0x000091f0   Data          52  char.o(.constdata__ZTVSt5ctypeIcE)
    vtable for std::messages<char>           0x00009224   Data          32  rwstdexcept.o(.constdata__ZTVSt8messagesIcE)
    vtable for std::exception                0x00009244   Data          20  exception_dtor.o(.constdata__ZTVSt9exception)
    Region$$Table$$Base                      0x00009500   Number         0  anon$$obj.o(Region$$Table)
    Region$$Table$$Limit                     0x00009520   Number         0  anon$$obj.o(Region$$Table)
    SHT$$INIT_ARRAY$$Base                    0x00009520   Number         0  service.o(.init_array)
    SHT$$INIT_ARRAY$$Limit                   0x0000954c   Number         0  rwcats.o(.init_array)
    errno                                    0x20000020   Data           4  log.o(.data)
    strerror_array                           0x20000024   Data           4  log.o(.data)
    t_lastSecond                             0x20000028   Data           4  log.o(.data)
    LogLevelName                             0x2000002c   Data          24  log.o(.data)
    g_output                                 0x20000044   Data           4  log.o(.data)
    g_flush                                  0x20000048   Data           4  log.o(.data)
    g_logLevel                               0x2000004c   Data           1  log.o(.data)
    zero                                     0x20000050   Data           4  log_stream.o(.data)
    transceiver_uart0::m_clock_init          0x2000008c   Data           1  cpu_uart.o(.data)
    t_storage_geometry                       0x200000b4   Data           6  drv_storage.o(.data)
    std::ctype<char>::id                     0x2000012c   Data           4  char.o(.data)
    std::ctype<wchar_t>::id                  0x20000130   Data           4  char.o(.data)
    std::locale::_C_classic                  0x2000013c   Data           4  locale.o(.data)
    std::locale::_C_native                   0x20000140   Data           4  locale.o(.data)
    std::locale::_C_global                   0x20000144   Data           4  locale.o(.data)
    std::codecvt<char, char, std::__mbstate_t>::id 0x20000148   Data           4  locale.o(.data)
    std::codecvt<wchar_t, char, std::__mbstate_t>::id 0x2000014c   Data           4  locale.o(.data)
    __rw_throw_proc                          0x20000150   Data           4  rwthrowproc_noex.o(.data)
    __stderr                                 0x20000154   Data           4  stderr.o(.data)
    __microlib_freelist                      0x2000016c   Data           4  mvars.o(.data)
    __microlib_freelist_initialised          0x20000170   Data           4  mvars.o(.data)
    guard variable for singleton<application>::instance()::t 0x20000178   Data           4  main.o(.data__ZZN9singletonI11applicationE8instanceEvE1t)
    guard variable for singleton<event_manage>::instance()::t 0x2000017c   Data           4  event_loop.o(.data__ZZN9singletonI12event_manageE8instanceEvE1t)
    std::locale::id::_C_init() const::_C_id_gen 0x20000180   Data           4  locale.o(.data__ZZNKSt6locale2id7_C_initEvE9_C_id_gen)
    guard variable for std::__rw_get_cats()::__open_cats 0x20000184   Data           4  messages.o(.data__ZZSt13__rw_get_catsvE11__open_cats)
    std::__rw_get_cats()::__open_cats        0x20000188   Data           8  messages.o(.data__ZZSt13__rw_get_catsvE11__open_cats)
    t_timer_manage                           0x20000190   Data         288  service.o(.bss)
    t_poller                                 0x20000300   Data          12  poller.o(.bss)
    t_timer_queue                            0x2000035c   Data          20  timer_queue.o(.bss)
    t_protocol_modbus_rtu                    0x20000434   Data          48  modbus.o(.bss)
    t_time                                   0x20000464   Data          32  log.o(.bss)
    t_adc                                    0x200004cc   Data          24  drv_ad.o(.bss)
    t_transceiver_uart0                      0x200004e4   Data         516  cpu_uart.o(.bss)
    t_iic_transfer                           0x200006e8   Data          16  cpu_iic.o(.bss)
    dmaChanDesc                              0x20000800   Data         512  dmalib.o(.bss)
    std::basic_string<char, std::char_traits<char>, std::allocator<char>>::__nullref 0x20000a18   Data          16  vendor.o(.bss__ZNSs9__nullrefE)
    singleton<application>::instance()::t    0x20000a28   Data         660  main.o(.bss__ZZN9singletonI11applicationE8instanceEvE1t)
    singleton<event_manage>::instance()::t   0x20000cbc   Data         316  event_loop.o(.bss__ZZN9singletonI12event_manageE8instanceEvE1t)
    __heap_base                              0x20000df8   Data           0  startup_aducm360.o(HEAP)
    __heap_limit                             0x20000ff8   Data           0  startup_aducm360.o(HEAP)
    __initial_sp                             0x200018f8   Data           0  startup_aducm360.o(STACK)



==============================================================================

Memory Map of the image

  Image Entry point : 0x000000e1

  Load Region LR_IROM1 (Base: 0x00000000, Size: 0x000096dc, Max: 0x00020000, ABSOLUTE, COMPRESSED[0x000095ac])

    Execution Region ER_IROM1 (Base: 0x00000000, Size: 0x0000954c, Max: 0x00020000, ABSOLUTE)

    Base Addr    Size         Type   Attr      Idx    E Section Name        Object

    0x00000000   0x000000e0   Data   RO            3    RESET               startup_aducm360.o
    0x000000e0   0x00000000   Code   RO         6033  * .ARM.Collect$$$$00000000  mc_w.l(entry.o)
    0x000000e0   0x00000004   Code   RO         6854    .ARM.Collect$$$$00000001  mc_w.l(entry2.o)
    0x000000e4   0x00000004   Code   RO         6857    .ARM.Collect$$$$00000004  mc_w.l(entry5.o)
    0x000000e8   0x00000000   Code   RO         6859    .ARM.Collect$$$$00000008  mc_w.l(entry7b.o)
    0x000000e8   0x00000004   Code   RO         6860    .ARM.Collect$$$$00000009  mc_w.l(entry8a.o)
    0x000000ec   0x00000000   Code   RO         6861    .ARM.Collect$$$$0000000A  mc_w.l(entry8b.o)
    0x000000ec   0x00000008   Code   RO         6862    .ARM.Collect$$$$0000000B  mc_w.l(entry9a.o)
    0x000000f4   0x00000000   Code   RO         6864    .ARM.Collect$$$$0000000D  mc_w.l(entry10a.o)
    0x000000f4   0x00000000   Code   RO         6866    .ARM.Collect$$$$0000000F  mc_w.l(entry11a.o)
    0x000000f4   0x00000004   Code   RO         6855    .ARM.Collect$$$$00002712  mc_w.l(entry2.o)
    0x000000f8   0x00000020   Code   RO            4    .text               startup_aducm360.o
    0x00000118   0x0000067c   Code   RO           16    .text               service.o
    0x00000794   0x000000d0   Code   RO          227    .text               channel.o
    0x00000864   0x00000264   Code   RO          531    .text               event_loop.o
    0x00000ac8   0x00000128   Code   RO          742    .text               poller.o
    0x00000bf0   0x00000158   Code   RO          834    .text               timer_queue.o
    0x00000d48   0x0000050c   Code   RO          902    .text               main.o
    0x00001254   0x00000088   Code   RO         1380    .text               ad.o
    0x000012dc   0x00000324   Code   RO         1410    .text               devices.o
    0x00001600   0x00000070   Code   RO         1627    .text               pin.o
    0x00001670   0x000001c0   Code   RO         1654    .text               commu.o
    0x00001830   0x00000044   Code   RO         1697    .text               storage.o
    0x00001874   0x00000430   Code   RO         1724    .text               modbus.o
    0x00001ca4   0x00000044   Code   RO         1817    .text               pwm.o
    0x00001ce8   0x00000044   Code   RO         1844    .text               event.o
    0x00001d2c   0x00000044   Code   RO         1871    .text               timer.o
    0x00001d70   0x000003c4   Code   RO         1898    .text               utils.o
    0x00002134   0x0000033c   Code   RO         2063    .text               log.o
    0x00002470   0x00000154   Code   RO         2401    .text               log_stream.o
    0x000025c4   0x000004c4   Code   RO         2779    .text               timestamp.o
    0x00002a88   0x000002c4   Code   RO         2925    .text               hal.o
    0x00002d4c   0x00000024   Code   RO         3038    .text               drv_interface.o
    0x00002d70   0x0000002c   Code   RO         3203    .text               drv_pin.o
    0x00002d9c   0x000001e4   Code   RO         3370    .text               drv_ad.o
    0x00002f80   0x00000092   Code   RO         3589    .text               bsp_startup.o
    0x00003012   0x00000002   PAD
    0x00003014   0x00000340   Code   RO         3752    .text               cpu_uart.o
    0x00003354   0x00000020   Code   RO         4000    .text               cpu_gpio.o
    0x00003374   0x000002f8   Code   RO         4041    .text               cpu_iic.o
    0x0000366c   0x000000a4   Code   RO         4130    .text               cpu_interrupt.o
    0x00003710   0x000000a8   Code   RO         4184    .text               cpu_tick.o
    0x000037b8   0x000000d8   Code   RO         4240    .text               drv_commu.o
    0x00003890   0x00000194   Code   RO         4424    .text               drv_storage.o
    0x00003a24   0x00000298   Code   RO         4609    .text               drv_pwm.o
    0x00003cbc   0x00000058   Code   RO         4776    .text               drv_event.o
    0x00003d14   0x00000058   Code   RO         4943    .text               drv_timer.o
    0x00003d6c   0x00000258   Code   RO         5230    .text               adclib.o
    0x00003fc4   0x00000078   Code   RO         5253    .text               clklib.o
    0x0000403c   0x00000110   Code   RO         5299    .text               diolib.o
    0x0000414c   0x00000760   Code   RO         5342    .text               dmalib.o
    0x000048ac   0x000001c4   Code   RO         5438    .text               i2clib.o
    0x00004a70   0x00000038   Code   RO         5461    .text               iexclib.o
    0x00004aa8   0x0000012c   Code   RO         5507    .text               pwmlib.o
    0x00004bd4   0x0000010c   Code   RO         5599    .text               urtlib.o
    0x00004ce0   0x00000078   Code   RO         5622    .text               wdtlib.o
    0x00004d58   0x00000022   Code   RO         5924    .text               cpprt_w.l(aeabi_vec_dtor_noexceptions.o)
    0x00004d7a   0x00000062   Code   RO         6036    .text               mc_w.l(uldiv.o)
    0x00004ddc   0x0000005a   Code   RO         6038    .text               mc_w.l(ldiv.o)
    0x00004e36   0x00000024   Code   RO         6040    .text               mc_w.l(memcpya.o)
    0x00004e5a   0x00000024   Code   RO         6042    .text               mc_w.l(memseta.o)
    0x00004e7e   0x0000000e   Code   RO         6044    .text               mc_w.l(strlen.o)
    0x00004e8c   0x00000012   Code   RO         6046    .text               mc_w.l(strcpy.o)
    0x00004e9e   0x0000001e   Code   RO         6048    .text               mc_w.l(strncmp.o)
    0x00004ebc   0x00000020   Code   RO         6050    .text               mc_w.l(strrchr.o)
    0x00004edc   0x00000020   Code   RO         6318    .text               mc_w.l(cpp_init.o)
    0x00004efc   0x0000000e   Code   RO         6810    .text               cpprt_w.l(aeabi_vec_delete_noexceptions.o)
    0x00004f0a   0x0000002c   Code   RO         6872    .text               mc_w.l(uidiv.o)
    0x00004f36   0x0000001e   Code   RO         6874    .text               mc_w.l(llshl.o)
    0x00004f54   0x00000020   Code   RO         6876    .text               mc_w.l(llushr.o)
    0x00004f74   0x00000018   Code   RO         6884    .text               mc_w.l(strcat.o)
    0x00004f8c   0x00000038   Code   RO         6916    .text               mc_w.l(sscanf.o)
    0x00004fc4   0x00000000   Code   RO         6918    .text               mc_w.l(iusefp.o)
    0x00004fc4   0x00000008   Code   RO         6919    .text               mc_w.l(cpp_dtor.o)
    0x00004fcc   0x00000002   Code   RO         6922    .text               mc_w.l(cpp_final.o)
    0x00004fce   0x00000002   Code   RO         6924    .text               mc_w.l(cpp_signal.o)
    0x00004fd0   0x00000020   Code   RO         6926    .text               mc_w.l(cpp_unwinder.o)
    0x00004ff0   0x0000014e   Code   RO         6929    .text               mf_w.l(dadd.o)
    0x0000513e   0x000000e4   Code   RO         6931    .text               mf_w.l(dmul.o)
    0x00005222   0x000000de   Code   RO         6933    .text               mf_w.l(ddiv.o)
    0x00005300   0x00000030   Code   RO         6935    .text               mf_w.l(dfixul.o)
    0x00005330   0x00000028   Code   RO         6937    .text               mf_w.l(cdrcmple.o)
    0x00005358   0x00000050   Code   RO         7040    .text               cpprt_w.l(arm_exceptions_globs.o)
    0x000053a8   0x0000001a   Code   RO         7047    .text               cpprt_w.l(arm_exceptions_terminate.o)
    0x000053c2   0x00000004   Code   RO         7050    .text               cpprt_w.l(arm_newhandler_noexceptions.o)
    0x000053c6   0x00000002   PAD
    0x000053c8   0x00000024   Code   RO         7069    .text               mc_w.l(init.o)
    0x000053ec   0x00000000   Code   RO         7071    .text               mc_w.l(semi.o)
    0x000053ec   0x00000024   Code   RO         7072    .text               mc_w.l(llsshr.o)
    0x00005410   0x00000008   Code   RO         7074    .text               mc_w.l(ctype_o.o)
    0x00005418   0x00000012   Code   RO         7096    .text               mc_w.l(isspace_o.o)
    0x0000542a   0x00000042   Code   RO         7110    .text               mc_w.l(memmove.o)
    0x0000546c   0x0000001c   Code   RO         7114    .text               mc_w.l(strcmp.o)
    0x00005488   0x00000156   Code   RO         7128    .text               mc_w.l(_scanf_longlong.o)
    0x000055de   0x00000150   Code   RO         7130    .text               mc_w.l(_scanf_int.o)
    0x0000572e   0x000000da   Code   RO         7132    .text               mc_w.l(_scanf_str.o)
    0x00005808   0x0000033c   Code   RO         7134    .text               mc_w.l(scanf_fp.o)
    0x00005b44   0x00000028   Code   RO         7138    .text               mc_w.l(scanf_char.o)
    0x00005b6c   0x00000040   Code   RO         7140    .text               mc_w.l(_sgetc.o)
    0x00005bac   0x00000000   Code   RO         7142    .text               mc_w.l(iusesemip.o)
    0x00005bac   0x00000008   Code   RO         7143    .text               mc_w.l(cpp_memory.o)
    0x00005bb4   0x000000be   Code   RO         7146    .text               mf_w.l(depilogue.o)
    0x00005c72   0x0000003c   Code   RO         7151    .text               cpprt_w.l(arm_exceptions_mem.o)
    0x00005cae   0x00000002   Code   RO         7154    .text               cpprt_w.l(arm_rethrow_noexceptions.o)
    0x00005cb0   0x0000001c   Code   RO         7167    .text               mc_w.l(_chval.o)
    0x00005ccc   0x0000032c   Code   RO         7169    .text               mc_w.l(_scanf.o)
    0x00005ff8   0x00000018   Code   RO         7173    .text               mf_w.l(dfltul.o)
    0x00006010   0x00000038   Code   RO         7177    .text               mf_w.l(d2f.o)
    0x00006048   0x0000006c   Code   RO         7193    .text               mf_w.l(fepilogue.o)
    0x000060b4   0x0000001c   Code   RO         7195    .text               cpprt_w.l(ARM_vec_cleanup_noexceptions.o)
    0x000060d0   0x0000003a   Code   RO         7214    .text               mc_w.l(__dczerorl.o)
    0x0000610a   0x00000014   Code   RO         6577    i.<Func5>           cpp_ws.l(locale.o)
    0x0000611e   0x00000002   PAD
    0x00006120   0x00000020   Code   RO         6939    i._Z7catgetsPN4__rw8__rw_catEiiPKc  cpp_ws.l(rwcats.o)
    0x00006140   0x00000022   Code   RO         6940    i._Z7catopenPKci    cpp_ws.l(rwcats.o)
    0x00006162   0x0000000a   Code   RO          956    i._ZN10CModelInfo12hold_reg_setE14hold_reg_indext  main.o
    0x0000616c   0x00000058   Code   RO          926    i._ZN10CModelInfo18storage_info_queryE8reg_typeP12storage_info  main.o
    0x000061c4   0x0000000c   Code   RO          968    i._ZN11applicationD1Ev  main.o
    0x000061d0   0x00000006   Code   RO         3809    i._ZN11transceiver7is_doneEv  cpu_uart.o
    0x000061d6   0x00000008   Code   RO         3788    i._ZN11transceiverD1Ev  cpu_uart.o
    0x000061de   0x00000008   Code   RO           37    i._ZN12timer_manageD1Ev  service.o
    0x000061e6   0x00000004   Code   RO         1752    i._ZN15modbus_rtu_info7len_setEi  modbus.o
    0x000061ea   0x00000004   Code   RO         1746    i._ZN15modbus_rtu_info7reg_setEi  modbus.o
    0x000061ee   0x0000000e   Code   RO         3821    i._ZN17transceiver_uart018byte_timer_timeoutEPv  cpu_uart.o
    0x000061fc   0x000000a8   Code   RO         3794    i._ZN17transceiver_uart04initEv  cpu_uart.o
    0x000062a4   0x00000068   Code   RO         3782    i._ZN17transceiver_uart04pushEa  cpu_uart.o
    0x0000630c   0x00000006   Code   RO         3836    i._ZN17transceiver_uart07is_doneEv  cpu_uart.o
    0x00006312   0x00000002   PAD
    0x00006314   0x0000004c   Code   RO         3776    i._ZN17transceiver_uart08transmitEPat  cpu_uart.o
    0x00006360   0x00000010   Code   RO         3815    i._ZN17transceiver_uart0D1Ev  cpu_uart.o
    0x00006370   0x00000006   Code   RO         2122    i._ZN1TC1EPKcj      log.o
    0x00006376   0x00000024   Code   RO         3393    i._ZN3adc10int_enableEj  drv_ad.o
    0x0000639a   0x00000002   PAD
    0x0000639c   0x00000014   Code   RO         3405    i._ZN3adc11typedef_getEj  drv_ad.o
    0x000063b0   0x0000001e   Code   RO         3411    i._ZN3adc2goEjj     drv_ad.o
    0x000063ce   0x0000003c   Code   RO         3399    i._ZN3adc3cpyEj     drv_ad.o
    0x0000640a   0x00000002   PAD
    0x0000640c   0x00000020   Code   RO         3417    i._ZN3adc4initEj    drv_ad.o
    0x0000642c   0x00000008   Code   RO         3423    i._ZN3adcD1Ev       drv_ad.o
    0x00006434   0x0000005c   Code   RO         5793    i._ZN4__rw10__rw_throwEiz  cpp_ws.l(rwstdexcept.o)
    0x00006490   0x00000020   Code   RO         5643    i._ZN4__rw13__rw_allocateEji  cpp_ws.l(rwalloc.o)
    0x000064b0   0x00000058   Code   RO         5794    i._ZN4__rw13__rw_vfmatstrEPcjPKcSt9__va_list  cpp_ws.l(rwstdexcept.o)
    0x00006508   0x00000170   Code   RO         5795    i._ZN4__rw13__rw_vfmatstrEPcjiSt9__va_list  cpp_ws.l(rwstdexcept.o)
    0x00006678   0x00000004   Code   RO         5644    i._ZN4__rw15__rw_deallocateEPvji  cpp_ws.l(rwalloc.o)
    0x0000667c   0x00000002   Code   RO         6533    i._ZN4__rw15__rw_facet_base12_C_initfacetERKSt6locale  cpp_ws.l(char.o)
    0x0000667e   0x00000002   PAD
    0x00006680   0x000000e4   Code   RO         6686    i._ZN4__rw15__rw_locale_impC1EPKcjj  cpp_ws.l(locale.o)
    0x00006764   0x0000001c   Code   RO         6680    i._ZN4__rw15__rw_locale_impD1Ev  cpp_ws.l(locale.o)
    0x00006780   0x0000003a   Code   RO         6578    i._ZN4__rw21__rw_use_c_lib_localeC1EPKci  cpp_ws.l(locale.o)
    0x000067ba   0x00000018   Code   RO         6503    i._ZN4__rw21__rw_use_c_lib_localeD1Ev  cpp_ws.l(char.o)
    0x000067d2   0x00000002   PAD
    0x000067d4   0x00000098   Code   RO         6963    i._ZN4__rw25__rw_throw_exception_noexEiPc  cpp_ws.l(rwthrowproc_impl_noex.o)
    0x0000686c   0x00000030   Code   RO         6943    i._ZN4__rw9__catfindEPNS_8__rw_catE  cpp_ws.l(rwcats.o)
    0x0000689c   0x00000008   Code   RO           43    i._ZN5eventD1Ev     service.o
    0x000068a4   0x0000004c   Code   RO          556    i._ZN5eventaSERKS_  event_loop.o
    0x000068f0   0x00000024   Code   RO          932    i._ZN6Logger10SourceFileC1EPKc  main.o
    0x00006914   0x00000026   Code   RO          920    i._ZN6buffer8retrieveEj  main.o
    0x0000693a   0x00000004   Code   RO          761    i._ZN7channel11set_reventsEi  poller.o
    0x0000693e   0x00000008   Code   RO          767    i._ZN7channel13list_node_getEv  poller.o
    0x00006946   0x00000008   Code   RO         1785    i._ZN8protocol4infoEPKhtP13protocol_info  modbus.o
    0x0000694e   0x00000008   Code   RO         1773    i._ZN8protocol4packEPhS0_t  modbus.o
    0x00006956   0x00000006   Code   RO         1779    i._ZN8protocol6unpackEPht  modbus.o
    0x0000695c   0x00000014   Code   RO         2091    i._ZN9LogStream6appendEPKci  log.o
    0x00006970   0x0000001c   Code   RO         2110    i._ZN9LogStreamlsEPKc  log.o
    0x0000698c   0x00000012   Code   RO         2103    i._ZN9LogStreamlsEc  log.o
    0x0000699e   0x0000000a   Code   RO          944    i._ZNK6buffer13readableBytesEv  main.o
    0x000069a8   0x0000000c   Code   RO          950    i._ZNK6buffer4peekEv  main.o
    0x000069b4   0x00000004   Code   RO         5909    i._ZNKSt14__rw_exception4whatEv  cpp_ws.l(rwstdexcept.o)
    0x000069b8   0x000000dc   Code   RO         6754    i._ZNKSt18__rw_messages_base11_C_cat_openERKSsRKSt6locale  cpp_ws.l(messages.o)
    0x00006a94   0x00000020   Code   RO         6757    i._ZNKSt18__rw_messages_base13_C_get_localeEi  cpp_ws.l(messages.o)
    0x00006ab4   0x00000034   Code   RO         6758    i._ZNKSt18__rw_messages_base14_C_get_messageEiii  cpp_ws.l(messages.o)
    0x00006ae8   0x0000000e   Code   RO         6473    i._ZNKSt5ctypeIcE2isENSt10ctype_base4maskEc  cpp_ws.l(char.o)
    0x00006af6   0x00000002   PAD
    0x00006af8   0x00000104   Code   RO         6583    i._ZNKSt6locale13_C_make_facetERKNS_2idEbiPFPN4__rw15__rw_facet_baseEiPKcjE  cpp_ws.l(locale.o)
    0x00006bfc   0x00000074   Code   RO         6585    i._ZNKSt6locale16_C_install_facetEPN4__rw15__rw_facet_baseERKNS_2idE  cpp_ws.l(locale.o)
    0x00006c70   0x00000030   Code   RO         6586    i._ZNKSt6locale4nameEv  cpp_ws.l(locale.o)
    0x00006ca0   0x0000000c   Code   RO         6449    i._ZNSt11char_traitsIcE4copyEPcPKcj  cpp_ws.l(char.o)
    0x00006cac   0x000000cc   Code   RO         6326    i._ZNSt12ctype_bynameIcE17_C_get_mask_tableEPKc  cpp_ws.l(char.o)
    0x00006d78   0x00000120   Code   RO         6328    i._ZNSt12ctype_bynameIcEC1EPKcj  cpp_ws.l(char.o)
    0x00006e98   0x0000000e   Code   RO         6574    i._ZNSt12ctype_bynameIcED0Ev  cpp_ws.l(char.o)
    0x00006ea6   0x00000002   PAD
    0x00006ea8   0x00000084   Code   RO         5799    i._ZNSt14__rw_exception10_C_vformatEiSt9__va_list  cpp_ws.l(rwstdexcept.o)
    0x00006f2c   0x00000014   Code   RO         5869    i._ZNSt14__rw_exceptionC1Ev  cpp_ws.l(rwstdexcept.o)
    0x00006f40   0x0000001c   Code   RO         5903    i._ZNSt14__rw_exceptionD1Ev  cpp_ws.l(rwstdexcept.o)
    0x00006f5c   0x0000001a   Code   RO         6784    i._ZNSt18__rw_open_cat_dataC1Ev  cpp_ws.l(messages.o)
    0x00006f76   0x0000000c   Code   RO         6781    i._ZNSt18__rw_open_cat_dataD1Ev  cpp_ws.l(messages.o)
    0x00006f82   0x00000012   Code   RO         6787    i._ZNSt18__rw_open_cat_dataaSERKS_  cpp_ws.l(messages.o)
    0x00006f94   0x000000fa   Code   RO         6330    i._ZNSt5ctypeIcE12_C_initfacetERKSt6locale  cpp_ws.l(char.o)
    0x0000708e   0x00000002   PAD
    0x00007090   0x00000118   Code   RO         6332    i._ZNSt5ctypeIcEC1EPKNSt10ctype_base4maskEbj  cpp_ws.l(char.o)
    0x000071a8   0x0000000e   Code   RO         6476    i._ZNSt5ctypeIcED0Ev  cpp_ws.l(char.o)
    0x000071b6   0x00000002   PAD
    0x000071b8   0x00000028   Code   RO         6394    i._ZNSt5ctypeIcED1Ev  cpp_ws.l(char.o)
    0x000071e0   0x00000004   Code   RO         5900    i._ZNSt6locale5facetD0Ev  cpp_ws.l(rwstdexcept.o)
    0x000071e4   0x00000084   Code   RO         6589    i._ZNSt6locale7_C_initEv  cpp_ws.l(locale.o)
    0x00007268   0x00000044   Code   RO         6591    i._ZNSt6locale7classicEv  cpp_ws.l(locale.o)
    0x000072ac   0x00000020   Code   RO         6723    i._ZNSt6localeC1EPN4__rw15__rw_locale_impE  cpp_ws.l(locale.o)
    0x000072cc   0x0000000c   Code   RO         6793    i._ZNSt6localeC1ERKS_  cpp_ws.l(messages.o)
    0x000072d8   0x00000020   Code   RO         5865    i._ZNSt6localeC1Ev  cpp_ws.l(rwstdexcept.o)
    0x000072f8   0x00000020   Code   RO         6702    i._ZNSt6localeD1Ev  cpp_ws.l(locale.o)
    0x00007318   0x00000032   Code   RO         6599    i._ZNSt6localeaSERKS_  cpp_ws.l(locale.o)
    0x0000734a   0x0000000e   Code   RO         5884    i._ZNSt8messagesIcED0Ev  cpp_ws.l(rwstdexcept.o)
    0x00007358   0x0000000e   Code   RO         5848    i._ZNSt8messagesIcED1Ev  cpp_ws.l(rwstdexcept.o)
    0x00007366   0x00000002   PAD
    0x00007368   0x0000000c   Code   RO         6831    i._ZNSt9exceptionC1Ev  cpprt_w.l(exception_ctor.o)
    0x00007374   0x0000003c   Code   RO         6775    i._ZSt13__rw_get_catsv  cpp_ws.l(messages.o)
    0x000073b0   0x00000008   Code   RO         6799    i._ZdaPv            cpprt_w.l(array_del.o)
    0x000073b8   0x00000008   Code   RO         5912    i._ZdlPv            cpprt_w.l(delete.o)
    0x000073c0   0x00000012   Code   RO         2097    i._ZlsR9LogStream1T  log.o
    0x000073d2   0x00000008   Code   RO         6802    i._Znaj             cpprt_w.l(array_new.o)
    0x000073da   0x00000002   PAD
    0x000073dc   0x00000028   Code   RO         6806    i._Znwj             cpprt_w.l(new.o)
    0x00007404   0x0000001c   Code   RO         6286    i.__0fprintf        mc_w.l(printfa.o)
    0x00007420   0x00000028   Code   RO         6288    i.__0snprintf       mc_w.l(printfa.o)
    0x00007448   0x00000024   Code   RO         6292    i.__0vsnprintf      mc_w.l(printfa.o)
    0x0000746c   0x00000092   Code   RO         7182    i.__ARM_array_new_general  cpprt_w.l(array_new_general.o)
    0x000074fe   0x00000032   Code   RO         5918    i.__aeabi_atexit    cpprt_w.l(aeabi_atexit.o)
    0x00007530   0x00000022   Code   RO         5921    i.__aeabi_vec_ctor_nocookie_nodtor  cpprt_w.l(aeabi_vec_ctor_nocookie_nodtor.o)
    0x00007552   0x00000010   Code   RO         7028    i.__aeabi_vec_dtor_cookie  cpprt_w.l(aeabi_vec_dtor_cookie.o)
    0x00007562   0x00000014   Code   RO         7031    i.__aeabi_vec_new_cookie  cpprt_w.l(aeabi_vec_new_cookie.o)
    0x00007576   0x00000042   Code   RO         6828    i.__cxa_finalize    cpprt_w.l(cxa_finalize.o)
    0x000075b8   0x00000010   Code   RO         5927    i.__cxa_guard_acquire  cpprt_w.l(cxa_guard_acquire.o)
    0x000075c8   0x00000006   Code   RO         5915    i.__cxa_pure_virtual  cpprt_w.l(pure_virt.o)
    0x000075ce   0x00000002   PAD
    0x000075d0   0x00000018   Code   RO         7160    i.__cxa_vec_new     cpprt_w.l(cxa_vec_new.o)
    0x000075e8   0x0000000e   Code   RO         7208    i.__scatterload_copy  mc_w.l(handlers.o)
    0x000075f6   0x00000002   Code   RO         7209    i.__scatterload_null  mc_w.l(handlers.o)
    0x000075f8   0x0000000e   Code   RO         7210    i.__scatterload_zeroinit  mc_w.l(handlers.o)
    0x00007606   0x00000002   PAD
    0x00007608   0x00000010   Code   RO         6600    i.__sti___10_locale_cpp  cpp_ws.l(locale.o)
    0x00007618   0x00000038   Code   RO         6944    i.__sti___10_rwcats_cpp  cpp_ws.l(rwcats.o)
    0x00007650   0x00000010   Code   RO         6334    i.__sti___8_char_cpp  cpp_ws.l(char.o)
    0x00007660   0x0000015c   Code   RO         6294    i._fp_digits        mc_w.l(printfa.o)
    0x000077bc   0x0000000e   Code   RO         7136    i._is_digit         mc_w.l(scanf_fp.o)
    0x000077ca   0x00000002   PAD
    0x000077cc   0x000006f0   Code   RO         6295    i._printf_core      mc_w.l(printfa.o)
    0x00007ebc   0x00000026   Code   RO         6296    i._printf_post_padding  mc_w.l(printfa.o)
    0x00007ee2   0x00000030   Code   RO         6297    i._printf_pre_padding  mc_w.l(printfa.o)
    0x00007f12   0x00000016   Code   RO         6298    i._snputc           mc_w.l(printfa.o)
    0x00007f28   0x00000012   Code   RO         6868    i.fputc             mc_w.l(fputc.o)
    0x00007f3a   0x00000002   PAD
    0x00007f3c   0x00000050   Code   RO         6888    i.free              mc_w.l(malloc.o)
    0x00007f8c   0x0000006c   Code   RO         6889    i.malloc            mc_w.l(malloc.o)
    0x00007ff8   0x0000004c   Code   RO         2427    t._Z7convertIiEjPcT_  log_stream.o
    0x00008044   0x00000044   Code   RO         2434    t._Z7convertIjEjPcT_  log_stream.o
    0x00008088   0x0000004c   Code   RO         2441    t._Z7convertIlEjPcT_  log_stream.o
    0x000080d4   0x00000044   Code   RO         2448    t._Z7convertImEjPcT_  log_stream.o
    0x00008118   0x00000078   Code   RO         2455    t._Z7convertIxEjPcT_  log_stream.o
    0x00008190   0x00000064   Code   RO         2462    t._Z7convertIyEjPcT_  log_stream.o
    0x000081f4   0x00000002   Code   RO         2511    t._ZN11FixedBufferILi200EE11cookieStartEv  log_stream.o
    0x000081f6   0x0000000c   Code   RO         2607    t._ZN11FixedBufferILi200EE3addEj  log_stream.o
    0x00008202   0x00000038   Code   RO         2085    t._ZN11FixedBufferILi200EE6appendEPKcj  log.o
    0x0000823a   0x00000008   Code   RO         2613    t._ZN11FixedBufferILi200EE7currentEv  log_stream.o
    0x00008242   0x00000002   Code   RO         2517    t._ZN11FixedBufferILi200EE9cookieEndEv  log_stream.o
    0x00008244   0x00000004   Code   RO         2116    t._ZN11FixedBufferILi200EE9setCookieEPFvvE  log.o
    0x00008248   0x0000001a   Code   RO         2541    t._ZN3FmtC1IiEEPKcT_  log_stream.o
    0x00008262   0x00000002   PAD
    0x00008264   0x00000014   Code   RO         6458    t._ZN4__rw12__string_refIcSt11char_traitsIcESaIcEE10_C_inc_refEv  cpp_ws.l(char.o)
    0x00008278   0x00000046   Code   RO         5875    t._ZN4__rw16__rw_facet_makerISt5ctypeIcEE13_C_maker_funcEiPKcj  cpp_ws.l(rwstdexcept.o)
    0x000082be   0x0000004c   Code   RO         6705    t._ZN4__rw18__rw_locale_vectorIPNS_15__rw_facet_baseEE6resizeEjRKS2_  cpp_ws.l(locale.o)
    0x0000830a   0x0000000e   Code   RO         6717    t._ZN4__rw18__rw_locale_vectorIPNS_15__rw_facet_baseEED1Ev  cpp_ws.l(locale.o)
    0x00008318   0x0000000e   Code   RO         6960    t._ZN4__rw18__rw_locale_vectorIPNS_8__rw_catEED1Ev  cpp_ws.l(rwcats.o)
    0x00008326   0x00000002   PAD
    0x00008328   0x00000014   Code   RO         6720    t._ZN4__rw18__rw_locale_vectorISsED1Ev  cpp_ws.l(locale.o)
    0x0000833c   0x00000014   Code   RO         6790    t._ZN4__rw18__rw_locale_vectorISt18__rw_open_cat_dataED1Ev  cpp_ws.l(messages.o)
    0x00008350   0x00000030   Code   RO         2469    t._ZN9LogStream13formatIntegerIiEEvT_  log_stream.o
    0x00008380   0x00000030   Code   RO         2475    t._ZN9LogStream13formatIntegerIjEEvT_  log_stream.o
    0x000083b0   0x00000030   Code   RO         2481    t._ZN9LogStream13formatIntegerIlEEvT_  log_stream.o
    0x000083e0   0x00000030   Code   RO         2487    t._ZN9LogStream13formatIntegerImEEvT_  log_stream.o
    0x00008410   0x00000036   Code   RO         2493    t._ZN9LogStream13formatIntegerIxEEvT_  log_stream.o
    0x00008446   0x00000036   Code   RO         2499    t._ZN9LogStream13formatIntegerIyEEvT_  log_stream.o
    0x0000847c   0x0000006c   Code   RO          962    t._ZN9singletonI11applicationE8instanceEv  main.o
    0x000084e8   0x00000040   Code   RO          550    t._ZN9singletonI12event_manageE8instanceEv  event_loop.o
    0x00008528   0x00000010   Code   RO         2619    t._ZNK11FixedBufferILi200EE5availEv  log_stream.o
    0x00008538   0x00000090   Code   RO         5842    t._ZNKSt8messagesIcE6do_getEiiiRKSs  cpp_ws.l(rwstdexcept.o)
    0x000085c8   0x00000006   Code   RO         5872    t._ZNKSt8messagesIcE7do_openERKSsRKSt6locale  cpp_ws.l(rwstdexcept.o)
    0x000085ce   0x00000032   Code   RO         6668    t._ZNSs11_C_allocateEjjj  cpp_ws.l(locale.o)
    0x00008600   0x00000018   Code   RO         6714    t._ZNSs7replaceEjjPKcj  cpp_ws.l(locale.o)
    0x00008618   0x00000168   Code   RO         6384    t._ZNSs7replaceEjjPKcjjj  cpp_ws.l(char.o)
    0x00008780   0x00000074   Code   RO         6372    t._ZNSs9_C_getRepEjj  cpp_ws.l(char.o)
    0x000087f4   0x00000048   Code   RO         6381    t._ZNSs9_C_unlinkEv  cpp_ws.l(char.o)
    0x0000883c   0x00000038   Code   RO         6671    t._ZNSsC1EPKcRKSaIcE  cpp_ws.l(locale.o)
    0x00008874   0x00000010   Code   RO         6711    t._ZNSsC1ERKSaIcE   cpp_ws.l(locale.o)
    0x00008884   0x0000003e   Code   RO         6375    t._ZNSsC1ERKSs      cpp_ws.l(char.o)
    0x000088c2   0x0000000c   Code   RO         6467    t._ZNSsD1Ev         cpp_ws.l(char.o)
    0x000088ce   0x00000002   PAD
    0x000088d0   0x00000050   Code   RO         6677    t._ZNSsaSEPKc       cpp_ws.l(locale.o)
    0x00008920   0x0000003e   Code   RO         6674    t._ZNSsaSERKSs      cpp_ws.l(locale.o)
    0x0000895e   0x0000000c   Code   RO         6461    t._ZSt3maxIjERKT_S2_S2_  cpp_ws.l(char.o)
    0x0000896a   0x0000002e   Code   RO         2421    t._ZSt7reverseIPcEvT_S1_  log_stream.o
    0x00008998   0x00000200   Data   RO         1900    .constdata          utils.o
    0x00008b98   0x00000025   Data   RO         2403    .constdata          log_stream.o
    0x00008bbd   0x00000001   PAD
    0x00008bbe   0x00000068   Data   RO         2782    .constdata          timestamp.o
    0x00008c26   0x00000002   PAD
    0x00008c28   0x0000001c   Data   RO         3040    .constdata          drv_interface.o
    0x00008c44   0x0000002c   Data   RO         3205    .constdata          drv_pin.o
    0x00008c70   0x0000002c   Data   RO         3373    .constdata          drv_ad.o
    0x00008c9c   0x0000002c   Data   RO         4242    .constdata          drv_commu.o
    0x00008cc8   0x0000002c   Data   RO         4426    .constdata          drv_storage.o
    0x00008cf4   0x0000002c   Data   RO         4611    .constdata          drv_pwm.o
    0x00008d20   0x0000002c   Data   RO         4778    .constdata          drv_event.o
    0x00008d4c   0x0000002c   Data   RO         4945    .constdata          drv_timer.o
    0x00008d78   0x0000005c   Data   RO         5819    .constdata          cpp_ws.l(rwstdexcept.o)
    0x00008dd4   0x00000200   Data   RO         6354    .constdata          cpp_ws.l(char.o)
    0x00008fd4   0x00000081   Data   RO         7075    .constdata          mc_w.l(ctype_o.o)
    0x00009055   0x00000003   PAD
    0x00009058   0x00000004   Data   RO         7076    .constdata          mc_w.l(ctype_o.o)
    0x0000905c   0x00000018   Data   RO         1643    .constdata__ZTV10device_pin  pin.o
    0x00009074   0x00000018   Data   RO         1833    .constdata__ZTV10device_pwm  pwm.o
    0x0000908c   0x0000001c   Data   RO         3775    .constdata__ZTV11transceiver  cpu_uart.o
    0x000090a8   0x00000018   Data   RO         1671    .constdata__ZTV12device_commu  commu.o
    0x000090c0   0x00000018   Data   RO         1860    .constdata__ZTV12device_event  event.o
    0x000090d8   0x00000018   Data   RO         1887    .constdata__ZTV12device_timer  timer.o
    0x000090f0   0x00000018   Data   RO         1713    .constdata__ZTV14device_storage  storage.o
    0x00009108   0x0000001c   Data   RO         3829    .constdata__ZTV17transceiver_uart0  cpu_uart.o
    0x00009124   0x00000020   Data   RO         1745    .constdata__ZTV19protocol_modbus_rtu  modbus.o
    0x00009144   0x00000018   Data   RO         1427    .constdata__ZTV6device  devices.o
    0x0000915c   0x00000020   Data   RO         1759    .constdata__ZTV8protocol  modbus.o
    0x0000917c   0x00000018   Data   RO         1396    .constdata__ZTV9device_ad  ad.o
    0x00009194   0x00000014   Data   RO         5888    .constdata__ZTVNSt6locale5facetE  cpp_ws.l(rwstdexcept.o)
    0x000091a8   0x00000034   Data   RO         6538    .constdata__ZTVSt12ctype_bynameIcE  cpp_ws.l(char.o)
    0x000091dc   0x00000014   Data   RO         5890    .constdata__ZTVSt14__rw_exception  cpp_ws.l(rwstdexcept.o)
    0x000091f0   0x00000034   Data   RO         6365    .constdata__ZTVSt5ctypeIcE  cpp_ws.l(char.o)
    0x00009224   0x00000020   Data   RO         5832    .constdata__ZTVSt8messagesIcE  cpp_ws.l(rwstdexcept.o)
    0x00009244   0x00000014   Data   RO         6841    .constdata__ZTVSt9exception  cpprt_w.l(exception_dtor.o)
    0x00009258   0x00000030   Data   RO         2066    .conststring        log.o
    0x00009288   0x00000004   Data   RO         3206    .conststring        drv_pin.o
    0x0000928c   0x00000003   Data   RO         3374    .conststring        drv_ad.o
    0x0000928f   0x00000006   Data   RO         4243    .conststring        drv_commu.o
    0x00009295   0x00000008   Data   RO         4427    .conststring        drv_storage.o
    0x0000929d   0x00000004   Data   RO         4612    .conststring        drv_pwm.o
    0x000092a1   0x00000006   Data   RO         4779    .conststring        drv_event.o
    0x000092a7   0x00000006   Data   RO         4946    .conststring        drv_timer.o
    0x000092ad   0x00000250   Data   RO         5820    .conststring        cpp_ws.l(rwstdexcept.o)
    0x000094fd   0x00000003   PAD
    0x00009500   0x00000020   Data   RO         7207    Region$$Table       anon$$obj.o
    0x00009520   0x00000004   Data   RO           20    .init_array         service.o
    0x00009524   0x00000004   Data   RO          535    .init_array         event_loop.o
    0x00009528   0x00000004   Data   RO          745    .init_array         poller.o
    0x0000952c   0x00000004   Data   RO          838    .init_array         timer_queue.o
    0x00009530   0x00000004   Data   RO         1727    .init_array         modbus.o
    0x00009534   0x00000004   Data   RO         2068    .init_array         log.o
    0x00009538   0x00000004   Data   RO         3376    .init_array         drv_ad.o
    0x0000953c   0x00000004   Data   RO         3756    .init_array         cpu_uart.o
    0x00009540   0x00000004   Data   RO         6356    .init_array         cpp_ws.l(char.o)
    0x00009544   0x00000004   Data   RO         6649    .init_array         cpp_ws.l(locale.o)
    0x00009548   0x00000004   Data   RO         6954    .init_array         cpp_ws.l(rwcats.o)


    Execution Region RW_IRAM1 (Base: 0x20000000, Size: 0x000018f8, Max: 0x00002000, ABSOLUTE, COMPRESSED[0x00000060])

    Base Addr    Size         Type   Attr      Idx    E Section Name        Object

    0x20000000   0x00000004   Data   RW          534    .data               event_loop.o
    0x20000004   0x00000008   Data   RW          837    .data               timer_queue.o
    0x2000000c   0x00000014   Data   RW          905    .data               main.o
    0x20000020   0x0000002d   Data   RW         2067    .data               log.o
    0x2000004d   0x00000003   PAD
    0x20000050   0x00000004   Data   RW         2404    .data               log_stream.o
    0x20000054   0x00000004   Data   RW         2783    .data               timestamp.o
    0x20000058   0x0000000c   Data   RW         2927    .data               hal.o
    0x20000064   0x00000014   Data   RW         3207    .data               drv_pin.o
    0x20000078   0x00000014   Data   RW         3375    .data               drv_ad.o
    0x2000008c   0x00000001   Data   RW         3755    .data               cpu_uart.o
    0x2000008d   0x00000003   PAD
    0x20000090   0x0000000c   Data   RW         4132    .data               cpu_interrupt.o
    0x2000009c   0x00000004   Data   RW         4186    .data               cpu_tick.o
    0x200000a0   0x00000014   Data   RW         4244    .data               drv_commu.o
    0x200000b4   0x0000001c   Data   RW         4428    .data               drv_storage.o
    0x200000d0   0x00000014   Data   RW         4613    .data               drv_pwm.o
    0x200000e4   0x00000018   Data   RW         4780    .data               drv_event.o
    0x200000fc   0x00000018   Data   RW         4947    .data               drv_timer.o
    0x20000114   0x00000017   Data   RW         5821    .data               cpp_ws.l(rwstdexcept.o)
    0x2000012b   0x00000001   PAD
    0x2000012c   0x00000008   Data   RW         6355    .data               cpp_ws.l(char.o)
    0x20000134   0x0000001c   Data   RW         6648    .data               cpp_ws.l(locale.o)
    0x20000150   0x00000004   Data   RW         6798    .data               cpp_ws.l(rwthrowproc_noex.o)
    0x20000154   0x00000004   Data   RW         6871    .data               mc_w.l(stderr.o)
    0x20000158   0x00000004   Data   RW         6920    .data               mc_w.l(cpp_dtor.o)
    0x2000015c   0x00000008   Data   RW         6927    .data               mc_w.l(cpp_unwinder.o)
    0x20000164   0x00000008   Data   RW         6953    .data               cpp_ws.l(rwcats.o)
    0x2000016c   0x00000004   Data   RW         7126    .data               mc_w.l(mvars.o)
    0x20000170   0x00000004   Data   RW         7127    .data               mc_w.l(mvars.o)
    0x20000174   0x00000004   Data   RW         7144    .data               mc_w.l(cpp_memory.o)
    0x20000178   0x00000004   Data   RW          974    .data__ZZN9singletonI11applicationE8instanceEvE1t  main.o
    0x2000017c   0x00000004   Data   RW          562    .data__ZZN9singletonI12event_manageE8instanceEvE1t  event_loop.o
    0x20000180   0x00000004   Data   RW         6747    .data__ZZNKSt6locale2id7_C_initEvE9_C_id_gen  cpp_ws.l(locale.o)
    0x20000184   0x0000000c   Data   RW         6796    .data__ZZSt13__rw_get_catsvE11__open_cats  cpp_ws.l(messages.o)
    0x20000190   0x00000120   Zero   RW           18    .bss                service.o
    0x200002b0   0x00000050   Zero   RW          533    .bss                event_loop.o
    0x20000300   0x0000000c   Zero   RW          744    .bss                poller.o
    0x2000030c   0x00000064   Zero   RW          836    .bss                timer_queue.o
    0x20000370   0x000000c4   Zero   RW          904    .bss                main.o
    0x20000434   0x00000030   Zero   RW         1726    .bss                modbus.o
    0x20000464   0x00000020   Zero   RW         2065    .bss                log.o
    0x20000484   0x00000045   Zero   RW         2781    .bss                timestamp.o
    0x200004c9   0x00000003   PAD
    0x200004cc   0x00000018   Zero   RW         3372    .bss                drv_ad.o
    0x200004e4   0x00000204   Zero   RW         3754    .bss                cpu_uart.o
    0x200006e8   0x00000010   Zero   RW         4043    .bss                cpu_iic.o
    0x200006f8   0x00000108   PAD
    0x20000800   0x00000200   Zero   RW         5343    .bss                dmalib.o
    0x20000a00   0x00000018   Zero   RW         5818    .bss                cpp_ws.l(rwstdexcept.o)
    0x20000a18   0x00000010   Zero   RW         7027    .bss__ZNSs9__nullrefE  cpp_ws.l(vendor.o)
    0x20000a28   0x00000294   Zero   RW          975    .bss__ZZN9singletonI11applicationE8instanceEvE1t  main.o
    0x20000cbc   0x0000013c   Zero   RW          563    .bss__ZZN9singletonI12event_manageE8instanceEvE1t  event_loop.o
    0x20000df8   0x00000200   Zero   RW            2    HEAP                startup_aducm360.o
    0x20000ff8   0x00000900   Zero   RW            1    STACK               startup_aducm360.o


==============================================================================

Image component sizes


      Code (inc. data)   RO Data    RW Data    ZI Data      Debug   Object Name

       136          6         24          0          0       2772   ad.o
       600         36          0          0          0       4086   adclib.o
       146          0          0          0          0       3632   bsp_startup.o
       208          0          0          0          0      27739   channel.o
       120         10          0          0          0       1539   clklib.o
       448          6         24          0          0       8748   commu.o
        32          6          0          0          0     212542   cpu_gpio.o
       760         32          0          0         16      25136   cpu_iic.o
       164         22          0         12          0      24507   cpu_interrupt.o
       168         22          0          4          0      23917   cpu_tick.o
      1230        102         60          1        516     256867   cpu_uart.o
       804         54         24          0          0      23023   devices.o
       272          0          0          0          0     216305   diolib.o
      1888         60          0          0        512       6858   dmalib.o
       670         42         51         20         24     250452   drv_ad.o
       216          4         50         20          0      14953   drv_commu.o
        88          8         50         24          0      13801   drv_event.o
        36          4         28          0          0      12694   drv_interface.o
        44          4         48         20          0      13435   drv_pin.o
       664         36         48         20          0     226021   drv_pwm.o
       404         14         52         28          0      16184   drv_storage.o
        88          8         50         24          0      13801   drv_timer.o
        68          6         24          0          0       1144   event.o
       752         50          4          8        396      33302   event_loop.o
       708          8          0         12          0      17782   hal.o
       452         18          0          0          0       3262   i2clib.o
        56          4          0          0          0        778   iexclib.o
       978        110         52         45         32      35819   log.o
      1260         46         37          4          0      41497   log_stream.o
      1606        164          0         24        856      69158   main.o
      1102         34         68          0         48      13526   modbus.o
       112          4         24          0          0       1484   pin.o
       308          8          4          0         12      22837   poller.o
         0          0          0          0          0      11669   protocol.o
        68          6         24          0          0       1124   pwm.o
       300          8          0          0          0       2109   pwmlib.o
      1676         36          4          0        288      26843   service.o
        32          6        224          0       2816        780   startup_aducm360.o
        68          6         24          0          0       1160   storage.o
        68          6         24          0          0       1140   timer.o
       344         46          4          8        100      19998   timer_queue.o
      1220         76        104          4         69      18868   timestamp.o
       268         20          0          0          0       2586   urtlib.o
       964         90        512          0          0       7770   utils.o
       120         12          0          0          0       1341   wdtlib.o
         0          0          0          0          0     212960   wutlib.o

    ----------------------------------------------------------------------
     21726       1240       1677        284       5952    1947949   Object Totals
         0          0         32          0          0          0   (incl. Generated)
        10          0          3          6        267          0   (incl. Padding)

    ----------------------------------------------------------------------

      Code (inc. data)   RO Data    RW Data    ZI Data      Debug   Library Member Name

      1812         74        620          8          0       1476   char.o
      1486         78          4         32          0       1764   locale.o
       452         30          0         12          0        708   messages.o
        36          0          0          0          0        144   rwalloc.o
       184         24          4          8          0        396   rwcats.o
      1016         70        756         23         24       1128   rwstdexcept.o
       152         94          0          0          0         72   rwthrowproc_impl_noex.o
         0          0          0          4          0          0   rwthrowproc_noex.o
         0          0          0          0         16          0   vendor.o
        28          0          0          0          0         84   ARM_vec_cleanup_noexceptions.o
        50          0          0          0          0         84   aeabi_atexit.o
        34          0          0          0          0         84   aeabi_vec_ctor_nocookie_nodtor.o
        14          0          0          0          0         80   aeabi_vec_delete_noexceptions.o
        16          0          0          0          0         68   aeabi_vec_dtor_cookie.o
        34          0          0          0          0         84   aeabi_vec_dtor_noexceptions.o
        20          0          0          0          0         80   aeabi_vec_new_cookie.o
        80         12          0          0          0        104   arm_exceptions_globs.o
        60          0          0          0          0        108   arm_exceptions_mem.o
        26          0          0          0          0         76   arm_exceptions_terminate.o
         4          0          0          0          0         68   arm_newhandler_noexceptions.o
         2          0          0          0          0         68   arm_rethrow_noexceptions.o
         8          0          0          0          0         76   array_del.o
         8          0          0          0          0         76   array_new.o
       146          0          0          0          0         96   array_new_general.o
        66          0          0          0          0         84   cxa_finalize.o
        16          0          0          0          0         68   cxa_guard_acquire.o
        24          6          0          0          0         84   cxa_vec_new.o
         8          0          0          0          0         76   delete.o
        12          6          0          0          0         68   exception_ctor.o
         0          0         20          0          0          0   exception_dtor.o
        40          6          0          0          0         76   new.o
         6          0          0          0          0         68   pure_virt.o
        58          0          0          0          0          0   __dczerorl.o
        28          0          0          0          0         68   _chval.o
       812          6          0          0          0        112   _scanf.o
       336          0          0          0          0         92   _scanf_int.o
       342          0          0          0          0         96   _scanf_longlong.o
       218          0          0          0          0         92   _scanf_str.o
        64          0          0          0          0         84   _sgetc.o
         8          4          0          4          0         68   cpp_dtor.o
         2          0          0          0          0         68   cpp_final.o
        32         10          0          0          0         80   cpp_init.o
         8          4          0          4          0         68   cpp_memory.o
         2          0          0          0          0         68   cpp_signal.o
        32          6          0          8          0        252   cpp_unwinder.o
         8          4        133          0          0         68   ctype_o.o
         0          0          0          0          0          0   entry.o
         0          0          0          0          0          0   entry10a.o
         0          0          0          0          0          0   entry11a.o
         8          4          0          0          0          0   entry2.o
         4          0          0          0          0          0   entry5.o
         0          0          0          0          0          0   entry7b.o
         4          0          0          0          0          0   entry8a.o
         0          0          0          0          0          0   entry8b.o
         8          4          0          0          0          0   entry9a.o
        18          0          0          0          0         80   fputc.o
        30          0          0          0          0          0   handlers.o
        36          8          0          0          0         68   init.o
        18          0          0          0          0         76   isspace_o.o
         0          0          0          0          0          0   iusefp.o
         0          0          0          0          0          0   iusesemip.o
        90          0          0          0          0         84   ldiv.o
        30          0          0          0          0         68   llshl.o
        36          0          0          0          0         68   llsshr.o
        32          0          0          0          0         68   llushr.o
       188         20          0          0          0        160   malloc.o
        36          0          0          0          0         68   memcpya.o
        66          0          0          0          0         76   memmove.o
        36          0          0          0          0        108   memseta.o
         0          0          0          8          0          0   mvars.o
      2336         94          0          0          0        676   printfa.o
        40          8          0          0          0         84   scanf_char.o
       842         12          0          0          0        212   scanf_fp.o
         0          0          0          0          0          0   semi.o
        56          8          0          0          0         84   sscanf.o
         0          0          0          4          0          0   stderr.o
        24          0          0          0          0         68   strcat.o
        28          0          0          0          0         76   strcmp.o
        18          0          0          0          0         68   strcpy.o
        14          0          0          0          0         68   strlen.o
        30          0          0          0          0         80   strncmp.o
        32          0          0          0          0         68   strrchr.o
        44          0          0          0          0         80   uidiv.o
        98          0          0          0          0         92   uldiv.o
        40          2          0          0          0         68   cdrcmple.o
        56          0          0          0          0         88   d2f.o
       334          0          0          0          0        144   dadd.o
       222          0          0          0          0        100   ddiv.o
       190          0          0          0          0        176   depilogue.o
        48          0          0          0          0         68   dfixul.o
        24          0          0          0          0         76   dfltul.o
       228          0          0          0          0         92   dmul.o
       108          0          0          0          0        168   fepilogue.o

    ----------------------------------------------------------------------
     13274        594       1543        116         40      12224   Library Totals
        32          0          6          1          0          0   (incl. Padding)

    ----------------------------------------------------------------------

      Code (inc. data)   RO Data    RW Data    ZI Data      Debug   Library Name

      5138        370       1384         87         40       5688   cpp_ws.l
       702         30         20          0          0       1760   cpprt_w.l
      6152        192        133         28          0       3796   mc_w.l
      1250          2          0          0          0        980   mf_w.l

    ----------------------------------------------------------------------
     13274        594       1543        116         40      12224   Library Totals

    ----------------------------------------------------------------------

==============================================================================


      Code (inc. data)   RO Data    RW Data    ZI Data      Debug   

     35000       1834       3220        400       5992    1945197   Grand Totals
     35000       1834       3220         96       5992    1945197   ELF Image Totals (compressed)
     35000       1834       3220         96          0          0   ROM Totals

==============================================================================

    Total RO  Size (Code + RO Data)                38220 (  37.32kB)
    Total RW  Size (RW Data + ZI Data)              6392 (   6.24kB)
    Total ROM Size (Code + RO Data + RW Data)      38316 (  37.42kB)

==============================================================================

